[ Info: PERFORMANCE ESTIMATION
[ Info: Maximizing the performance measure performance
[ Info: Algorithmic objects
[ Info:  ⋅ Variables
[ Info:    ⋅ 26 variables in Rⁿ
[ Info:    ⋅ 676 variables in R
[ Info:  ⋅ Constraints
[ Info:    ⋅ 12 Semidefinite
[ Info:    ⋅ 25 Positive
[ Info:  ⋅ Oracles
[ Info:    ⋅ 26 LinearFunctional{Rⁿ}
[ Info:    ⋅ 1 Map{Rⁿ, Rⁿ}
[ Info: Setting up the optimization problem
[ Info:   ✓ variables
[ Info:   ✓ objective
[ Info:   ✓ constraints
[ Info: Termination status: OPTIMAL
[ Info: Assigning values to original variables
┌ Warning: Gram matrix is not positive semidefinite; eigenvalues are [-5.047560392690338e-6, -1.9834730806157983e-7, -1.4546532815950873e-7, -6.291482135219865e-8, -3.312865861746758e-8, -2.2500300738271206e-8, -1.741547219233929e-8, 3.941932143970051e-10, 2.685390494649437e-6, 1.7993911805339445e-5, 0.0015423961755950061, 0.0023598720159833664, 0.002949835933429293, 0.0042034949640134866, 0.005397664300545707, 0.006467993918802712, 0.007497194225850125, 0.008716190238750754, 0.010546452618145382, 0.0109708398317885, 0.012607024321722024, 0.014867237014401423, 0.016605100125965534, 0.022404762746113683, 0.024631986025400284, 0.4472507929325976].
└ @ AlgorithmAnalysis S:\Research Material\CSE\MU\Project\1Code\AlgorithmAnalysis.jl\1CPU\src\interpolation.jl:303
┌ Warning: Gram matrix is not positive semidefinite; eigenvalues are [-5.04756039269167e-6, -1.983473080610284e-7, -1.4546532817008807e-7, -6.291482135199107e-8, -3.3128658617301904e-8, -2.250030073818387e-8, -1.741547219213904e-8, 3.94193213387656e-10, 2.6853904946503224e-6, 1.799391180533928e-5, 0.0015423961755950024, 0.0023598720159833672, 0.002949835933429287, 0.004203494964013485, 0.005397664300545703, 0.006467993918802705, 0.007497194225850127, 0.008716190238750745, 0.010546452618145392, 0.010970839831788518, 0.012607024321722065, 0.014867237014401433, 0.016605100125965493, 0.02240476274611367, 0.024631986025400236, 0.4472507929325972].
└ @ AlgorithmAnalysis S:\Research Material\CSE\MU\Project\1Code\AlgorithmAnalysis.jl\1CPU\src\interpolation.jl:303
┌ Warning: Gram matrix is not positive semidefinite; eigenvalues are [-5.0475603926921336e-6, -1.9834730806185273e-7, -1.4546532816213122e-7, -6.291482135224372e-8, -3.3128658617836256e-8, -2.2500300738244644e-8, -1.7415472192832396e-8, 3.941932141880657e-10, 2.685390494649166e-6, 1.7993911805341248e-5, 0.0015423961755950057, 0.002359872015983368, 0.0029498359334292914, 0.004203494964013483, 0.005397664300545707, 0.006467993918802709, 0.00749719422585011, 0.008716190238750754, 0.010546452618145387, 0.010970839831788527, 0.01260702432172204, 0.014867237014401418, 0.016605100125965586, 0.022404762746113676, 0.02463198602540031, 0.4472507929325976].
└ @ AlgorithmAnalysis S:\Research Material\CSE\MU\Project\1Code\AlgorithmAnalysis.jl\1CPU\src\interpolation.jl:303
┌ Warning: Gram matrix is not positive semidefinite; eigenvalues are [-5.047560392692751e-6, -1.9834730806193034e-7, -1.4546532816264664e-7, -6.291482135155763e-8, -3.312865861725582e-8, -2.250030073824992e-8, -1.741547219220263e-8, 3.941932140168596e-10, 2.6853904946522736e-6, 1.7993911805342904e-5, 0.0015423961755950068, 0.002359872015983363, 0.0029498359334292875, 0.004203494964013491, 0.005397664300545715, 0.00646799391880271, 0.007497194225850118, 0.00871619023875077, 0.010546452618145378, 0.010970839831788527, 0.012607024321722013, 0.014867237014401428, 0.01660510012596561, 0.02240476274611369, 0.02463198602540021, 0.44725079293259756].
└ @ AlgorithmAnalysis S:\Research Material\CSE\MU\Project\1Code\AlgorithmAnalysis.jl\1CPU\src\interpolation.jl:303
┌ Warning: Gram matrix is not positive semidefinite; eigenvalues are [-5.04756039269204e-6, -1.9834730806121772e-7, -1.4546532816170294e-7, -6.291482135190833e-8, -3.3128658617779214e-8, -2.2500300737960626e-8, -1.7415472192276607e-8, 3.9419321402533935e-10, 2.685390494650829e-6, 1.799391180533924e-5, 0.0015423961755950044, 0.002359872015983369, 0.002949835933429287, 0.004203494964013489, 0.005397664300545716, 0.00646799391880271, 0.007497194225850137, 0.008716190238750768, 0.010546452618145402, 0.010970839831788527, 0.012607024321722055, 0.014867237014401333, 0.016605100125965555, 0.022404762746113763, 0.024631986025400288, 0.44725079293259684].
└ @ AlgorithmAnalysis S:\Research Material\CSE\MU\Project\1Code\AlgorithmAnalysis.jl\1CPU\src\interpolation.jl:303
┌ Warning: Gram matrix is not positive semidefinite; eigenvalues are [-5.04756039269403e-6, -1.9834730806165198e-7, -1.4546532816606302e-7, -6.291482135217869e-8, -3.312865861763302e-8, -2.2500300738313776e-8, -1.741547219288032e-8, 3.941932137025672e-10, 2.685390494653059e-6, 1.7993911805329762e-5, 0.0015423961755950061, 0.0023598720159833677, 0.0029498359334292914, 0.0042034949640134866, 0.005397664300545712, 0.006467993918802709, 0.007497194225850131, 0.008716190238750773, 0.010546452618145375, 0.01097083983178853, 0.01260702432172203, 0.014867237014401426, 0.01660510012596561, 0.022404762746113693, 0.024631986025400225, 0.4472507929325975].
└ @ AlgorithmAnalysis S:\Research Material\CSE\MU\Project\1Code\AlgorithmAnalysis.jl\1CPU\src\interpolation.jl:303
┌ Warning: Gram matrix is not positive semidefinite; eigenvalues are [-5.0475603926924436e-6, -1.9834730806192097e-7, -1.45465328161065e-7, -6.291482135144888e-8, -3.312865861809879e-8, -2.2500300737962952e-8, -1.7415472192501534e-8, 3.9419321446939e-10, 2.685390494650255e-6, 1.7993911805341238e-5, 0.0015423961755950061, 0.0023598720159833664, 0.002949835933429291, 0.004203494964013486, 0.005397664300545717, 0.0064679939188027145, 0.007497194225850132, 0.008716190238750742, 0.010546452618145385, 0.010970839831788549, 0.012607024321722038, 0.014867237014401442, 0.016605100125965572, 0.02240476274611369, 0.024631986025400267, 0.44725079293259773].
└ @ AlgorithmAnalysis S:\Research Material\CSE\MU\Project\1Code\AlgorithmAnalysis.jl\1CPU\src\interpolation.jl:303
┌ Warning: Gram matrix is not positive semidefinite; eigenvalues are [-5.047560392692074e-6, -1.9834730806089013e-7, -1.4546532816190247e-7, -6.291482135224931e-8, -3.3128658617676385e-8, -2.250030073859907e-8, -1.7415472191999508e-8, 3.9419321435140196e-10, 2.6853904946502665e-6, 1.7993911805339933e-5, 0.0015423961755950055, 0.002359872015983369, 0.002949835933429294, 0.00420349496401349, 0.005397664300545708, 0.006467993918802717, 0.007497194225850131, 0.008716190238750754, 0.010546452618145376, 0.010970839831788521, 0.01260702432172203, 0.0148672370144014, 0.016605100125965545, 0.02240476274611372, 0.024631986025400256, 0.4472507929325975].
└ @ AlgorithmAnalysis S:\Research Material\CSE\MU\Project\1Code\AlgorithmAnalysis.jl\1CPU\src\interpolation.jl:303
┌ Warning: Gram matrix is not positive semidefinite; eigenvalues are [-5.047560392691336e-6, -1.983473080614388e-7, -1.454653281635141e-7, -6.291482135200662e-8, -3.312865861780407e-8, -2.2500300738038256e-8, -1.7415472192500978e-8, 3.9419321357769423e-10, 2.6853904946469635e-6, 1.7993911805341597e-5, 0.0015423961755950044, 0.0023598720159833677, 0.0029498359334292883, 0.004203494964013484, 0.005397664300545703, 0.006467993918802696, 0.007497194225850123, 0.008716190238750747, 0.010546452618145385, 0.010970839831788523, 0.012607024321722032, 0.014867237014401409, 0.016605100125965565, 0.022404762746113693, 0.024631986025400225, 0.44725079293259784].
└ @ AlgorithmAnalysis S:\Research Material\CSE\MU\Project\1Code\AlgorithmAnalysis.jl\1CPU\src\interpolation.jl:303
┌ Warning: Gram matrix is not positive semidefinite; eigenvalues are [-5.04756039269437e-6, -1.9834730806208667e-7, -1.4546532815686932e-7, -6.29148213527186e-8, -3.3128658618004e-8, -2.250030073797534e-8, -1.7415472192303547e-8, 3.941932141926545e-10, 2.6853904946502966e-6, 1.7993911805343853e-5, 0.001542396175595008, 0.0023598720159833655, 0.0029498359334292914, 0.004203494964013492, 0.0053976643005457115, 0.006467993918802711, 0.007497194225850123, 0.008716190238750775, 0.010546452618145376, 0.010970839831788539, 0.012607024321722032, 0.014867237014401402, 0.01660510012596551, 0.022404762746113728, 0.024631986025400284, 0.44725079293259734].
└ @ AlgorithmAnalysis S:\Research Material\CSE\MU\Project\1Code\AlgorithmAnalysis.jl\1CPU\src\interpolation.jl:303
┌ Warning: Interpolating oracle not implemented for ∇f
└ @ AlgorithmAnalysis S:\Research Material\CSE\MU\Project\1Code\AlgorithmAnalysis.jl\1CPU\src\interpolation.jl:293
┌ Warning: Gram matrix is not positive semidefinite; eigenvalues are [-5.04756039269214e-6, -1.9834730806153075e-7, -1.4546532816341352e-7, -6.291482135259318e-8, -3.3128658617723826e-8, -2.250030073798588e-8, -1.741547219216673e-8, 3.941932145940383e-10, 2.6853904946505075e-6, 1.7993911805339354e-5, 0.0015423961755950065, 0.002359872015983361, 0.0029498359334292905, 0.004203494964013489, 0.005397664300545722, 0.006467993918802715, 0.007497194225850121, 0.008716190238750763, 0.0105464526181454, 0.010970839831788481, 0.01260702432172203, 0.014867237014401385, 0.01660510012596553, 0.022404762746113697, 0.024631986025400295, 0.4472507929325974].
└ @ AlgorithmAnalysis S:\Research Material\CSE\MU\Project\1Code\AlgorithmAnalysis.jl\1CPU\src\interpolation.jl:303
┌ Warning: Gram matrix is not positive semidefinite; eigenvalues are [-5.0475603926946586e-6, -1.9834730806094995e-7, -1.4546532816404393e-7, -6.291482135197443e-8, -3.312865861751913e-8, -2.2500300738284934e-8, -1.741547219244868e-8, 3.9419320586150537e-10, 2.6853904946501306e-6, 1.799391180534243e-5, 0.0015423961755949929, 0.0023598720159833672, 0.00294983593342929, 0.004203494964013484, 0.005397664300545717, 0.006467993918802719, 0.007497194225850127, 0.00871619023875074, 0.010546452618145389, 0.010970839831788532, 0.012607024321722022, 0.01486723701440142, 0.016605100125965576, 0.022404762746113725, 0.024631986025400298, 0.4472507929325975].
└ @ AlgorithmAnalysis S:\Research Material\CSE\MU\Project\1Code\AlgorithmAnalysis.jl\1CPU\src\interpolation.jl:303
┌ Warning: Gram matrix is not positive semidefinite; eigenvalues are [-5.047560392691858e-6, -1.9834730806139867e-7, -1.4546532816610188e-7, -6.29148213518793e-8, -3.31286586175477e-8, -2.2500300738170148e-8, -1.7415472192379588e-8, 3.9419321498850163e-10, 2.6853904946498506e-6, 1.7993911805341858e-5, 0.0015423961755950076, 0.0023598720159833685, 0.00294983593342929, 0.004203494964013489, 0.005397664300545694, 0.006467993918802707, 0.007497194225850113, 0.008716190238750776, 0.010546452618145364, 0.01097083983178853, 0.012607024321722072, 0.01486723701440142, 0.016605100125965527, 0.022404762746113735, 0.024631986025400295, 0.44725079293259784].
└ @ AlgorithmAnalysis S:\Research Material\CSE\MU\Project\1Code\AlgorithmAnalysis.jl\1CPU\src\interpolation.jl:303
┌ Warning: Gram matrix is not positive semidefinite; eigenvalues are [-5.047560392687252e-6, -1.9834730806194733e-7, -1.4546532816077052e-7, -6.291482135247021e-8, -3.31286586172033e-8, -2.2500300737955e-8, -1.7415472192363448e-8, 3.941932139279777e-10, 2.6853904946460953e-6, 1.7993911805335142e-5, 0.001542396175595006, 0.0023598720159833646, 0.0029498359334292927, 0.004203494964013486, 0.005397664300545718, 0.0064679939188027145, 0.007497194225850116, 0.008716190238750756, 0.010546452618145383, 0.010970839831788518, 0.012607024321722029, 0.014867237014401388, 0.016605100125965534, 0.022404762746113777, 0.02463198602540027, 0.4472507929325975].
└ @ AlgorithmAnalysis S:\Research Material\CSE\MU\Project\1Code\AlgorithmAnalysis.jl\1CPU\src\interpolation.jl:303
┌ Warning: Gram matrix is not positive semidefinite; eigenvalues are [-5.047560392692346e-6, -1.983473080614045e-7, -1.4546532816426826e-7, -6.291482135188327e-8, -3.312865861762577e-8, -2.2500300738116583e-8, -1.7415472192163528e-8, 3.941932144439683e-10, 2.6853904946498947e-6, 1.7993911805339913e-5, 0.00154239617559501, 0.0023598720159833694, 0.002949835933429292, 0.004203494964013487, 0.005397664300545717, 0.006467993918802721, 0.00749719422585014, 0.00871619023875078, 0.010546452618145392, 0.0109708398317885, 0.012607024321722018, 0.014867237014401423, 0.016605100125965496, 0.02240476274611367, 0.02463198602540034, 0.44725079293259773].
└ @ AlgorithmAnalysis S:\Research Material\CSE\MU\Project\1Code\AlgorithmAnalysis.jl\1CPU\src\interpolation.jl:303
┌ Warning: Gram matrix is not positive semidefinite; eigenvalues are [-5.047560392692537e-6, -1.9834730806130597e-7, -1.4546532815999376e-7, -6.291482135213901e-8, -3.3128658617389155e-8, -2.250030073797278e-8, -1.7415472192163727e-8, 3.941932142991104e-10, 2.6853904946535746e-6, 1.799391180533877e-5, 0.0015423961755950018, 0.002359872015983366, 0.002949835933429288, 0.004203494964013489, 0.005397664300545707, 0.006467993918802718, 0.007497194225850136, 0.008716190238750778, 0.01054645261814537, 0.010970839831788514, 0.012607024321722064, 0.01486723701440144, 0.016605100125965583, 0.022404762746113683, 0.024631986025400253, 0.44725079293259756].
└ @ AlgorithmAnalysis S:\Research Material\CSE\MU\Project\1Code\AlgorithmAnalysis.jl\1CPU\src\interpolation.jl:303
┌ Warning: Gram matrix is not positive semidefinite; eigenvalues are [-5.047560392695278e-6, -1.983473080604542e-7, -1.4546532818386656e-7, -6.291482135168488e-8, -3.3128658618862364e-8, -2.2500300738475957e-8, -1.741547219325342e-8, 3.9419321365151095e-10, 2.6853904946502305e-6, 1.799391180534015e-5, 0.0015423961755950046, 0.002359872015983361, 0.0029498359334292905, 0.00420349496401349, 0.005397664300545715, 0.006467993918802713, 0.007497194225850121, 0.008716190238750764, 0.010546452618145368, 0.010970839831788528, 0.012607024321722029, 0.014867237014401435, 0.016605100125965576, 0.02240476274611375, 0.024631986025400305, 0.4472507929325976].
└ @ AlgorithmAnalysis S:\Research Material\CSE\MU\Project\1Code\AlgorithmAnalysis.jl\1CPU\src\interpolation.jl:303
┌ Warning: Gram matrix is not positive semidefinite; eigenvalues are [-5.047560392694231e-6, -1.9834730806072766e-7, -1.4546532816430617e-7, -6.291482135212354e-8, -3.312865861738996e-8, -2.250030073816105e-8, -1.7415472192254138e-8, 3.9419321467624524e-10, 2.6853904946502064e-6, 1.7993911805341617e-5, 0.001542396175595006, 0.0023598720159833685, 0.0029498359334292905, 0.004203494964013495, 0.005397664300545724, 0.006467993918802714, 0.007497194225850126, 0.008716190238750794, 0.010546452618145383, 0.01097083983178852, 0.01260702432172207, 0.014867237014401414, 0.01660510012596558, 0.0224047627461137, 0.02463198602540024, 0.4472507929325976].
└ @ AlgorithmAnalysis S:\Research Material\CSE\MU\Project\1Code\AlgorithmAnalysis.jl\1CPU\src\interpolation.jl:303
┌ Warning: Gram matrix is not positive semidefinite; eigenvalues are [-5.047560392694725e-6, -1.9834730806034173e-7, -1.4546532816454445e-7, -6.291482135163541e-8, -3.312865861714148e-8, -2.250030073732514e-8, -1.741547219230227e-8, 3.9419321407294334e-10, 2.6853904946436974e-6, 1.799391180532517e-5, 0.0015423961755950033, 0.002359872015983363, 0.0029498359334292853, 0.004203494964013497, 0.005397664300545714, 0.006467993918802716, 0.007497194225850125, 0.008716190238750773, 0.010546452618145371, 0.010970839831788532, 0.012607024321722058, 0.014867237014401435, 0.016605100125965534, 0.02240476274611367, 0.024631986025400215, 0.4472507929325979].
└ @ AlgorithmAnalysis S:\Research Material\CSE\MU\Project\1Code\AlgorithmAnalysis.jl\1CPU\src\interpolation.jl:303
┌ Warning: Gram matrix is not positive semidefinite; eigenvalues are [-5.047560392690807e-6, -1.983473080618926e-7, -1.4546532816200343e-7, -6.291482135173737e-8, -3.3128658617380096e-8, -2.250030073822668e-8, -1.741547219223748e-8, 3.941932145116644e-10, 2.6853904946502708e-6, 1.7993911805339686e-5, 0.0015423961755950046, 0.0023598720159833646, 0.0029498359334292896, 0.004203494964013488, 0.005397664300545717, 0.0064679939188027075, 0.007497194225850122, 0.008716190238750787, 0.010546452618145371, 0.010970839831788535, 0.01260702432172205, 0.014867237014401386, 0.016605100125965527, 0.02240476274611369, 0.024631986025400333, 0.44725079293259773].
└ @ AlgorithmAnalysis S:\Research Material\CSE\MU\Project\1Code\AlgorithmAnalysis.jl\1CPU\src\interpolation.jl:303
┌ Warning: Gram matrix is not positive semidefinite; eigenvalues are [-5.047560392693146e-6, -1.983473080616619e-7, -1.454653281638726e-7, -6.291482135186975e-8, -3.3128658617357596e-8, -2.2500300737952163e-8, -1.741547219224086e-8, 3.9419321395904517e-10, 2.685390494650851e-6, 1.79939118053395e-5, 0.0015423961755950057, 0.002359872015983369, 0.0029498359334292914, 0.004203494964013488, 0.005397664300545719, 0.006467993918802709, 0.007497194225850119, 0.008716190238750775, 0.010546452618145366, 0.01097083983178854, 0.012607024321722018, 0.014867237014401421, 0.01660510012596556, 0.022404762746113728, 0.024631986025400277, 0.4472507929325976].
└ @ AlgorithmAnalysis S:\Research Material\CSE\MU\Project\1Code\AlgorithmAnalysis.jl\1CPU\src\interpolation.jl:303
┌ Warning: Gram matrix is not positive semidefinite; eigenvalues are [-5.047560392691482e-6, -1.9834730806148234e-7, -1.4546532816326778e-7, -6.291482135189963e-8, -3.312865861781047e-8, -2.2500300737937624e-8, -1.7415472192524523e-8, 3.941932143967949e-10, 2.685390494643473e-6, 1.799391180534218e-5, 0.0015423961755950072, 0.0023598720159833633, 0.0029498359334292853, 0.004203494964013482, 0.005397664300545711, 0.006467993918802714, 0.0074971942258501255, 0.00871619023875076, 0.010546452618145382, 0.010970839831788533, 0.012607024321722024, 0.014867237014401426, 0.01660510012596556, 0.02240476274611377, 0.02463198602540028, 0.44725079293259734].
└ @ AlgorithmAnalysis S:\Research Material\CSE\MU\Project\1Code\AlgorithmAnalysis.jl\1CPU\src\interpolation.jl:303
┌ Warning: Gram matrix is not positive semidefinite; eigenvalues are [-5.0475603926921175e-6, -1.9834730806150306e-7, -1.454653281498384e-7, -6.291482135229477e-8, -3.3128658617688396e-8, -2.2500300738499022e-8, -1.7415472192429377e-8, 3.94193253248878e-10, 2.6853904946498485e-6, 1.7993911805340414e-5, 0.0015423961755950072, 0.0023598720159833655, 0.0029498359334292905, 0.004203494964013489, 0.005397664300545725, 0.006467993918802712, 0.007497194225850126, 0.008716190238750763, 0.010546452618145364, 0.010970839831788535, 0.012607024321722048, 0.014867237014401414, 0.016605100125965604, 0.02240476274611365, 0.024631986025400253, 0.44725079293259756].
└ @ AlgorithmAnalysis S:\Research Material\CSE\MU\Project\1Code\AlgorithmAnalysis.jl\1CPU\src\interpolation.jl:303
┌ Warning: Gram matrix is not positive semidefinite; eigenvalues are [-5.047560392691716e-6, -1.9834730806049245e-7, -1.454653281676368e-7, -6.291482135202428e-8, -3.31286586182476e-8, -2.2500300738545314e-8, -1.7415472191810484e-8, 3.941932049842017e-10, 2.6853904946503042e-6, 1.7993911805340265e-5, 0.001542396175594997, 0.0023598720159833664, 0.0029498359334292888, 0.004203494964013489, 0.005397664300545714, 0.006467993918802703, 0.007497194225850121, 0.008716190238750747, 0.010546452618145368, 0.010970839831788518, 0.012607024321722046, 0.014867237014401421, 0.016605100125965555, 0.022404762746113787, 0.024631986025400284, 0.44725079293259756].
└ @ AlgorithmAnalysis S:\Research Material\CSE\MU\Project\1Code\AlgorithmAnalysis.jl\1CPU\src\interpolation.jl:303
┌ Warning: Gram matrix is not positive semidefinite; eigenvalues are [-5.047560392689789e-6, -1.9834730806098492e-7, -1.4546532816540114e-7, -6.291482135142227e-8, -3.3128658617647394e-8, -2.250030073728358e-8, -1.7415472192401525e-8, 3.9419321409699594e-10, 2.6853904946560984e-6, 1.7993911805349677e-5, 0.001542396175595007, 0.0023598720159833672, 0.002949835933429292, 0.004203494964013492, 0.005397664300545706, 0.006467993918802706, 0.007497194225850122, 0.008716190238750754, 0.010546452618145383, 0.01097083983178851, 0.012607024321722034, 0.014867237014401392, 0.01660510012596555, 0.022404762746113742, 0.024631986025400263, 0.447250792932598].
└ @ AlgorithmAnalysis S:\Research Material\CSE\MU\Project\1Code\AlgorithmAnalysis.jl\1CPU\src\interpolation.jl:303
┌ Warning: Gram matrix is not positive semidefinite; eigenvalues are [-5.047560392691521e-6, -1.9834730806145079e-7, -1.4546532815979246e-7, -6.291482135121675e-8, -3.312865861722035e-8, -2.2500300738634898e-8, -1.741547219132722e-8, 3.9419321362853755e-10, 2.685390494650789e-6, 1.799391180534047e-5, 0.001542396175595005, 0.0023598720159833664, 0.002949835933429293, 0.004203494964013485, 0.005397664300545718, 0.006467993918802726, 0.0074971942258501385, 0.008716190238750754, 0.010546452618145389, 0.010970839831788535, 0.012607024321722058, 0.014867237014401437, 0.01660510012596559, 0.02240476274611373, 0.024631986025400288, 0.44725079293259773].
└ @ AlgorithmAnalysis S:\Research Material\CSE\MU\Project\1Code\AlgorithmAnalysis.jl\1CPU\src\interpolation.jl:303
[ Info: Objective value: 2.6916349280709923e-5
[ Info: Analysis complete! Use `evaluate()` to obtain the value of any expression in the algorithm.
------ BENCHMARKING RESULTS ------
Setup Time: 0.0367465 seconds
Algorithm Computation Time: 10.0792099 seconds
Optimization Time: 0.9634078 seconds
RAM Usage: 1.577119 MB
Threads Used: 1
----- END OF RESULTS -----
