[ Info: PERFORMANCE ESTIMATION
[ Info: Maximizing the performance measure performance
[ Info: Algorithmic objects
[ Info:  ⋅ Variables
[ Info:    ⋅ 26 variables in Rⁿ
[ Info:    ⋅ 676 variables in R
[ Info:  ⋅ Constraints
[ Info:    ⋅ 20 Semidefinite
[ Info:    ⋅ 25 Positive
[ Info:  ⋅ Oracles
[ Info:    ⋅ 26 LinearFunctional{Rⁿ}
[ Info:    ⋅ 1 Map{Rⁿ, Rⁿ}
[ Info: Setting up the optimization problem
[ Info:   ✓ variables
[ Info:   ✓ objective
[ Info:   ✓ constraints
[ Info: Termination status: OPTIMAL
[ Info: Assigning values to original variables
┌ Warning: Gram matrix is not positive semidefinite; eigenvalues are [-2.3296783662454964e-6, -1.0388333986974034e-7, -6.44979798034678e-8, -3.219588295806281e-8, -1.6745565811387462e-8, -1.1425418438512226e-8, -9.153173755211087e-9, 5.15324379128574e-6, 1.2875135044092919e-5, 0.0017397327570217232, 0.001798046629137412, 0.0028499687068989175, 0.0040081176766542876, 0.004457743511518926, 0.006033351023654381, 0.006897983104034854, 0.007805408930393172, 0.009333962268191519, 0.010402338333347041, 0.012082217825093099, 0.013319210103292421, 0.013994215387685362, 0.014463657853588567, 0.019166846173963834, 0.019534299019073192, 0.42396195782775614].
└ @ AlgorithmAnalysis S:\Research Material\CSE\MU\Project\1Code\AlgorithmAnalysis.jl\1CPU\src\interpolation.jl:303
┌ Warning: Gram matrix is not positive semidefinite; eigenvalues are [-2.329678366244975e-6, -1.0388333986980391e-7, -6.449797979794317e-8, -3.2195882957822185e-8, -1.6745565810952193e-8, -1.1425418437802969e-8, -9.153173755305226e-9, 5.15324379128569e-6, 1.2875135044094925e-5, 0.0017397327570217215, 0.0017980466291374231, 0.0028499687068989196, 0.0040081176766542876, 0.004457743511518927, 0.006033351023654376, 0.006897983104034851, 0.007805408930393164, 0.009333962268191522, 0.010402338333347048, 0.012082217825093096, 0.01331921010329241, 0.01399421538768534, 0.014463657853588548, 0.01916684617396385, 0.019534299019073213, 0.42396195782775625].
└ @ AlgorithmAnalysis S:\Research Material\CSE\MU\Project\1Code\AlgorithmAnalysis.jl\1CPU\src\interpolation.jl:303
┌ Warning: Gram matrix is not positive semidefinite; eigenvalues are [-2.329678366245305e-6, -1.0388333986964197e-7, -6.44979797980429e-8, -3.219588295809479e-8, -1.6745565811185428e-8, -1.1425418437913344e-8, -9.153173755249067e-9, 5.153243791285917e-6, 1.2875135044093102e-5, 0.0017397327570217223, 0.0017980466291374342, 0.0028499687068989196, 0.0040081176766542876, 0.004457743511518924, 0.006033351023654379, 0.006897983104034846, 0.00780540893039318, 0.009333962268191514, 0.010402338333347014, 0.01208221782509313, 0.013319210103292426, 0.013994215387685353, 0.014463657853588538, 0.019166846173963838, 0.019534299019073213, 0.4239619578277564].
└ @ AlgorithmAnalysis S:\Research Material\CSE\MU\Project\1Code\AlgorithmAnalysis.jl\1CPU\src\interpolation.jl:303
┌ Warning: Gram matrix is not positive semidefinite; eigenvalues are [-2.329678366242188e-6, -1.0388333986934521e-7, -6.449797979948388e-8, -3.2195882957666384e-8, -1.674556581060852e-8, -1.1425418437198852e-8, -9.153173755086859e-9, 5.1532437912858925e-6, 1.2875135044090009e-5, 0.0017397327570217208, 0.0017980466291374281, 0.002849968706898922, 0.00400811767665429, 0.004457743511518928, 0.006033351023654379, 0.0068979831040348475, 0.0078054089303932, 0.009333962268191531, 0.010402338333347038, 0.012082217825093106, 0.013319210103292407, 0.013994215387685346, 0.014463657853588562, 0.019166846173963848, 0.019534299019073158, 0.4239619578277564].
└ @ AlgorithmAnalysis S:\Research Material\CSE\MU\Project\1Code\AlgorithmAnalysis.jl\1CPU\src\interpolation.jl:303
┌ Warning: Gram matrix is not positive semidefinite; eigenvalues are [-2.329678366245443e-6, -1.0388333987004799e-7, -6.449797979717913e-8, -3.219588295737134e-8, -1.674556581133753e-8, -1.142541843783395e-8, -9.153173754938883e-9, 5.153243791286295e-6, 1.2875135044092353e-5, 0.0017397327570217215, 0.0017980466291374275, 0.0028499687068989274, 0.004008117676654291, 0.004457743511518926, 0.006033351023654376, 0.00689798310403484, 0.007805408930393184, 0.009333962268191501, 0.010402338333347043, 0.012082217825093092, 0.013319210103292376, 0.01399421538768535, 0.014463657853588557, 0.019166846173963876, 0.019534299019073165, 0.42396195782775603].
└ @ AlgorithmAnalysis S:\Research Material\CSE\MU\Project\1Code\AlgorithmAnalysis.jl\1CPU\src\interpolation.jl:303
┌ Warning: Gram matrix is not positive semidefinite; eigenvalues are [-2.3296783662454867e-6, -1.0388333987001516e-7, -6.449797979502378e-8, -3.219588295780036e-8, -1.6745565811122354e-8, -1.1425418437586707e-8, -9.153173754452476e-9, 5.153243791285741e-6, 1.2875135044092851e-5, 0.0017397327570217236, 0.0017980466291374246, 0.0028499687068989205, 0.004008117676654298, 0.004457743511518922, 0.006033351023654377, 0.006897983104034852, 0.007805408930393181, 0.0093339622681915, 0.010402338333347031, 0.01208221782509311, 0.013319210103292387, 0.013994215387685359, 0.014463657853588573, 0.019166846173963914, 0.01953429901907317, 0.4239619578277559].
└ @ AlgorithmAnalysis S:\Research Material\CSE\MU\Project\1Code\AlgorithmAnalysis.jl\1CPU\src\interpolation.jl:303
┌ Warning: Gram matrix is not positive semidefinite; eigenvalues are [-2.3296783662444617e-6, -1.0388333986978784e-7, -6.449797979564787e-8, -3.219588295770225e-8, -1.6745565810999282e-8, -1.1425418437357656e-8, -9.15317375513803e-9, 5.1532437912860585e-6, 1.2875135044093563e-5, 0.0017397327570217213, 0.0017980466291374272, 0.00284996870689892, 0.004008117676654297, 0.00445774351151892, 0.00603335102365439, 0.0068979831040348535, 0.007805408930393203, 0.009333962268191501, 0.010402338333347009, 0.012082217825093111, 0.01331921010329243, 0.013994215387685383, 0.014463657853588574, 0.019166846173963907, 0.019534299019073213, 0.4239619578277561].
└ @ AlgorithmAnalysis S:\Research Material\CSE\MU\Project\1Code\AlgorithmAnalysis.jl\1CPU\src\interpolation.jl:303
┌ Warning: Gram matrix is not positive semidefinite; eigenvalues are [-2.329678366245728e-6, -1.0388333986528626e-7, -6.449797979493812e-8, -3.219588295673113e-8, -1.674556580963327e-8, -1.142541843721858e-8, -9.153173754262946e-9, 5.1532437912861635e-6, 1.287513504409523e-5, 0.0017397327570217232, 0.0017980466291374268, 0.0028499687068989205, 0.004008117676654296, 0.004457743511518927, 0.006033351023654377, 0.006897983104034852, 0.00780540893039318, 0.009333962268191493, 0.010402338333347024, 0.012082217825093102, 0.013319210103292435, 0.013994215387685362, 0.014463657853588533, 0.019166846173963883, 0.01953429901907318, 0.4239619578277566].
└ @ AlgorithmAnalysis S:\Research Material\CSE\MU\Project\1Code\AlgorithmAnalysis.jl\1CPU\src\interpolation.jl:303
┌ Warning: Gram matrix is not positive semidefinite; eigenvalues are [-2.3296783662447506e-6, -1.038833398701922e-7, -6.449797980242228e-8, -3.2195882957757804e-8, -1.6745565810712737e-8, -1.142541843766288e-8, -9.153173755191793e-9, 5.153243791286114e-6, 1.287513504409338e-5, 0.0017397327570217221, 0.001798046629137428, 0.002849968706898919, 0.0040081176766542945, 0.004457743511518917, 0.006033351023654386, 0.006897983104034848, 0.007805408930393192, 0.0093339622681915, 0.010402338333347038, 0.0120822178250931, 0.013319210103292418, 0.013994215387685348, 0.01446365785358854, 0.019166846173963897, 0.019534299019073175, 0.42396195782775664].
└ @ AlgorithmAnalysis S:\Research Material\CSE\MU\Project\1Code\AlgorithmAnalysis.jl\1CPU\src\interpolation.jl:303
┌ Warning: Gram matrix is not positive semidefinite; eigenvalues are [-2.329678366244952e-6, -1.0388333987021946e-7, -6.449797979644596e-8, -3.219588295785462e-8, -1.6745565811010023e-8, -1.1425418437820685e-8, -9.153173755260554e-9, 5.153243791285471e-6, 1.2875135044094428e-5, 0.0017397327570217236, 0.0017980466291374205, 0.002849968706898923, 0.004008117676654289, 0.004457743511518928, 0.0060333510236543824, 0.006897983104034841, 0.007805408930393189, 0.009333962268191519, 0.010402338333347068, 0.012082217825093111, 0.013319210103292414, 0.013994215387685353, 0.014463657853588557, 0.019166846173963893, 0.019534299019073213, 0.42396195782775653].
└ @ AlgorithmAnalysis S:\Research Material\CSE\MU\Project\1Code\AlgorithmAnalysis.jl\1CPU\src\interpolation.jl:303
┌ Warning: Gram matrix is not positive semidefinite; eigenvalues are [-2.329678366247777e-6, -1.0388333986409528e-7, -6.449797979747207e-8, -3.219588295905723e-8, -1.674556581198197e-8, -1.1425418436385998e-8, -9.1531737558772e-9, 5.15324379128628e-6, 1.287513504408951e-5, 0.00173973275702172, 0.0017980466291374307, 0.0028499687068989227, 0.004008117676654296, 0.004457743511518925, 0.006033351023654371, 0.006897983104034844, 0.007805408930393189, 0.009333962268191501, 0.010402338333347005, 0.01208221782509311, 0.013319210103292439, 0.013994215387685374, 0.014463657853588547, 0.019166846173963883, 0.0195342990190732, 0.4239619578277568].
└ @ AlgorithmAnalysis S:\Research Material\CSE\MU\Project\1Code\AlgorithmAnalysis.jl\1CPU\src\interpolation.jl:303
┌ Warning: Gram matrix is not positive semidefinite; eigenvalues are [-2.329678366244684e-6, -1.0388333986980674e-7, -6.449797980265392e-8, -3.21958829575648e-8, -1.6745565810787683e-8, -1.142541843785219e-8, -9.153173755101361e-9, 5.15324379128581e-6, 1.2875135044093735e-5, 0.0017397327570217085, 0.0017980466291374131, 0.0028499687068989296, 0.00400811767665428, 0.0044577435115189185, 0.006033351023654379, 0.006897983104034846, 0.007805408930393177, 0.009333962268191501, 0.010402338333347048, 0.01208221782509311, 0.013319210103292435, 0.013994215387685346, 0.0144636578535886, 0.019166846173963914, 0.019534299019073217, 0.4239619578277564].
└ @ AlgorithmAnalysis S:\Research Material\CSE\MU\Project\1Code\AlgorithmAnalysis.jl\1CPU\src\interpolation.jl:303
┌ Warning: Gram matrix is not positive semidefinite; eigenvalues are [-2.3296783662461274e-6, -1.0388333986979044e-7, -6.449797980119863e-8, -3.219588295830109e-8, -1.6745565810609634e-8, -1.1425418437175534e-8, -9.153173754501394e-9, 5.153243791286098e-6, 1.2875135044093017e-5, 0.0017397327570217215, 0.0017980466291374114, 0.0028499687068989196, 0.004008117676654287, 0.004457743511518934, 0.006033351023654386, 0.006897983104034842, 0.00780540893039318, 0.009333962268191507, 0.010402338333347043, 0.012082217825093144, 0.013319210103292406, 0.01399421538768535, 0.014463657853588554, 0.0191668461739639, 0.01953429901907318, 0.4239619578277567].
└ @ AlgorithmAnalysis S:\Research Material\CSE\MU\Project\1Code\AlgorithmAnalysis.jl\1CPU\src\interpolation.jl:303
┌ Warning: Gram matrix is not positive semidefinite; eigenvalues are [-2.3296783662392224e-6, -1.0388333987081474e-7, -6.449797979668057e-8, -3.2195882957479725e-8, -1.674556581088822e-8, -1.1425418437984449e-8, -9.153173755805393e-9, 5.1532437912996415e-6, 1.2875135044095313e-5, 0.0017397327570217256, 0.0017980466291374264, 0.002849968706898917, 0.004008117676654296, 0.0044577435115189246, 0.006033351023654386, 0.006897983104034844, 0.007805408930393178, 0.009333962268191498, 0.010402338333347045, 0.012082217825093127, 0.01331921010329241, 0.013994215387685345, 0.014463657853588567, 0.019166846173963855, 0.019534299019073168, 0.4239619578277566].
└ @ AlgorithmAnalysis S:\Research Material\CSE\MU\Project\1Code\AlgorithmAnalysis.jl\1CPU\src\interpolation.jl:303
┌ Warning: Gram matrix is not positive semidefinite; eigenvalues are [-2.3296783662455993e-6, -1.0388333986984711e-7, -6.449797979814718e-8, -3.2195882957601804e-8, -1.6745565810868816e-8, -1.1425418437937548e-8, -9.153173754920796e-9, 5.153243791285788e-6, 1.287513504409353e-5, 0.0017397327570217184, 0.0017980466291374281, 0.0028499687068989214, 0.0040081176766543014, 0.0044577435115189315, 0.006033351023654374, 0.006897983104034841, 0.007805408930393177, 0.009333962268191515, 0.010402338333347066, 0.01208221782509314, 0.0133192101032924, 0.013994215387685366, 0.014463657853588548, 0.019166846173963893, 0.019534299019073203, 0.4239619578277562].
└ @ AlgorithmAnalysis S:\Research Material\CSE\MU\Project\1Code\AlgorithmAnalysis.jl\1CPU\src\interpolation.jl:303
┌ Warning: Gram matrix is not positive semidefinite; eigenvalues are [-2.3296783662444427e-6, -1.0388333986920426e-7, -6.44979797958471e-8, -3.219588295762798e-8, -1.6745565810570614e-8, -1.1425418437729905e-8, -9.153173754831947e-9, 5.153243791286418e-6, 1.2875135044095169e-5, 0.0017397327570217221, 0.0017980466291374288, 0.0028499687068989253, 0.004008117676654293, 0.004457743511518925, 0.006033351023654386, 0.00689798310403485, 0.007805408930393179, 0.009333962268191527, 0.01040233833334706, 0.012082217825093106, 0.013319210103292418, 0.01399421538768536, 0.014463657853588571, 0.01916684617396387, 0.019534299019073182, 0.4239619578277561].
└ @ AlgorithmAnalysis S:\Research Material\CSE\MU\Project\1Code\AlgorithmAnalysis.jl\1CPU\src\interpolation.jl:303
┌ Warning: Gram matrix is not positive semidefinite; eigenvalues are [-2.329678366245329e-6, -1.0388333987008878e-7, -6.449797979711404e-8, -3.2195882957272705e-8, -1.6745565810838098e-8, -1.142541843727541e-8, -9.153173754626277e-9, 5.15324379128566e-6, 1.2875135044095597e-5, 0.0017397327570217215, 0.0017980466291374361, 0.0028499687068989205, 0.004008117676654301, 0.004457743511518928, 0.006033351023654379, 0.006897983104034853, 0.00780540893039319, 0.009333962268191522, 0.010402338333347041, 0.012082217825093139, 0.013319210103292421, 0.013994215387685343, 0.014463657853588552, 0.019166846173963865, 0.019534299019073185, 0.4239619578277559].
└ @ AlgorithmAnalysis S:\Research Material\CSE\MU\Project\1Code\AlgorithmAnalysis.jl\1CPU\src\interpolation.jl:303
┌ Warning: Gram matrix is not positive semidefinite; eigenvalues are [-2.329678366246588e-6, -1.0388333986962938e-7, -6.449797979596908e-8, -3.2195882957522136e-8, -1.6745565811004454e-8, -1.1425418437368939e-8, -9.153173755150173e-9, 5.153243791294961e-6, 1.2875135044101584e-5, 0.0017397327570217202, 0.0017980466291374283, 0.0028499687068989235, 0.004008117676654299, 0.004457743511518925, 0.006033351023654372, 0.006897983104034841, 0.007805408930393176, 0.009333962268191524, 0.010402338333347041, 0.012082217825093135, 0.013319210103292418, 0.013994215387685355, 0.014463657853588531, 0.019166846173963904, 0.019534299019073227, 0.4239619578277562].
└ @ AlgorithmAnalysis S:\Research Material\CSE\MU\Project\1Code\AlgorithmAnalysis.jl\1CPU\src\interpolation.jl:303
┌ Warning: Gram matrix is not positive semidefinite; eigenvalues are [-2.3296783662438053e-6, -1.0388333986987125e-7, -6.449797979638832e-8, -3.219588295786536e-8, -1.674556581103272e-8, -1.1425418437903688e-8, -9.153173755288681e-9, 5.153243791288116e-6, 1.287513504409997e-5, 0.0017397327570217232, 0.0017980466291374314, 0.002849968706898919, 0.004008117676654296, 0.004457743511518928, 0.0060333510236543755, 0.006897983104034844, 0.007805408930393193, 0.009333962268191522, 0.010402338333347059, 0.012082217825093111, 0.013319210103292404, 0.013994215387685352, 0.014463657853588574, 0.019166846173963848, 0.019534299019073185, 0.42396195782775625].
└ @ AlgorithmAnalysis S:\Research Material\CSE\MU\Project\1Code\AlgorithmAnalysis.jl\1CPU\src\interpolation.jl:303
┌ Warning: Gram matrix is not positive semidefinite; eigenvalues are [-2.329678366244717e-6, -1.0388333986927968e-7, -6.449797979105976e-8, -3.219588295754772e-8, -1.6745565811020336e-8, -1.1425418437317708e-8, -9.153173755545855e-9, 5.153243791285994e-6, 1.2875135044097115e-5, 0.0017397327570217206, 0.0017980466291374294, 0.002849968706898932, 0.004008117676654297, 0.004457743511518925, 0.006033351023654386, 0.006897983104034845, 0.007805408930393187, 0.009333962268191524, 0.010402338333347059, 0.01208221782509312, 0.013319210103292426, 0.01399421538768536, 0.014463657853588559, 0.019166846173963897, 0.019534299019073168, 0.4239619578277562].
└ @ AlgorithmAnalysis S:\Research Material\CSE\MU\Project\1Code\AlgorithmAnalysis.jl\1CPU\src\interpolation.jl:303
┌ Warning: Gram matrix is not positive semidefinite; eigenvalues are [-2.3296783662453405e-6, -1.0388333987082212e-7, -6.449797980634403e-8, -3.219588295765212e-8, -1.674556581100462e-8, -1.1425418437858049e-8, -9.153173755222306e-9, 5.15324379128606e-6, 1.287513504409269e-5, 0.0017397327570217223, 0.0017980466291374236, 0.0028499687068989235, 0.0040081176766542876, 0.00445774351151892, 0.006033351023654385, 0.0068979831040348535, 0.007805408930393179, 0.009333962268191498, 0.01040233833334703, 0.012082217825093116, 0.013319210103292414, 0.013994215387685355, 0.014463657853588578, 0.019166846173963876, 0.01953429901907321, 0.42396195782775636].
└ @ AlgorithmAnalysis S:\Research Material\CSE\MU\Project\1Code\AlgorithmAnalysis.jl\1CPU\src\interpolation.jl:303
┌ Warning: Interpolating oracle not implemented for ∇f
└ @ AlgorithmAnalysis S:\Research Material\CSE\MU\Project\1Code\AlgorithmAnalysis.jl\1CPU\src\interpolation.jl:293
┌ Warning: Gram matrix is not positive semidefinite; eigenvalues are [-2.3296783662438324e-6, -1.0388333987010253e-7, -6.449797979730298e-8, -3.219588295751393e-8, -1.67455658111425e-8, -1.142541843799168e-8, -9.153173755133725e-9, 5.15324379130291e-6, 1.2875135044104339e-5, 0.0017397327570217208, 0.0017980466291374285, 0.0028499687068989214, 0.004008117676654294, 0.004457743511518931, 0.006033351023654379, 0.006897983104034847, 0.007805408930393165, 0.009333962268191512, 0.010402338333347033, 0.012082217825093094, 0.013319210103292397, 0.01399421538768536, 0.014463657853588581, 0.01916684617396389, 0.019534299019073227, 0.4239619578277564].
└ @ AlgorithmAnalysis S:\Research Material\CSE\MU\Project\1Code\AlgorithmAnalysis.jl\1CPU\src\interpolation.jl:303
┌ Warning: Gram matrix is not positive semidefinite; eigenvalues are [-2.329678366245223e-6, -1.0388333987105429e-7, -6.449797980718542e-8, -3.2195882957626355e-8, -1.6745565811261208e-8, -1.1425418436959084e-8, -9.15317375571327e-9, 5.153243791287e-6, 1.2875135044082885e-5, 0.0017397327570217275, 0.0017980466291374283, 0.002849968706898916, 0.004008117676654295, 0.0044577435115189246, 0.006033351023654375, 0.006897983104034857, 0.007805408930393191, 0.0093339622681915, 0.010402338333347047, 0.012082217825093106, 0.01331921010329241, 0.013994215387685338, 0.014463657853588578, 0.01916684617396388, 0.01953429901907317, 0.42396195782775653].
└ @ AlgorithmAnalysis S:\Research Material\CSE\MU\Project\1Code\AlgorithmAnalysis.jl\1CPU\src\interpolation.jl:303
┌ Warning: Gram matrix is not positive semidefinite; eigenvalues are [-2.329678366244867e-6, -1.0388333986945231e-7, -6.449797979678096e-8, -3.2195882957831436e-8, -1.674556581097263e-8, -1.1425418437862703e-8, -9.153173755454589e-9, 5.153243791285635e-6, 1.287513504409264e-5, 0.0017397327570217193, 0.0017980466291374231, 0.0028499687068989205, 0.004008117676654289, 0.004457743511518913, 0.006033351023654373, 0.006897983104034842, 0.007805408930393174, 0.00933396226819151, 0.010402338333347022, 0.012082217825093122, 0.01331921010329241, 0.013994215387685334, 0.014463657853588583, 0.019166846173963848, 0.01953429901907322, 0.42396195782775625].
└ @ AlgorithmAnalysis S:\Research Material\CSE\MU\Project\1Code\AlgorithmAnalysis.jl\1CPU\src\interpolation.jl:303
┌ Warning: Gram matrix is not positive semidefinite; eigenvalues are [-2.329678366245715e-6, -1.0388333986977498e-7, -6.449797980103872e-8, -3.219588295806861e-8, -1.6745565810731736e-8, -1.1425418437537823e-8, -9.153173754758902e-9, 5.153243791281442e-6, 1.2875135044090605e-5, 0.0017397327570217228, 0.0017980466291374257, 0.002849968706898925, 0.004008117676654295, 0.004457743511518925, 0.006033351023654385, 0.00689798310403485, 0.0078054089303931954, 0.009333962268191533, 0.010402338333347035, 0.012082217825093113, 0.01331921010329241, 0.013994215387685372, 0.014463657853588545, 0.019166846173963883, 0.01953429901907319, 0.42396195782775636].
└ @ AlgorithmAnalysis S:\Research Material\CSE\MU\Project\1Code\AlgorithmAnalysis.jl\1CPU\src\interpolation.jl:303
┌ Warning: Gram matrix is not positive semidefinite; eigenvalues are [-2.3296783662450585e-6, -1.0388333986968014e-7, -6.449797979709239e-8, -3.219588295835972e-8, -1.674556581114614e-8, -1.1425418438411444e-8, -9.15317375517464e-9, 5.1532437912856595e-6, 1.2875135044092761e-5, 0.001739732757021724, 0.0017980466291374244, 0.0028499687068989244, 0.0040081176766542945, 0.004457743511518928, 0.006033351023654382, 0.006897983104034847, 0.00780540893039317, 0.009333962268191522, 0.010402338333347047, 0.012082217825093102, 0.013319210103292395, 0.013994215387685341, 0.014463657853588559, 0.01916684617396387, 0.019534299019073213, 0.42396195782775636].
└ @ AlgorithmAnalysis S:\Research Material\CSE\MU\Project\1Code\AlgorithmAnalysis.jl\1CPU\src\interpolation.jl:303
[ Info: Objective value: 2.3749196293105894e-5
[ Info: Analysis complete! Use `evaluate()` to obtain the value of any expression in the algorithm.
------ BENCHMARKING RESULTS ------
Setup Time: 1.6670121 seconds
Algorithm Computation Time: 23.4563894 seconds
Optimization Time: 4.7943716 seconds
RAM Usage: 1.639391 MB
Threads Used: 1
----- END OF RESULTS -----
