[ Info: PERFORMANCE ESTIMATION
[ Info: Maximizing the performance measure performance
[ Info: Algorithmic objects
[ Info:  ⋅ Variables
[ Info:    ⋅ 5 variables in Rⁿ
[ Info:    ⋅ 25 variables in R
[ Info:  ⋅ Constraints
[ Info:    ⋅ 3 Semidefinite
[ Info:    ⋅ 4 Positive
[ Info:  ⋅ Oracles
[ Info:    ⋅ 5 LinearFunctional{Rⁿ}
[ Info:    ⋅ 1 Map{Rⁿ, Rⁿ}
[ Info: Setting up the optimization problem
[ Info:   ✓ variables
[ Info:   ✓ objective
[ Info:   ✓ constraints
[ Info: Termination status: OPTIMAL
[ Info: Assigning values to original variables
┌ Warning: Interpolating oracle not implemented for ∇f
└ @ AlgorithmAnalysis S:\Research Material\CSE\MU\Project\1Code\AlgorithmAnalysis.jl\1CPU\src\interpolation.jl:293
[ Info: Objective value: 0.299972898083193
[ Info: Analysis complete! Use `evaluate()` to obtain the value of any expression in the algorithm.
------ BENCHMARKING RESULTS ------
Setup Time: 0.0003019 seconds
Algorithm Computation Time: 0.0137115 seconds
Optimization Time: 0.0016958 seconds
RAM Usage: 0.052008 MB
Threads Used: 1
----- END OF RESULTS -----
