[ Info: PERFORMANCE ESTIMATION
[ Info: Maximizing the performance measure performance
[ Info: Algorithmic objects
[ Info:  ⋅ Variables
[ Info:    ⋅ 13 variables in Rⁿ
[ Info:    ⋅ 169 variables in R
[ Info:  ⋅ Constraints
[ Info:    ⋅ 9 Semidefinite
[ Info:    ⋅ 12 Positive
[ Info:  ⋅ Oracles
[ Info:    ⋅ 13 LinearFunctional{Rⁿ}
[ Info:    ⋅ 1 Map{Rⁿ, Rⁿ}
[ Info: Setting up the optimization problem
[ Info:   ✓ variables
[ Info:   ✓ objective
[ Info:   ✓ constraints
[ Info: Termination status: OPTIMAL
[ Info: Assigning values to original variables
┌ Warning: Interpolating oracle not implemented for ∇f
└ @ AlgorithmAnalysis S:\Research Material\CSE\MU\Project\1Code\AlgorithmAnalysis.jl\1CPU\src\interpolation.jl:293
[ Info: Objective value: 0.012104785023316796
[ Info: Analysis complete! Use `evaluate()` to obtain the value of any expression in the algorithm.
------ BENCHMARKING RESULTS ------
Setup Time: 0.0017913 seconds
Algorithm Computation Time: 0.462049 seconds
Optimization Time: 0.0685808 seconds
RAM Usage: 0.362376 MB
Threads Used: 1
----- END OF RESULTS -----
