[ Info: PERFORMANCE ESTIMATION
[ Info: Maximizing the performance measure performance
[ Info: Algorithmic objects
[ Info:  ⋅ Variables
[ Info:    ⋅ 22 variables in Rⁿ
[ Info:    ⋅ 484 variables in R
[ Info:  ⋅ Constraints
[ Info:    ⋅ 6 Semidefinite
[ Info:    ⋅ 21 Positive
[ Info:  ⋅ Oracles
[ Info:    ⋅ 22 LinearFunctional{Rⁿ}
[ Info:    ⋅ 1 Map{Rⁿ, Rⁿ}
[ Info: Setting up the optimization problem
[ Info:   ✓ variables
[ Info:   ✓ objective
[ Info:   ✓ constraints
[ Info: Termination status: OPTIMAL
[ Info: Assigning values to original variables
┌ Warning: Gram matrix is not positive semidefinite; eigenvalues are [-9.111369185311267e-6, -1.7992106687663515e-7, 1.240898482801994e-7, 3.583553265018845e-6, 4.60058875296414e-5, 0.0011580814684371333, 0.002704410896521551, 0.0031021168600145303, 0.0040559137220414, 0.005427811206741182, 0.007327669774876172, 0.009337513381605897, 0.010161350586492797, 0.011156098773068062, 0.01322013927053938, 0.01518874479662508, 0.017608711348521836, 0.019419983721059228, 0.021256471138577208, 0.028920481011795056, 0.03356112173133052, 0.7887879906147328].
└ @ AlgorithmAnalysis S:\Research Material\CSE\MU\Project\1Code\AlgorithmAnalysis.jl\1CPU\src\interpolation.jl:303
┌ Warning: Gram matrix is not positive semidefinite; eigenvalues are [-9.11136918530832e-6, -1.799210668766408e-7, 1.2408984827202574e-7, 3.583553265033476e-6, 4.600588752965618e-5, 0.00115808146843714, 0.0027044108965215414, 0.003102116860014541, 0.004055913722041401, 0.005427811206741195, 0.007327669774876181, 0.009337513381605898, 0.010161350586492784, 0.01115609877306804, 0.013220139270539428, 0.015188744796625122, 0.017608711348521856, 0.01941998372105927, 0.021256471138577284, 0.028920481011795122, 0.03356112173133072, 0.7887879906147333].
└ @ AlgorithmAnalysis S:\Research Material\CSE\MU\Project\1Code\AlgorithmAnalysis.jl\1CPU\src\interpolation.jl:303
┌ Warning: Gram matrix is not positive semidefinite; eigenvalues are [-9.111369185308999e-6, -1.7992106687614204e-7, 1.2408984828252607e-7, 3.583553265033973e-6, 4.600588752965399e-5, 0.0011580814684371387, 0.002704410896521547, 0.0031021168600145364, 0.004055913722041397, 0.005427811206741177, 0.007327669774876193, 0.00933751338160589, 0.010161350586492804, 0.01115609877306803, 0.013220139270539414, 0.015188744796625131, 0.017608711348521836, 0.019419983721059263, 0.021256471138577288, 0.028920481011795018, 0.033561121731330565, 0.788787990614733].
└ @ AlgorithmAnalysis S:\Research Material\CSE\MU\Project\1Code\AlgorithmAnalysis.jl\1CPU\src\interpolation.jl:303
┌ Warning: Interpolating oracle not implemented for ∇f
└ @ AlgorithmAnalysis S:\Research Material\CSE\MU\Project\1Code\AlgorithmAnalysis.jl\1CPU\src\interpolation.jl:293
┌ Warning: Gram matrix is not positive semidefinite; eigenvalues are [-9.111369185311394e-6, -1.799210668756178e-7, 1.240898482791362e-7, 3.5835532650177344e-6, 4.600588752964039e-5, 0.0011580814684371353, 0.0027044108965215492, 0.0031021168600145303, 0.004055913722041395, 0.005427811206741176, 0.007327669774876173, 0.009337513381605891, 0.0101613505864928, 0.011156098773068033, 0.013220139270539425, 0.015188744796625126, 0.017608711348521867, 0.01941998372105923, 0.021256471138577274, 0.028920481011794973, 0.033561121731330565, 0.7887879906147319].
└ @ AlgorithmAnalysis S:\Research Material\CSE\MU\Project\1Code\AlgorithmAnalysis.jl\1CPU\src\interpolation.jl:303
┌ Warning: Gram matrix is not positive semidefinite; eigenvalues are [-9.111369185310132e-6, -1.7992106687648737e-7, 1.240898482777701e-7, 3.5835532650200167e-6, 4.6005887529654e-5, 0.0011580814684371407, 0.002704410896521549, 0.0031021168600145407, 0.004055913722041397, 0.005427811206741181, 0.0073276697748761895, 0.00933751338160587, 0.0101613505864928, 0.011156098773068028, 0.013220139270539407, 0.015188744796625152, 0.01760871134852186, 0.01941998372105922, 0.02125647113857723, 0.028920481011794973, 0.03356112173133054, 0.788787990614732].
└ @ AlgorithmAnalysis S:\Research Material\CSE\MU\Project\1Code\AlgorithmAnalysis.jl\1CPU\src\interpolation.jl:303
┌ Warning: Gram matrix is not positive semidefinite; eigenvalues are [-9.111369185310931e-6, -1.799210668761805e-7, 1.2408984828017235e-7, 3.5835532650193887e-6, 4.6005887529643424e-5, 0.0011580814684371387, 0.002704410896521547, 0.0031021168600145377, 0.0040559137220413976, 0.005427811206741185, 0.007327669774876188, 0.0093375133816059, 0.010161350586492776, 0.01115609877306805, 0.013220139270539383, 0.015188744796625117, 0.017608711348521815, 0.019419983721059214, 0.021256471138577246, 0.028920481011795042, 0.033561121731330586, 0.7887879906147325].
└ @ AlgorithmAnalysis S:\Research Material\CSE\MU\Project\1Code\AlgorithmAnalysis.jl\1CPU\src\interpolation.jl:303
┌ Warning: Gram matrix is not positive semidefinite; eigenvalues are [-9.111369185310208e-6, -1.7992106687607312e-7, 1.240898482853285e-7, 3.5835532650192264e-6, 4.6005887529642665e-5, 0.001158081468437142, 0.0027044108965215453, 0.003102116860014541, 0.0040559137220413976, 0.005427811206741172, 0.0073276697748761825, 0.009337513381605898, 0.0101613505864928, 0.011156098773068028, 0.01322013927053941, 0.015188744796625093, 0.017608711348521815, 0.019419983721059256, 0.021256471138577242, 0.02892048101179496, 0.03356112173133055, 0.7887879906147321].
└ @ AlgorithmAnalysis S:\Research Material\CSE\MU\Project\1Code\AlgorithmAnalysis.jl\1CPU\src\interpolation.jl:303
┌ Warning: Gram matrix is not positive semidefinite; eigenvalues are [-9.111369185310872e-6, -1.7992106687630933e-7, 1.2408984828362144e-7, 3.5835532650201353e-6, 4.600588752964328e-5, 0.001158081468437136, 0.0027044108965215453, 0.003102116860014538, 0.004055913722041395, 0.0054278112067411765, 0.007327669774876189, 0.009337513381605912, 0.010161350586492781, 0.011156098773068023, 0.013220139270539428, 0.015188744796625128, 0.017608711348521856, 0.01941998372105923, 0.021256471138577225, 0.028920481011795014, 0.03356112173133066, 0.788787990614732].
└ @ AlgorithmAnalysis S:\Research Material\CSE\MU\Project\1Code\AlgorithmAnalysis.jl\1CPU\src\interpolation.jl:303
┌ Warning: Gram matrix is not positive semidefinite; eigenvalues are [-9.111369185310525e-6, -1.7992106687618273e-7, 1.2408984827891418e-7, 3.583553265017618e-6, 4.600588752964372e-5, 0.0011580814684371383, 0.002704410896521543, 0.00310211686001454, 0.004055913722041395, 0.0054278112067411895, 0.007327669774876175, 0.00933751338160591, 0.010161350586492797, 0.011156098773068036, 0.013220139270539407, 0.015188744796625096, 0.01760871134852179, 0.019419983721059252, 0.021256471138577232, 0.028920481011794952, 0.03356112173133058, 0.7887879906147321].
└ @ AlgorithmAnalysis S:\Research Material\CSE\MU\Project\1Code\AlgorithmAnalysis.jl\1CPU\src\interpolation.jl:303
┌ Warning: Gram matrix is not positive semidefinite; eigenvalues are [-9.111369185309747e-6, -1.799210668779341e-7, 1.2408984829190005e-7, 3.5835532650195547e-6, 4.6005887529644874e-5, 0.0011580814684371394, 0.002704410896521554, 0.003102116860014539, 0.004055913722041408, 0.005427811206741192, 0.007327669774876182, 0.00933751338160589, 0.010161350586492788, 0.011156098773068023, 0.013220139270539381, 0.015188744796625159, 0.017608711348521888, 0.019419983721059252, 0.021256471138577232, 0.028920481011795098, 0.03356112173133059, 0.7887879906147331].
└ @ AlgorithmAnalysis S:\Research Material\CSE\MU\Project\1Code\AlgorithmAnalysis.jl\1CPU\src\interpolation.jl:303
┌ Warning: Gram matrix is not positive semidefinite; eigenvalues are [-9.111369185310125e-6, -1.7992106687583473e-7, 1.2408984828208934e-7, 3.5835532650187885e-6, 4.6005887529643e-5, 0.001158081468437127, 0.002704410896521546, 0.003102116860014537, 0.0040559137220414045, 0.00542781120674118, 0.00732766977487617, 0.009337513381605909, 0.010161350586492793, 0.01115609877306804, 0.01322013927053939, 0.015188744796625084, 0.01760871134852183, 0.019419983721059228, 0.021256471138577225, 0.028920481011795098, 0.03356112173133062, 0.7887879906147324].
└ @ AlgorithmAnalysis S:\Research Material\CSE\MU\Project\1Code\AlgorithmAnalysis.jl\1CPU\src\interpolation.jl:303
┌ Warning: Gram matrix is not positive semidefinite; eigenvalues are [-9.111369185311523e-6, -1.7992106687716619e-7, 1.2408984829181667e-7, 3.58355326501916e-6, 4.600588752964274e-5, 0.0011580814684371563, 0.002704410896521546, 0.0031021168600145446, 0.004055913722041399, 0.0054278112067412, 0.007327669774876177, 0.009337513381605897, 0.0101613505864928, 0.011156098773068031, 0.013220139270539397, 0.01518874479662508, 0.01760871134852184, 0.019419983721059218, 0.021256471138577284, 0.02892048101179494, 0.03356112173133058, 0.788787990614733].
└ @ AlgorithmAnalysis S:\Research Material\CSE\MU\Project\1Code\AlgorithmAnalysis.jl\1CPU\src\interpolation.jl:303
┌ Warning: Gram matrix is not positive semidefinite; eigenvalues are [-9.111369185310101e-6, -1.7992106687531542e-7, 1.240898482963894e-7, 3.5835532650189063e-6, 4.600588752964398e-5, 0.0011580814684371407, 0.0027044108965215505, 0.003102116860014545, 0.004055913722041406, 0.005427811206741183, 0.007327669774876185, 0.0093375133816059, 0.010161350586492767, 0.011156098773068049, 0.013220139270539388, 0.015188744796625102, 0.017608711348521832, 0.019419983721059297, 0.021256471138577253, 0.028920481011795073, 0.03356112173133048, 0.7887879906147331].
└ @ AlgorithmAnalysis S:\Research Material\CSE\MU\Project\1Code\AlgorithmAnalysis.jl\1CPU\src\interpolation.jl:303
┌ Warning: Gram matrix is not positive semidefinite; eigenvalues are [-9.11136918530936e-6, -1.799210668759456e-7, 1.2408984828024376e-7, 3.583553265020117e-6, 4.600588752964482e-5, 0.0011580814684371444, 0.002704410896521548, 0.003102116860014534, 0.0040559137220413976, 0.005427811206741174, 0.007327669774876189, 0.009337513381605883, 0.010161350586492797, 0.011156098773068016, 0.013220139270539378, 0.015188744796625093, 0.017608711348521797, 0.019419983721059283, 0.02125647113857726, 0.02892048101179497, 0.03356112173133062, 0.7887879906147326].
└ @ AlgorithmAnalysis S:\Research Material\CSE\MU\Project\1Code\AlgorithmAnalysis.jl\1CPU\src\interpolation.jl:303
┌ Warning: Gram matrix is not positive semidefinite; eigenvalues are [-9.111369185310467e-6, -1.799210668761189e-7, 1.2408984827791966e-7, 3.5835532650192967e-6, 4.600588752964363e-5, 0.0011580814684371465, 0.002704410896521547, 0.003102116860014557, 0.004055913722041403, 0.005427811206741192, 0.007327669774876184, 0.009337513381605874, 0.01016135058649281, 0.011156098773068033, 0.013220139270539425, 0.015188744796625108, 0.017608711348521856, 0.019419983721059176, 0.021256471138577267, 0.028920481011795025, 0.033561121731330495, 0.7887879906147314].
└ @ AlgorithmAnalysis S:\Research Material\CSE\MU\Project\1Code\AlgorithmAnalysis.jl\1CPU\src\interpolation.jl:303
┌ Warning: Gram matrix is not positive semidefinite; eigenvalues are [-9.111369185308909e-6, -1.7992106687644271e-7, 1.240898482750319e-7, 3.583553265033216e-6, 4.600588752965444e-5, 0.0011580814684371396, 0.0027044108965215497, 0.0031021168600145394, 0.004055913722041396, 0.005427811206741186, 0.0073276697748761955, 0.009337513381605895, 0.010161350586492781, 0.011156098773068055, 0.013220139270539399, 0.015188744796625114, 0.017608711348521815, 0.019419983721059277, 0.021256471138577364, 0.02892048101179508, 0.03356112173133054, 0.7887879906147329].
└ @ AlgorithmAnalysis S:\Research Material\CSE\MU\Project\1Code\AlgorithmAnalysis.jl\1CPU\src\interpolation.jl:303
┌ Warning: Gram matrix is not positive semidefinite; eigenvalues are [-9.111369185304652e-6, -1.7992106687668285e-7, 1.2408984828263364e-7, 3.583553265018343e-6, 4.600588752963423e-5, 0.0011580814684371222, 0.002704410896521542, 0.003102116860014538, 0.0040559137220413976, 0.005427811206741186, 0.007327669774876195, 0.009337513381605902, 0.010161350586492791, 0.011156098773068035, 0.013220139270539423, 0.015188744796625134, 0.017608711348521794, 0.01941998372105925, 0.02125647113857718, 0.028920481011795025, 0.03356112173133058, 0.7887879906147317].
└ @ AlgorithmAnalysis S:\Research Material\CSE\MU\Project\1Code\AlgorithmAnalysis.jl\1CPU\src\interpolation.jl:303
┌ Warning: Gram matrix is not positive semidefinite; eigenvalues are [-9.111369185311848e-6, -1.7992106687526063e-7, 1.2408984828165407e-7, 3.5835532650203555e-6, 4.600588752964294e-5, 0.0011580814684371485, 0.00270441089652155, 0.0031021168600145455, 0.004055913722041406, 0.005427811206741183, 0.007327669774876192, 0.009337513381605888, 0.010161350586492795, 0.011156098773068036, 0.013220139270539394, 0.015188744796625114, 0.017608711348521797, 0.019419983721059235, 0.02125647113857727, 0.028920481011794952, 0.03356112173133059, 0.7887879906147321].
└ @ AlgorithmAnalysis S:\Research Material\CSE\MU\Project\1Code\AlgorithmAnalysis.jl\1CPU\src\interpolation.jl:303
┌ Warning: Gram matrix is not positive semidefinite; eigenvalues are [-9.111369185309009e-6, -1.7992106687428627e-7, 1.2408984829434368e-7, 3.5835532650200976e-6, 4.600588752964257e-5, 0.0011580814684371402, 0.002704410896521548, 0.0031021168600145616, 0.0040559137220414114, 0.005427811206741208, 0.007327669774876189, 0.009337513381605881, 0.010161350586492814, 0.01115609877306806, 0.013220139270539404, 0.015188744796625124, 0.017608711348521836, 0.019419983721059252, 0.021256471138577225, 0.028920481011794993, 0.033561121731330495, 0.7887879906147329].
└ @ AlgorithmAnalysis S:\Research Material\CSE\MU\Project\1Code\AlgorithmAnalysis.jl\1CPU\src\interpolation.jl:303
┌ Warning: Gram matrix is not positive semidefinite; eigenvalues are [-9.111369185311816e-6, -1.799210668765507e-7, 1.2408984827932256e-7, 3.5835532650190075e-6, 4.600588752964329e-5, 0.0011580814684371442, 0.0027044108965215427, 0.003102116860014537, 0.004055913722041397, 0.005427811206741179, 0.007327669774876178, 0.009337513381605869, 0.0101613505864928, 0.011156098773068036, 0.013220139270539388, 0.01518874479662513, 0.017608711348521777, 0.019419983721059218, 0.021256471138577218, 0.028920481011795014, 0.03356112173133057, 0.7887879906147329].
└ @ AlgorithmAnalysis S:\Research Material\CSE\MU\Project\1Code\AlgorithmAnalysis.jl\1CPU\src\interpolation.jl:303
┌ Warning: Gram matrix is not positive semidefinite; eigenvalues are [-9.111369185310867e-6, -1.7992106687625155e-7, 1.2408984827756168e-7, 3.583553265020052e-6, 4.600588752964599e-5, 0.0011580814684371418, 0.0027044108965215627, 0.0031021168600145355, 0.0040559137220414, 0.005427811206741174, 0.007327669774876185, 0.009337513381605878, 0.010161350586492793, 0.01115609877306802, 0.013220139270539406, 0.015188744796625107, 0.01760871134852184, 0.01941998372105926, 0.02125647113857726, 0.02892048101179505, 0.033561121731330495, 0.7887879906147335].
└ @ AlgorithmAnalysis S:\Research Material\CSE\MU\Project\1Code\AlgorithmAnalysis.jl\1CPU\src\interpolation.jl:303
┌ Warning: Gram matrix is not positive semidefinite; eigenvalues are [-9.111369185311179e-6, -1.7992106687555643e-7, 1.240898482710595e-7, 3.583553265020255e-6, 4.6005887529643275e-5, 0.0011580814684371405, 0.002704410896521549, 0.003102116860014551, 0.004055913722041388, 0.005427811206741167, 0.007327669774876174, 0.009337513381605884, 0.0101613505864928, 0.011156098773068042, 0.013220139270539423, 0.015188744796625133, 0.017608711348521867, 0.019419983721059266, 0.021256471138577208, 0.028920481011795073, 0.03356112173133069, 0.7887879906147328].
└ @ AlgorithmAnalysis S:\Research Material\CSE\MU\Project\1Code\AlgorithmAnalysis.jl\1CPU\src\interpolation.jl:303
[ Info: Objective value: 8.7840758473741e-5
[ Info: Analysis complete! Use `evaluate()` to obtain the value of any expression in the algorithm.
------ BENCHMARKING RESULTS ------
Setup Time: 1.4426255 seconds
Algorithm Computation Time: 15.6407524 seconds
Optimization Time: 3.0263792 seconds
RAM Usage: 0.939223 MB
Threads Used: 1
----- END OF RESULTS -----
