[ Info: PERFORMANCE ESTIMATION
[ Info: Maximizing the performance measure performance
[ Info: Algorithmic objects
[ Info:  ⋅ Variables
[ Info:    ⋅ 8 variables in Rⁿ
[ Info:    ⋅ 64 variables in R
[ Info:  ⋅ Constraints
[ Info:    ⋅ 4 Semidefinite
[ Info:    ⋅ 7 Positive
[ Info:  ⋅ Oracles
[ Info:    ⋅ 8 LinearFunctional{Rⁿ}
[ Info:    ⋅ 1 Map{Rⁿ, Rⁿ}
[ Info: Setting up the optimization problem
[ Info:   ✓ variables
[ Info:   ✓ objective
[ Info:   ✓ constraints
[ Info: Termination status: OPTIMAL
[ Info: Assigning values to original variables
┌ Warning: Interpolating oracle not implemented for ∇f
└ @ AlgorithmAnalysis S:\Research Material\CSE\MU\Project\1Code\AlgorithmAnalysis.jl\1CPU\src\interpolation.jl:293
[ Info: Objective value: 0.08998890385070171
[ Info: Analysis complete! Use `evaluate()` to obtain the value of any expression in the algorithm.
------ BENCHMARKING RESULTS ------
Setup Time: 0.0006064 seconds
Algorithm Computation Time: 0.065036 seconds
Optimization Time: 0.0048003 seconds
RAM Usage: 0.111751 MB
Threads Used: 1
----- END OF RESULTS -----
