[ Info: PERFORMANCE ESTIMATION
[ Info: Maximizing the performance measure performance
[ Info: Algorithmic objects
[ Info:  ⋅ Variables
[ Info:    ⋅ 28 variables in Rⁿ
[ Info:    ⋅ 784 variables in R
[ Info:  ⋅ Constraints
[ Info:    ⋅ 24 Semidefinite
[ Info:    ⋅ 27 Positive
[ Info:  ⋅ Oracles
[ Info:    ⋅ 28 LinearFunctional{Rⁿ}
[ Info:    ⋅ 1 Map{Rⁿ, Rⁿ}
[ Info: Setting up the optimization problem
[ Info:   ✓ variables
[ Info:   ✓ objective
[ Info:   ✓ constraints
[ Info: Termination status: OPTIMAL
[ Info: Assigning values to original variables
┌ Warning: Gram matrix is not positive semidefinite; eigenvalues are [-2.829724997744086e-6, -2.191959609383692e-7, -1.2796235155828325e-7, -3.942848359499696e-8, -1.9443869778284335e-8, -1.2181154348790485e-8, -8.893054294149338e-9, -7.2095021278589565e-9, -6.062186353994174e-9, 3.1317334204754706e-8, 2.179714330678522e-6, 1.2037995797956983e-5, 0.001288020103612927, 0.0018466439869966578, 0.0028987964372907916, 0.0034864922413137397, 0.0043172403745696825, 0.005392918463179479, 0.005805257085012134, 0.007149117896724284, 0.008136778118231392, 0.009738863917638093, 0.01086571954387941, 0.011436377713329185, 0.011709210748174126, 0.014571363710174213, 0.014806067255959024, 0.4185069084615225].
└ @ AlgorithmAnalysis S:\Research Material\CSE\MU\Project\1Code\AlgorithmAnalysis.jl\1CPU\src\interpolation.jl:303
┌ Warning: Gram matrix is not positive semidefinite; eigenvalues are [-2.829724997743212e-6, -2.1919596093608066e-7, -1.2796235155815071e-7, -3.942848359443324e-8, -1.944386977846072e-8, -1.2181154347771556e-8, -8.893054293954252e-9, -7.209502127633244e-9, -6.0621863536781825e-9, 3.131733420184559e-8, 2.1797143306788103e-6, 1.2037995797954402e-5, 0.00128802010361293, 0.0018466439869966637, 0.0028987964372907864, 0.003486492241313734, 0.004317240374569674, 0.005392918463179473, 0.0058052570850121235, 0.007149117896724302, 0.008136778118231403, 0.009738863917638087, 0.01086571954387944, 0.01143637771332919, 0.011709210748174154, 0.014571363710174217, 0.014806067255959022, 0.41850690846152233].
└ @ AlgorithmAnalysis S:\Research Material\CSE\MU\Project\1Code\AlgorithmAnalysis.jl\1CPU\src\interpolation.jl:303
┌ Warning: Gram matrix is not positive semidefinite; eigenvalues are [-2.8297249977437853e-6, -2.1919596093559534e-7, -1.2796235155809415e-7, -3.942848359489846e-8, -1.9443869778079297e-8, -1.2181154348649064e-8, -8.893054293872863e-9, -7.209502127265257e-9, -6.062186353864838e-9, 3.1317334202696264e-8, 2.1797143306785947e-6, 1.2037995797954895e-5, 0.0012880201036129175, 0.0018466439869966583, 0.002898796437290783, 0.0034864922413137362, 0.004317240374569694, 0.0053929184631794705, 0.005805257085012128, 0.007149117896724286, 0.008136778118231389, 0.009738863917638094, 0.010865719543879432, 0.01143637771332919, 0.011709210748174152, 0.01457136371017419, 0.014806067255959008, 0.41850690846152205].
└ @ AlgorithmAnalysis S:\Research Material\CSE\MU\Project\1Code\AlgorithmAnalysis.jl\1CPU\src\interpolation.jl:303
┌ Warning: Gram matrix is not positive semidefinite; eigenvalues are [-2.829724997743799e-6, -2.1919596093826593e-7, -1.2796235155848632e-7, -3.9428483594934455e-8, -1.944386977880874e-8, -1.2181154348308777e-8, -8.893054294398268e-9, -7.209502127794178e-9, -6.062186353926688e-9, 3.131733420315382e-8, 2.179714330678094e-6, 1.2037995797954071e-5, 0.0012880201036129253, 0.0018466439869966593, 0.0028987964372907873, 0.003486492241313743, 0.0043172403745696895, 0.005392918463179461, 0.00580525708501213, 0.007149117896724297, 0.00813677811823139, 0.009738863917638072, 0.010865719543879446, 0.011436377713329185, 0.011709210748174145, 0.014571363710174182, 0.01480606725595902, 0.4185069084615226].
└ @ AlgorithmAnalysis S:\Research Material\CSE\MU\Project\1Code\AlgorithmAnalysis.jl\1CPU\src\interpolation.jl:303
┌ Warning: Gram matrix is not positive semidefinite; eigenvalues are [-2.8297249977439792e-6, -2.1919596093660566e-7, -1.2796235155808525e-7, -3.942848359476863e-8, -1.9443869778142285e-8, -1.218115434875325e-8, -8.89305429373941e-9, -7.20950212769957e-9, -6.0621863539449755e-9, 3.1317334201775235e-8, 2.1797143306801867e-6, 1.2037995797955648e-5, 0.0012880201036129246, 0.0018466439869966624, 0.0028987964372907903, 0.003486492241313739, 0.004317240374569686, 0.005392918463179483, 0.0058052570850121365, 0.007149117896724301, 0.008136778118231398, 0.009738863917638093, 0.01086571954387945, 0.011436377713329202, 0.01170921074817417, 0.014571363710174201, 0.01480606725595901, 0.4185069084615227].
└ @ AlgorithmAnalysis S:\Research Material\CSE\MU\Project\1Code\AlgorithmAnalysis.jl\1CPU\src\interpolation.jl:303
┌ Warning: Interpolating oracle not implemented for ∇f
└ @ AlgorithmAnalysis S:\Research Material\CSE\MU\Project\1Code\AlgorithmAnalysis.jl\1CPU\src\interpolation.jl:293
┌ Warning: Gram matrix is not positive semidefinite; eigenvalues are [-2.8297249977433537e-6, -2.191959609345219e-7, -1.2796235155833425e-7, -3.942848359527684e-8, -1.9443869778401854e-8, -1.2181154348457284e-8, -8.893054294096997e-9, -7.2095021276909395e-9, -6.062186353863873e-9, 3.131733420175343e-8, 2.1797143306792566e-6, 1.2037995797955918e-5, 0.0012880201036129257, 0.001846643986996663, 0.002898796437290789, 0.003486492241313746, 0.004317240374569688, 0.005392918463179471, 0.005805257085012127, 0.007149117896724284, 0.008136778118231384, 0.009738863917638074, 0.010865719543879448, 0.011436377713329194, 0.01170921074817413, 0.014571363710174165, 0.014806067255959026, 0.4185069084615227].
└ @ AlgorithmAnalysis S:\Research Material\CSE\MU\Project\1Code\AlgorithmAnalysis.jl\1CPU\src\interpolation.jl:303
┌ Warning: Gram matrix is not positive semidefinite; eigenvalues are [-2.829724997744035e-6, -2.1919596093602224e-7, -1.2796235155768273e-7, -3.942848359508889e-8, -1.9443869778192128e-8, -1.2181154348582066e-8, -8.893054293521002e-9, -7.209502127396703e-9, -6.062186354115503e-9, 3.131733420256418e-8, 2.179714330669649e-6, 1.2037995797943753e-5, 0.0012880201036129257, 0.0018466439869966587, 0.002898796437290786, 0.003486492241313736, 0.004317240374569693, 0.005392918463179465, 0.005805257085012129, 0.007149117896724295, 0.008136778118231394, 0.009738863917638094, 0.010865719543879456, 0.011436377713329176, 0.011709210748174142, 0.014571363710174217, 0.01480606725595903, 0.4185069084615224].
└ @ AlgorithmAnalysis S:\Research Material\CSE\MU\Project\1Code\AlgorithmAnalysis.jl\1CPU\src\interpolation.jl:303
┌ Warning: Gram matrix is not positive semidefinite; eigenvalues are [-2.829724997743726e-6, -2.191959609346116e-7, -1.2796235155798062e-7, -3.942848359505709e-8, -1.944386977834907e-8, -1.2181154348415614e-8, -8.893054293785223e-9, -7.209502127162619e-9, -6.0621863537925766e-9, 3.131733420816623e-8, 2.1797143306786887e-6, 1.203799579795577e-5, 0.0012880201036129246, 0.0018466439869966587, 0.0028987964372907864, 0.0034864922413137393, 0.004317240374569683, 0.005392918463179469, 0.005805257085012124, 0.007149117896724297, 0.00813677811823139, 0.009738863917638093, 0.010865719543879444, 0.011436377713329178, 0.011709210748174177, 0.01457136371017416, 0.014806067255958993, 0.4185069084615227].
└ @ AlgorithmAnalysis S:\Research Material\CSE\MU\Project\1Code\AlgorithmAnalysis.jl\1CPU\src\interpolation.jl:303
┌ Warning: Gram matrix is not positive semidefinite; eigenvalues are [-2.8297249977440953e-6, -2.1919596093589773e-7, -1.2796235155790997e-7, -3.942848359484325e-8, -1.9443869778180842e-8, -1.2181154348452996e-8, -8.893054293824718e-9, -7.20950212750728e-9, -6.062186353874704e-9, 3.1317334203295315e-8, 2.179714330678804e-6, 1.203799579795469e-5, 0.001288020103612922, 0.0018466439869966587, 0.0028987964372907864, 0.003486492241313735, 0.004317240374569677, 0.0053929184631794705, 0.005805257085012125, 0.007149117896724315, 0.008136778118231387, 0.00973886391763808, 0.010865719543879439, 0.011436377713329208, 0.011709210748174163, 0.014571363710174201, 0.01480606725595902, 0.4185069084615223].
└ @ AlgorithmAnalysis S:\Research Material\CSE\MU\Project\1Code\AlgorithmAnalysis.jl\1CPU\src\interpolation.jl:303
┌ Warning: Gram matrix is not positive semidefinite; eigenvalues are [-2.8297249977438814e-6, -2.191959609305876e-7, -1.2796235155834508e-7, -3.942848359515143e-8, -1.9443869778066208e-8, -1.2181154348503353e-8, -8.893054293685374e-9, -7.209502127499115e-9, -6.06218635371598e-9, 3.13173342024303e-8, 2.179714330678518e-6, 1.2037995797957475e-5, 0.0012880201036129272, 0.0018466439869966593, 0.0028987964372907925, 0.0034864922413137384, 0.004317240374569686, 0.005392918463179467, 0.005805257085012129, 0.007149117896724306, 0.0081367781182314, 0.009738863917638093, 0.010865719543879448, 0.011436377713329202, 0.011709210748174142, 0.014571363710174201, 0.014806067255959024, 0.41850690846152266].
└ @ AlgorithmAnalysis S:\Research Material\CSE\MU\Project\1Code\AlgorithmAnalysis.jl\1CPU\src\interpolation.jl:303
┌ Warning: Gram matrix is not positive semidefinite; eigenvalues are [-2.829724997743854e-6, -2.1919596093463935e-7, -1.2796235155855446e-7, -3.942848359485795e-8, -1.9443869778557808e-8, -1.2181154348443758e-8, -8.893054294102668e-9, -7.2095021279126934e-9, -6.062186353746938e-9, 3.131733420265057e-8, 2.179714330678629e-6, 1.2037995797953397e-5, 0.001288020103612925, 0.0018466439869966591, 0.0028987964372907873, 0.0034864922413137362, 0.0043172403745696765, 0.005392918463179473, 0.005805257085012142, 0.007149117896724302, 0.008136778118231403, 0.009738863917638094, 0.010865719543879436, 0.011436377713329199, 0.011709210748174157, 0.014571363710174218, 0.014806067255959041, 0.4185069084615225].
└ @ AlgorithmAnalysis S:\Research Material\CSE\MU\Project\1Code\AlgorithmAnalysis.jl\1CPU\src\interpolation.jl:303
┌ Warning: Gram matrix is not positive semidefinite; eigenvalues are [-2.829724997743869e-6, -2.1919596093567215e-7, -1.279623515580428e-7, -3.942848359523748e-8, -1.944386977841342e-8, -1.218115434875069e-8, -8.893054294075727e-9, -7.209502127966919e-9, -6.062186354110071e-9, 3.131733420249069e-8, 2.1797143306787294e-6, 1.2037995797956282e-5, 0.0012880201036129253, 0.0018466439869966591, 0.002898796437290785, 0.003486492241313736, 0.004317240374569682, 0.005392918463179475, 0.00580525708501213, 0.007149117896724286, 0.008136778118231372, 0.009738863917638093, 0.010865719543879413, 0.011436377713329175, 0.011709210748174163, 0.014571363710174194, 0.014806067255959005, 0.4185069084615227].
└ @ AlgorithmAnalysis S:\Research Material\CSE\MU\Project\1Code\AlgorithmAnalysis.jl\1CPU\src\interpolation.jl:303
┌ Warning: Gram matrix is not positive semidefinite; eigenvalues are [-2.8297249977436277e-6, -2.1919596093548835e-7, -1.2796235155770774e-7, -3.9428483594723755e-8, -1.9443869778343793e-8, -1.2181154348478556e-8, -8.893054293755608e-9, -7.209502127687644e-9, -6.062186353358971e-9, 3.1317334220847875e-8, 2.1797143306791423e-6, 1.2037995797956433e-5, 0.0012880201036129294, 0.0018466439869966596, 0.002898796437290785, 0.0034864922413137436, 0.004317240374569692, 0.005392918463179476, 0.0058052570850121235, 0.0071491178967242955, 0.008136778118231387, 0.009738863917638098, 0.010865719543879418, 0.011436377713329194, 0.01170921074817415, 0.014571363710174213, 0.014806067255959045, 0.4185069084615226].
└ @ AlgorithmAnalysis S:\Research Material\CSE\MU\Project\1Code\AlgorithmAnalysis.jl\1CPU\src\interpolation.jl:303
┌ Warning: Gram matrix is not positive semidefinite; eigenvalues are [-2.829724997743716e-6, -2.1919596093481694e-7, -1.279623515580565e-7, -3.942848359515316e-8, -1.9443869778400852e-8, -1.2181154348462852e-8, -8.893054293828081e-9, -7.20950212768859e-9, -6.062186353873894e-9, 3.131733420262372e-8, 2.179714330678289e-6, 1.2037995797955213e-5, 0.001288020103612924, 0.0018466439869966548, 0.002898796437290787, 0.0034864922413137375, 0.004317240374569677, 0.005392918463179478, 0.00580525708501214, 0.007149117896724293, 0.008136778118231386, 0.009738863917638086, 0.01086571954387945, 0.011436377713329204, 0.011709210748174161, 0.014571363710174211, 0.014806067255959031, 0.4185069084615224].
└ @ AlgorithmAnalysis S:\Research Material\CSE\MU\Project\1Code\AlgorithmAnalysis.jl\1CPU\src\interpolation.jl:303
┌ Warning: Gram matrix is not positive semidefinite; eigenvalues are [-2.8297249977428197e-6, -2.1919596093477737e-7, -1.2796235155837025e-7, -3.942848359512407e-8, -1.944386977861097e-8, -1.2181154348698576e-8, -8.89305429401162e-9, -7.209502127770713e-9, -6.062186354094407e-9, 3.13173342049529e-8, 2.179714330678772e-6, 1.2037995797954874e-5, 0.001288020103612925, 0.001846643986996657, 0.002898796437290786, 0.0034864922413137375, 0.004317240374569685, 0.005392918463179467, 0.005805257085012127, 0.007149117896724298, 0.008136778118231392, 0.00973886391763807, 0.010865719543879415, 0.011436377713329197, 0.01170921074817417, 0.01457136371017419, 0.014806067255959045, 0.4185069084615227].
└ @ AlgorithmAnalysis S:\Research Material\CSE\MU\Project\1Code\AlgorithmAnalysis.jl\1CPU\src\interpolation.jl:303
┌ Warning: Gram matrix is not positive semidefinite; eigenvalues are [-2.829724997743741e-6, -2.191959609337269e-7, -1.2796235155810728e-7, -3.942848359493252e-8, -1.9443869778505566e-8, -1.2181154348597076e-8, -8.893054293802265e-9, -7.209502127487927e-9, -6.062186353877962e-9, 3.1317334204305196e-8, 2.1797143306786e-6, 1.2037995797954615e-5, 0.0012880201036129285, 0.0018466439869966576, 0.0028987964372907907, 0.0034864922413137336, 0.004317240374569687, 0.005392918463179476, 0.0058052570850121304, 0.007149117896724299, 0.0081367781182314, 0.009738863917638096, 0.010865719543879429, 0.011436377713329178, 0.011709210748174154, 0.014571363710174184, 0.014806067255959055, 0.4185069084615223].
└ @ AlgorithmAnalysis S:\Research Material\CSE\MU\Project\1Code\AlgorithmAnalysis.jl\1CPU\src\interpolation.jl:303
┌ Warning: Gram matrix is not positive semidefinite; eigenvalues are [-2.829724997744703e-6, -2.191959609334868e-7, -1.2796235155823325e-7, -3.9428483594977336e-8, -1.944386977844991e-8, -1.2181154348541765e-8, -8.893054293837747e-9, -7.209502127667557e-9, -6.062186353765531e-9, 3.131733420428849e-8, 2.1797143306786375e-6, 1.203799579795663e-5, 0.0012880201036129212, 0.001846643986996658, 0.0028987964372907894, 0.0034864922413137375, 0.0043172403745696825, 0.005392918463179473, 0.005805257085012133, 0.007149117896724292, 0.008136778118231386, 0.009738863917638086, 0.010865719543879422, 0.011436377713329185, 0.011709210748174142, 0.014571363710174208, 0.014806067255958994, 0.4185069084615226].
└ @ AlgorithmAnalysis S:\Research Material\CSE\MU\Project\1Code\AlgorithmAnalysis.jl\1CPU\src\interpolation.jl:303
┌ Warning: Gram matrix is not positive semidefinite; eigenvalues are [-2.8297249977443223e-6, -2.191959609343729e-7, -1.2796235155820625e-7, -3.942848359458236e-8, -1.944386977882722e-8, -1.2181154348186084e-8, -8.893054294850476e-9, -7.209502127000686e-9, -6.062186353653491e-9, 3.131733420534967e-8, 2.17971433067948e-6, 1.203799579796849e-5, 0.0012880201036129264, 0.0018466439869966591, 0.0028987964372907873, 0.003486492241313741, 0.004317240374569681, 0.005392918463179478, 0.005805257085012126, 0.007149117896724299, 0.00813677811823139, 0.009738863917638075, 0.010865719543879463, 0.011436377713329194, 0.01170921074817415, 0.014571363710174243, 0.014806067255959031, 0.4185069084615224].
└ @ AlgorithmAnalysis S:\Research Material\CSE\MU\Project\1Code\AlgorithmAnalysis.jl\1CPU\src\interpolation.jl:303
┌ Warning: Gram matrix is not positive semidefinite; eigenvalues are [-2.8297249977494943e-6, -2.1919596093577554e-7, -1.2796235155864607e-7, -3.94284835949408e-8, -1.9443869778183522e-8, -1.2181154348852704e-8, -8.893054293711487e-9, -7.209502127747834e-9, -6.06218635394588e-9, 3.131733420380484e-8, 2.179714330677722e-6, 1.2037995797952813e-5, 0.001288020103612927, 0.0018466439869966632, 0.0028987964372907873, 0.0034864922413137367, 0.00431724037456969, 0.005392918463179462, 0.005805257085012128, 0.0071491178967243016, 0.008136778118231398, 0.009738863917638107, 0.010865719543879453, 0.011436377713329195, 0.011709210748174145, 0.014571363710174194, 0.01480606725595902, 0.41850690846152233].
└ @ AlgorithmAnalysis S:\Research Material\CSE\MU\Project\1Code\AlgorithmAnalysis.jl\1CPU\src\interpolation.jl:303
┌ Warning: Gram matrix is not positive semidefinite; eigenvalues are [-2.8297249977441135e-6, -2.1919596093263403e-7, -1.2796235155796995e-7, -3.9428483594914576e-8, -1.944386977828801e-8, -1.2181154348567664e-8, -8.893054294099434e-9, -7.2095021276188855e-9, -6.062186353866666e-9, 3.131733420381093e-8, 2.1797143306780284e-6, 1.203799579795409e-5, 0.0012880201036129192, 0.001846643986996659, 0.0028987964372907864, 0.0034864922413137367, 0.004317240374569684, 0.005392918463179468, 0.005805257085012136, 0.007149117896724317, 0.008136778118231387, 0.009738863917638077, 0.010865719543879436, 0.011436377713329175, 0.011709210748174138, 0.014571363710174168, 0.014806067255958979, 0.4185069084615223].
└ @ AlgorithmAnalysis S:\Research Material\CSE\MU\Project\1Code\AlgorithmAnalysis.jl\1CPU\src\interpolation.jl:303
┌ Warning: Gram matrix is not positive semidefinite; eigenvalues are [-2.8297249977428675e-6, -2.1919596093512632e-7, -1.2796235155853116e-7, -3.94284835950494e-8, -1.9443869778421475e-8, -1.2181154348882584e-8, -8.893054294306636e-9, -7.209502127804104e-9, -6.0621863538732614e-9, 3.131733420074221e-8, 2.179714330678047e-6, 1.2037995797953834e-5, 0.0012880201036129266, 0.001846643986996655, 0.002898796437290787, 0.0034864922413137336, 0.004317240374569682, 0.005392918463179471, 0.005805257085012129, 0.007149117896724293, 0.008136778118231382, 0.00973886391763808, 0.010865719543879451, 0.011436377713329188, 0.01170921074817414, 0.014571363710174196, 0.014806067255959014, 0.4185069084615227].
└ @ AlgorithmAnalysis S:\Research Material\CSE\MU\Project\1Code\AlgorithmAnalysis.jl\1CPU\src\interpolation.jl:303
┌ Warning: Gram matrix is not positive semidefinite; eigenvalues are [-2.8297249977440754e-6, -2.1919596093507923e-7, -1.2796235155799039e-7, -3.942848359452208e-8, -1.9443869778293378e-8, -1.2181154348316327e-8, -8.893054293867544e-9, -7.209502127357185e-9, -6.062186353415997e-9, 3.131733420133897e-8, 2.179714330685997e-6, 1.2037995797949631e-5, 0.0012880201036129248, 0.001846643986996656, 0.002898796437290785, 0.003486492241313736, 0.004317240374569679, 0.0053929184631794766, 0.00580525708501213, 0.007149117896724303, 0.008136778118231387, 0.009738863917638079, 0.010865719543879422, 0.011436377713329195, 0.011709210748174145, 0.014571363710174175, 0.014806067255959015, 0.41850690846152233].
└ @ AlgorithmAnalysis S:\Research Material\CSE\MU\Project\1Code\AlgorithmAnalysis.jl\1CPU\src\interpolation.jl:303
┌ Warning: Gram matrix is not positive semidefinite; eigenvalues are [-2.829724997743499e-6, -2.1919596093339723e-7, -1.2796235155764392e-7, -3.9428483594599036e-8, -1.9443869778230158e-8, -1.2181154348625653e-8, -8.893054293794401e-9, -7.209502127564857e-9, -6.0621863537816016e-9, 3.131733420339251e-8, 2.179714330678962e-6, 1.203799579795425e-5, 0.0012880201036129264, 0.0018466439869966591, 0.002898796437290791, 0.003486492241313737, 0.004317240374569673, 0.005392918463179469, 0.005805257085012135, 0.0071491178967242955, 0.00813677811823137, 0.0097388639176381, 0.010865719543879417, 0.011436377713329173, 0.011709210748174128, 0.014571363710174205, 0.014806067255959012, 0.4185069084615223].
└ @ AlgorithmAnalysis S:\Research Material\CSE\MU\Project\1Code\AlgorithmAnalysis.jl\1CPU\src\interpolation.jl:303
┌ Warning: Gram matrix is not positive semidefinite; eigenvalues are [-2.8297249977440673e-6, -2.1919596092875626e-7, -1.2796235155846753e-7, -3.942848359491979e-8, -1.9443869778853406e-8, -1.2181154348959205e-8, -8.893054293999779e-9, -7.209502127828148e-9, -6.062186353919874e-9, 3.131733420173772e-8, 2.1797143306786794e-6, 1.2037995797954065e-5, 0.001288020103612923, 0.0018466439869966583, 0.0028987964372907842, 0.0034864922413137336, 0.004317240374569682, 0.005392918463179477, 0.005805257085012131, 0.007149117896724304, 0.008136778118231389, 0.009738863917638079, 0.010865719543879425, 0.011436377713329187, 0.01170921074817414, 0.014571363710174236, 0.014806067255959005, 0.4185069084615229].
└ @ AlgorithmAnalysis S:\Research Material\CSE\MU\Project\1Code\AlgorithmAnalysis.jl\1CPU\src\interpolation.jl:303
┌ Warning: Gram matrix is not positive semidefinite; eigenvalues are [-2.82972499774397e-6, -2.191959609348544e-7, -1.279623515581608e-7, -3.9428483594946505e-8, -1.944386977837923e-8, -1.2181154348789157e-8, -8.893054293886038e-9, -7.209502127586243e-9, -6.062186354011717e-9, 3.131733420514373e-8, 2.179714330678625e-6, 1.2037995797955188e-5, 0.0012880201036129279, 0.0018466439869966587, 0.0028987964372907795, 0.00348649224131374, 0.004317240374569675, 0.005392918463179471, 0.005805257085012125, 0.007149117896724306, 0.0081367781182314, 0.009738863917638105, 0.01086571954387945, 0.011436377713329208, 0.011709210748174168, 0.014571363710174196, 0.014806067255959022, 0.4185069084615229].
└ @ AlgorithmAnalysis S:\Research Material\CSE\MU\Project\1Code\AlgorithmAnalysis.jl\1CPU\src\interpolation.jl:303
┌ Warning: Gram matrix is not positive semidefinite; eigenvalues are [-2.8297249977434282e-6, -2.1919596093518048e-7, -1.27962351558213e-7, -3.942848359467831e-8, -1.94438697784885e-8, -1.2181154348609189e-8, -8.893054293617626e-9, -7.209502127520539e-9, -6.062186354026748e-9, 3.131733420456476e-8, 2.1797143306790335e-6, 1.2037995797956704e-5, 0.0012880201036129264, 0.0018466439869966609, 0.0028987964372907834, 0.0034864922413137362, 0.004317240374569683, 0.005392918463179483, 0.005805257085012138, 0.007149117896724295, 0.008136778118231386, 0.009738863917638094, 0.010865719543879434, 0.011436377713329176, 0.011709210748174144, 0.01457136371017421, 0.014806067255959031, 0.41850690846152216].
└ @ AlgorithmAnalysis S:\Research Material\CSE\MU\Project\1Code\AlgorithmAnalysis.jl\1CPU\src\interpolation.jl:303
┌ Warning: Gram matrix is not positive semidefinite; eigenvalues are [-2.829724997743467e-6, -2.191959609362616e-7, -1.2796235155726636e-7, -3.9428483594565135e-8, -1.9443869777965338e-8, -1.2181154348041215e-8, -8.893054293757079e-9, -7.209502127458298e-9, -6.0621863534143425e-9, 3.1317334200902645e-8, 2.179714330678799e-6, 1.2037995797954288e-5, 0.001288020103612924, 0.0018466439869966598, 0.0028987964372907864, 0.0034864922413137367, 0.004317240374569683, 0.005392918463179473, 0.005805257085012129, 0.007149117896724288, 0.008136778118231394, 0.009738863917638086, 0.010865719543879446, 0.011436377713329208, 0.011709210748174133, 0.014571363710174206, 0.014806067255959015, 0.41850690846152233].
└ @ AlgorithmAnalysis S:\Research Material\CSE\MU\Project\1Code\AlgorithmAnalysis.jl\1CPU\src\interpolation.jl:303
┌ Warning: Gram matrix is not positive semidefinite; eigenvalues are [-2.8297249977424482e-6, -2.1919596093663727e-7, -1.2796235155793377e-7, -3.942848359511891e-8, -1.9443869778441605e-8, -1.2181154348524155e-8, -8.893054293697934e-9, -7.209502127669407e-9, -6.062186353805399e-9, 3.131733420294679e-8, 2.179714330689738e-6, 1.2037995797955215e-5, 0.0012880201036129261, 0.0018466439869966587, 0.0028987964372907916, 0.003486492241313738, 0.00431724037456968, 0.005392918463179471, 0.005805257085012139, 0.0071491178967242825, 0.008136778118231405, 0.009738863917638058, 0.010865719543879422, 0.01143637771332919, 0.011709210748174137, 0.014571363710174229, 0.014806067255959, 0.4185069084615223].
└ @ AlgorithmAnalysis S:\Research Material\CSE\MU\Project\1Code\AlgorithmAnalysis.jl\1CPU\src\interpolation.jl:303
[ Info: Objective value: 1.9330599101676678e-5
[ Info: Analysis complete! Use `evaluate()` to obtain the value of any expression in the algorithm.
------ BENCHMARKING RESULTS ------
Setup Time: 1.5402874 seconds
Algorithm Computation Time: 31.1687386 seconds
Optimization Time: 7.7507287 seconds
RAM Usage: 2.124815 MB
Threads Used: 1
----- END OF RESULTS -----
