[ Info: PERFORMANCE ESTIMATION
[ Info: Maximizing the performance measure performance
[ Info: Algorithmic objects
[ Info:  ⋅ Variables
[ Info:    ⋅ 9 variables in Rⁿ
[ Info:    ⋅ 81 variables in R
[ Info:  ⋅ Constraints
[ Info:    ⋅ 8 Semidefinite
[ Info:    ⋅ 8 Positive
[ Info:  ⋅ Oracles
[ Info:    ⋅ 9 LinearFunctional{Rⁿ}
[ Info:    ⋅ 1 Map{Rⁿ, Rⁿ}
[ Info: Setting up the optimization problem
[ Info:   ✓ variables
[ Info:   ✓ objective
[ Info:   ✓ constraints
[ Info: Termination status: OPTIMAL
[ Info: Assigning values to original variables
┌ Warning: Interpolating oracle not implemented for ∇f
└ @ AlgorithmAnalysis S:\Research Material\CSE\MU\Project\1Code\AlgorithmAnalysis.jl\1CPU\src\interpolation.jl:293
[ Info: Objective value: 0.06024114243299103
[ Info: Analysis complete! Use `evaluate()` to obtain the value of any expression in the algorithm.
------ BENCHMARKING RESULTS ------
Setup Time: 0.0025631 seconds
Algorithm Computation Time: 0.2196377 seconds
Optimization Time: 0.0174648 seconds
RAM Usage: 0.159536 MB
Threads Used: 1
----- END OF RESULTS -----
