[ Info: PERFORMANCE ESTIMATION
[ Info: Maximizing the performance measure performance
[ Info: Algorithmic objects
[ Info:  ⋅ Variables
[ Info:    ⋅ 9 variables in Rⁿ
[ Info:    ⋅ 81 variables in R
[ Info:  ⋅ Constraints
[ Info:    ⋅ 5 Semidefinite
[ Info:    ⋅ 8 Positive
[ Info:  ⋅ Oracles
[ Info:    ⋅ 9 LinearFunctional{Rⁿ}
[ Info:    ⋅ 1 Map{Rⁿ, Rⁿ}
[ Info: Setting up the optimization problem
[ Info:   ✓ variables
[ Info:   ✓ objective
[ Info:   ✓ constraints
[ Info: Termination status: OPTIMAL
[ Info: Assigning values to original variables
┌ Warning: Interpolating oracle not implemented for ∇f
└ @ AlgorithmAnalysis S:\Research Material\CSE\MU\Project\1Code\AlgorithmAnalysis.jl\1CPU\src\interpolation.jl:293
[ Info: Objective value: 0.06025282354669839
[ Info: Analysis complete! Use `evaluate()` to obtain the value of any expression in the algorithm.
------ BENCHMARKING RESULTS ------
Setup Time: 1.4651482 seconds
Algorithm Computation Time: 11.9356728 seconds
Optimization Time: 2.7944383 seconds
RAM Usage: 0.141272 MB
Threads Used: 1
----- END OF RESULTS -----
