[ Info: PERFORMANCE ESTIMATION
[ Info: Maximizing the performance measure performance
[ Info: Algorithmic objects
[ Info:  ⋅ Variables
[ Info:    ⋅ 14 variables in Rⁿ
[ Info:    ⋅ 196 variables in R
[ Info:  ⋅ Constraints
[ Info:    ⋅ 6 Semidefinite
[ Info:    ⋅ 13 Positive
[ Info:  ⋅ Oracles
[ Info:    ⋅ 14 LinearFunctional{Rⁿ}
[ Info:    ⋅ 1 Map{Rⁿ, Rⁿ}
[ Info: Setting up the optimization problem
[ Info:   ✓ variables
[ Info:   ✓ objective
[ Info:   ✓ constraints
[ Info: Termination status: OPTIMAL
[ Info: Assigning values to original variables
┌ Warning: Interpolating oracle not implemented for ∇f
└ @ AlgorithmAnalysis S:\Research Material\CSE\MU\Project\1Code\AlgorithmAnalysis.jl\1CPU\src\interpolation.jl:293
[ Info: Objective value: 0.008091798586209887
[ Info: Analysis complete! Use `evaluate()` to obtain the value of any expression in the algorithm.
------ BENCHMARKING RESULTS ------
Setup Time: 1.3970991 seconds
Algorithm Computation Time: 12.3655836 seconds
Optimization Time: 2.8338024 seconds
RAM Usage: 0.368455 MB
Threads Used: 1
----- END OF RESULTS -----
