[ Info: PERFORMANCE ESTIMATION
[ Info: Maximizing the performance measure performance
[ Info: Algorithmic objects
[ Info:  ⋅ Variables
[ Info:    ⋅ 29 variables in Rⁿ
[ Info:    ⋅ 841 variables in R
[ Info:  ⋅ Constraints
[ Info:    ⋅ 17 Semidefinite
[ Info:    ⋅ 28 Positive
[ Info:  ⋅ Oracles
[ Info:    ⋅ 29 LinearFunctional{Rⁿ}
[ Info:    ⋅ 1 Map{Rⁿ, Rⁿ}
[ Info: Setting up the optimization problem
[ Info:   ✓ variables
[ Info:   ✓ objective
[ Info:   ✓ constraints
[ Info: Termination status: OPTIMAL
[ Info: Assigning values to original variables
┌ Warning: Gram matrix is not positive semidefinite; eigenvalues are [-5.7597793954139545e-6, -2.9197271345602886e-7, -9.383738587431135e-8, -6.45145504931943e-8, -4.5975680877245856e-8, -2.8169996069084003e-8, -2.004693634085711e-8, -1.573882600817134e-8, -1.3054508787915502e-8, -1.1037325485043456e-8, -9.230553663357064e-9, 2.1782833333425545e-6, 1.765208043369478e-5, 0.0011045876572281855, 0.0022470574492765914, 0.0028453073004417063, 0.003181235773941525, 0.0044585128328240055, 0.005477050080547029, 0.007269413751622132, 0.007889469557610574, 0.008239335954345868, 0.009330979750061395, 0.010190492549024372, 0.012502226367232588, 0.013655813923768047, 0.018639745028264893, 0.019916091456816148, 0.32707291117468934].
└ @ AlgorithmAnalysis S:\Research Material\CSE\MU\Project\1Code\AlgorithmAnalysis.jl\1CPU\src\interpolation.jl:303
┌ Warning: Interpolating oracle not implemented for ∇f
└ @ AlgorithmAnalysis S:\Research Material\CSE\MU\Project\1Code\AlgorithmAnalysis.jl\1CPU\src\interpolation.jl:293
┌ Warning: Gram matrix is not positive semidefinite; eigenvalues are [-5.7597793954133235e-6, -2.919727134570521e-7, -9.383738587435635e-8, -6.451455048618699e-8, -4.597568087766927e-8, -2.8169996069274486e-8, -2.004693634092876e-8, -1.5738826007708635e-8, -1.3054508787989073e-8, -1.1037325485266564e-8, -9.230553662946388e-9, 2.178283333342919e-6, 1.7652080433695226e-5, 0.0011045876572281907, 0.002247057449276595, 0.0028453073004417193, 0.003181235773941524, 0.004458512832824015, 0.005477050080547029, 0.0072694137516221315, 0.00788946955761057, 0.008239335954345844, 0.009330979750061351, 0.010190492549024386, 0.012502226367232607, 0.013655813923767987, 0.018639745028264928, 0.019916091456816186, 0.32707291117468945].
└ @ AlgorithmAnalysis S:\Research Material\CSE\MU\Project\1Code\AlgorithmAnalysis.jl\1CPU\src\interpolation.jl:303
┌ Warning: Gram matrix is not positive semidefinite; eigenvalues are [-5.759779395412927e-6, -2.919727134559196e-7, -9.383738587380325e-8, -6.451455048975055e-8, -4.597568087671455e-8, -2.8169996068524978e-8, -2.00469363404508e-8, -1.5738826007597955e-8, -1.305450878765434e-8, -1.1037325484870434e-8, -9.23055366307982e-9, 2.1782833333410815e-6, 1.7652080433696843e-5, 0.0011045876572281829, 0.0022470574492766023, 0.002845307300441705, 0.003181235773941523, 0.004458512832824014, 0.005477050080547035, 0.00726941375162213, 0.00788946955761057, 0.008239335954345842, 0.00933097975006139, 0.01019049254902439, 0.012502226367232572, 0.013655813923768025, 0.018639745028264963, 0.019916091456816203, 0.32707291117468923].
└ @ AlgorithmAnalysis S:\Research Material\CSE\MU\Project\1Code\AlgorithmAnalysis.jl\1CPU\src\interpolation.jl:303
┌ Warning: Gram matrix is not positive semidefinite; eigenvalues are [-5.759779395414294e-6, -2.9197271345660654e-7, -9.383738587451226e-8, -6.45145505004308e-8, -4.5975680877348486e-8, -2.8169996069179856e-8, -2.0046936340666775e-8, -1.5738826007986436e-8, -1.3054508787889201e-8, -1.1037325484980464e-8, -9.230553662903001e-9, 2.1782833333427662e-6, 1.7652080433695104e-5, 0.0011045876572281532, 0.002247057449276595, 0.0028453073004417076, 0.0031812357739415195, 0.004458512832824009, 0.005477050080547031, 0.007269413751622137, 0.007889469557610584, 0.008239335954345853, 0.00933097975006137, 0.010190492549024384, 0.012502226367232602, 0.013655813923768093, 0.018639745028264904, 0.019916091456816137, 0.3270729111746893].
└ @ AlgorithmAnalysis S:\Research Material\CSE\MU\Project\1Code\AlgorithmAnalysis.jl\1CPU\src\interpolation.jl:303
┌ Warning: Gram matrix is not positive semidefinite; eigenvalues are [-5.759779395413981e-6, -2.919727134564251e-7, -9.38373858743426e-8, -6.451455048778652e-8, -4.597568087674147e-8, -2.8169996068922997e-8, -2.004693634139569e-8, -1.573882600770158e-8, -1.305450878762135e-8, -1.1037325484682406e-8, -9.230553663189905e-9, 2.1782833333428594e-6, 1.765208043369744e-5, 0.001104587657228185, 0.002247057449276593, 0.002845307300441698, 0.0031812357739415195, 0.004458512832824004, 0.0054770500805470315, 0.007269413751622136, 0.007889469557610574, 0.008239335954345837, 0.009330979750061386, 0.010190492549024386, 0.012502226367232602, 0.01365581392376804, 0.018639745028264917, 0.019916091456816165, 0.3270729111746896].
└ @ AlgorithmAnalysis S:\Research Material\CSE\MU\Project\1Code\AlgorithmAnalysis.jl\1CPU\src\interpolation.jl:303
┌ Warning: Gram matrix is not positive semidefinite; eigenvalues are [-5.759779395413209e-6, -2.919727134563785e-7, -9.383738587438006e-8, -6.451455048864718e-8, -4.5975680877203286e-8, -2.8169996068835584e-8, -2.004693634081396e-8, -1.5738826007704162e-8, -1.3054508787710949e-8, -1.1037325484841997e-8, -9.230553662479097e-9, 2.1782833333427997e-6, 1.765208043369654e-5, 0.001104587657228183, 0.0022470574492765875, 0.002845307300441695, 0.0031812357739415204, 0.004458512832824014, 0.00547705008054703, 0.007269413751622124, 0.007889469557610551, 0.008239335954345842, 0.009330979750061391, 0.010190492549024396, 0.012502226367232578, 0.013655813923768023, 0.01863974502826489, 0.019916091456816137, 0.3270729111746895].
└ @ AlgorithmAnalysis S:\Research Material\CSE\MU\Project\1Code\AlgorithmAnalysis.jl\1CPU\src\interpolation.jl:303
┌ Warning: Gram matrix is not positive semidefinite; eigenvalues are [-5.759779395413771e-6, -2.9197271345633136e-7, -9.383738587417365e-8, -6.451455049565844e-8, -4.597568087704467e-8, -2.8169996068986915e-8, -2.0046936340726858e-8, -1.5738826007708235e-8, -1.3054508787759819e-8, -1.1037325484708022e-8, -9.23055366273296e-9, 2.1782833333427497e-6, 1.765208043369432e-5, 0.0011045876572281835, 0.0022470574492765953, 0.002845307300441706, 0.003181235773941521, 0.004458512832824011, 0.005477050080547037, 0.007269413751622132, 0.007889469557610588, 0.008239335954345851, 0.009330979750061402, 0.010190492549024413, 0.012502226367232621, 0.013655813923768021, 0.01863974502826497, 0.019916091456816172, 0.32707291117468973].
└ @ AlgorithmAnalysis S:\Research Material\CSE\MU\Project\1Code\AlgorithmAnalysis.jl\1CPU\src\interpolation.jl:303
┌ Warning: Gram matrix is not positive semidefinite; eigenvalues are [-5.759779395413651e-6, -2.9197271345658166e-7, -9.38373858744881e-8, -6.451455049047484e-8, -4.5975680877250965e-8, -2.8169996069160653e-8, -2.0046936341010813e-8, -1.5738826007837828e-8, -1.3054508787757159e-8, -1.1037325484948333e-8, -9.230553662997721e-9, 2.178283333342862e-6, 1.765208043369566e-5, 0.0011045876572281829, 0.0022470574492765953, 0.0028453073004417037, 0.003181235773941523, 0.004458512832824015, 0.005477050080547045, 0.007269413751622125, 0.007889469557610572, 0.008239335954345846, 0.009330979750061396, 0.010190492549024386, 0.01250222636723261, 0.01365581392376802, 0.018639745028264872, 0.019916091456816172, 0.3270729111746897].
└ @ AlgorithmAnalysis S:\Research Material\CSE\MU\Project\1Code\AlgorithmAnalysis.jl\1CPU\src\interpolation.jl:303
┌ Warning: Gram matrix is not positive semidefinite; eigenvalues are [-5.759779395413681e-6, -2.919727134570466e-7, -9.383738587421921e-8, -6.451455049223851e-8, -4.5975680877100974e-8, -2.816999606861623e-8, -2.004693634067708e-8, -1.5738826007890427e-8, -1.3054508787563107e-8, -1.1037325484699372e-8, -9.230553662838934e-9, 2.1782833333430017e-6, 1.7652080433697263e-5, 0.001104587657228184, 0.002247057449276594, 0.002845307300441701, 0.003181235773941519, 0.004458512832824007, 0.005477050080547033, 0.007269413751622127, 0.007889469557610572, 0.00823933595434584, 0.009330979750061363, 0.010190492549024377, 0.012502226367232624, 0.013655813923768013, 0.018639745028264928, 0.01991609145681615, 0.3270729111746895].
└ @ AlgorithmAnalysis S:\Research Material\CSE\MU\Project\1Code\AlgorithmAnalysis.jl\1CPU\src\interpolation.jl:303
┌ Warning: Gram matrix is not positive semidefinite; eigenvalues are [-5.759779395414061e-6, -2.9197271345678293e-7, -9.383738587451925e-8, -6.451455048915948e-8, -4.597568087741829e-8, -2.8169996068772834e-8, -2.0046936340880095e-8, -1.5738826007881596e-8, -1.3054508788027617e-8, -1.103732548477768e-8, -9.230553663059935e-9, 2.1782833333427933e-6, 1.7652080433696636e-5, 0.0011045876572281649, 0.0022470574492765957, 0.002845307300441703, 0.0031812357739415247, 0.004458512832824008, 0.005477050080547039, 0.007269413751622123, 0.00788946955761057, 0.008239335954345815, 0.009330979750061365, 0.01019049254902441, 0.01250222636723259, 0.013655813923768042, 0.018639745028264956, 0.019916091456816127, 0.32707291117468934].
└ @ AlgorithmAnalysis S:\Research Material\CSE\MU\Project\1Code\AlgorithmAnalysis.jl\1CPU\src\interpolation.jl:303
┌ Warning: Gram matrix is not positive semidefinite; eigenvalues are [-5.759779395414551e-6, -2.919727134567485e-7, -9.383738587502985e-8, -6.451455049022219e-8, -4.597568087729324e-8, -2.8169996069430532e-8, -2.00469363412157e-8, -1.5738826008158172e-8, -1.305450878765633e-8, -1.1037325484964433e-8, -9.230553663095618e-9, 2.17828333334205e-6, 1.7652080433695718e-5, 0.0011045876572281844, 0.002247057449276598, 0.0028453073004417024, 0.0031812357739415217, 0.004458512832824011, 0.005477050080547037, 0.007269413751622123, 0.00788946955761057, 0.00823933595434585, 0.009330979750061379, 0.010190492549024377, 0.012502226367232624, 0.013655813923767968, 0.01863974502826493, 0.019916091456816096, 0.32707291117468956].
└ @ AlgorithmAnalysis S:\Research Material\CSE\MU\Project\1Code\AlgorithmAnalysis.jl\1CPU\src\interpolation.jl:303
┌ Warning: Gram matrix is not positive semidefinite; eigenvalues are [-5.759779395413416e-6, -2.9197271345660463e-7, -9.38373858742981e-8, -6.451455049330345e-8, -4.597568087742883e-8, -2.816999606929608e-8, -2.00469363412648e-8, -1.573882600734094e-8, -1.3054508787526148e-8, -1.1037325484898487e-8, -9.230553663169332e-9, 2.1782833333430813e-6, 1.7652080433695565e-5, 0.0011045876572281824, 0.0022470574492765914, 0.0028453073004417063, 0.003181235773941518, 0.004458512832824007, 0.0054770500805470385, 0.007269413751622132, 0.007889469557610577, 0.008239335954345815, 0.00933097975006139, 0.010190492549024394, 0.012502226367232592, 0.013655813923768014, 0.0186397450282649, 0.019916091456816103, 0.32707291117468934].
└ @ AlgorithmAnalysis S:\Research Material\CSE\MU\Project\1Code\AlgorithmAnalysis.jl\1CPU\src\interpolation.jl:303
┌ Warning: Gram matrix is not positive semidefinite; eigenvalues are [-5.759779395413748e-6, -2.9197271345675376e-7, -9.383738587462613e-8, -6.451455049437363e-8, -4.597568087726705e-8, -2.8169996069210475e-8, -2.0046936341370176e-8, -1.5738826008071056e-8, -1.3054508787981192e-8, -1.1037325485130215e-8, -9.230553663090715e-9, 2.1782833333428056e-6, 1.7652080433695413e-5, 0.0011045876572281824, 0.0022470574492765957, 0.002845307300441706, 0.0031812357739415243, 0.004458512832824005, 0.005477050080547032, 0.0072694137516221185, 0.007889469557610582, 0.00823933595434586, 0.009330979750061391, 0.010190492549024365, 0.012502226367232621, 0.013655813923768046, 0.01863974502826493, 0.019916091456816158, 0.3270729111746896].
└ @ AlgorithmAnalysis S:\Research Material\CSE\MU\Project\1Code\AlgorithmAnalysis.jl\1CPU\src\interpolation.jl:303
┌ Warning: Gram matrix is not positive semidefinite; eigenvalues are [-5.759779395413337e-6, -2.919727134566508e-7, -9.383738587449296e-8, -6.451455049215388e-8, -4.597568087725701e-8, -2.8169996068666425e-8, -2.0046936340797248e-8, -1.573882600873687e-8, -1.305450878827974e-8, -1.1037325485035697e-8, -9.230553663005062e-9, 2.178283333341027e-6, 1.765208043369717e-5, 0.0011045876572281811, 0.002247057449276591, 0.002845307300441701, 0.0031812357739415247, 0.004458512832824005, 0.0054770500805470315, 0.007269413751622131, 0.007889469557610574, 0.008239335954345818, 0.009330979750061362, 0.010190492549024367, 0.012502226367232624, 0.013655813923768, 0.01863974502826491, 0.019916091456816155, 0.3270729111746895].
└ @ AlgorithmAnalysis S:\Research Material\CSE\MU\Project\1Code\AlgorithmAnalysis.jl\1CPU\src\interpolation.jl:303
┌ Warning: Gram matrix is not positive semidefinite; eigenvalues are [-5.759779395412375e-6, -2.919727134565794e-7, -9.383738587437836e-8, -6.451455049082133e-8, -4.597568087760404e-8, -2.8169996069339972e-8, -2.0046936341032396e-8, -1.5738826007938664e-8, -1.3054508788283065e-8, -1.103732548533635e-8, -9.23055366304932e-9, 2.1782833333428573e-6, 1.765208043369249e-5, 0.0011045876572281818, 0.002247057449276591, 0.002845307300441702, 0.0031812357739415173, 0.004458512832824013, 0.005477050080547036, 0.007269413751622125, 0.007889469557610575, 0.008239335954345842, 0.009330979750061386, 0.01019049254902439, 0.012502226367232616, 0.013655813923768035, 0.01863974502826492, 0.01991609145681614, 0.3270729111746895].
└ @ AlgorithmAnalysis S:\Research Material\CSE\MU\Project\1Code\AlgorithmAnalysis.jl\1CPU\src\interpolation.jl:303
┌ Warning: Gram matrix is not positive semidefinite; eigenvalues are [-5.759779395413576e-6, -2.919727134564823e-7, -9.383738587439222e-8, -6.45145504939772e-8, -4.597568087738313e-8, -2.816999606906407e-8, -2.0046936340810877e-8, -1.573882600775957e-8, -1.3054508787779233e-8, -1.1037325485193235e-8, -9.230553663010986e-9, 2.1782833333420484e-6, 1.7652080433694813e-5, 0.0011045876572281837, 0.002247057449276595, 0.0028453073004417, 0.0031812357739415087, 0.004458512832824008, 0.0054770500805470385, 0.007269413751622131, 0.007889469557610577, 0.008239335954345832, 0.00933097975006138, 0.010190492549024387, 0.01250222636723259, 0.01365581392376798, 0.018639745028264886, 0.019916091456816134, 0.3270729111746893].
└ @ AlgorithmAnalysis S:\Research Material\CSE\MU\Project\1Code\AlgorithmAnalysis.jl\1CPU\src\interpolation.jl:303
┌ Warning: Gram matrix is not positive semidefinite; eigenvalues are [-5.759779395414745e-6, -2.919727134566453e-7, -9.383738587467865e-8, -6.451455049130055e-8, -4.597568087725971e-8, -2.816999606905587e-8, -2.0046936341074443e-8, -1.573882600783975e-8, -1.3054508787891302e-8, -1.1037325485095823e-8, -9.230553663013742e-9, 2.178283333342837e-6, 1.7652080433698835e-5, 0.0011045876572281811, 0.002247057449276595, 0.0028453073004417024, 0.003181235773941522, 0.004458512832824018, 0.005477050080547039, 0.007269413751622125, 0.007889469557610574, 0.00823933595434585, 0.009330979750061379, 0.010190492549024389, 0.012502226367232592, 0.013655813923768021, 0.018639745028264917, 0.019916091456816092, 0.3270729111746893].
└ @ AlgorithmAnalysis S:\Research Material\CSE\MU\Project\1Code\AlgorithmAnalysis.jl\1CPU\src\interpolation.jl:303
┌ Warning: Gram matrix is not positive semidefinite; eigenvalues are [-5.759779395414207e-6, -2.919727134564361e-7, -9.383738587472522e-8, -6.45145504916134e-8, -4.597568087737085e-8, -2.8169996069462355e-8, -2.0046936340873597e-8, -1.5738826007962534e-8, -1.3054508788075312e-8, -1.1037325485467247e-8, -9.23055366327055e-9, 2.1782833333424257e-6, 1.765208043369627e-5, 0.0011045876572281837, 0.0022470574492765953, 0.0028453073004417045, 0.003181235773941517, 0.004458512832824002, 0.005477050080547036, 0.007269413751622127, 0.00788946955761057, 0.008239335954345842, 0.009330979750061379, 0.01019049254902438, 0.012502226367232593, 0.013655813923768042, 0.01863974502826488, 0.019916091456816127, 0.32707291117468945].
└ @ AlgorithmAnalysis S:\Research Material\CSE\MU\Project\1Code\AlgorithmAnalysis.jl\1CPU\src\interpolation.jl:303
┌ Warning: Gram matrix is not positive semidefinite; eigenvalues are [-5.759779395413174e-6, -2.9197271345652676e-7, -9.383738587466471e-8, -6.45145504922993e-8, -4.597568087708435e-8, -2.8169996068903452e-8, -2.0046936340869123e-8, -1.5738826007683645e-8, -1.3054508787678788e-8, -1.103732548484036e-8, -9.230553662924531e-9, 2.1782833333426057e-6, 1.7652080433695196e-5, 0.0011045876572281837, 0.0022470574492766, 0.002845307300441705, 0.003181235773941526, 0.004458512832824006, 0.005477050080547035, 0.007269413751622128, 0.007889469557610558, 0.008239335954345827, 0.009330979750061391, 0.010190492549024396, 0.012502226367232614, 0.013655813923767999, 0.01863974502826491, 0.01991609145681614, 0.3270729111746897].
└ @ AlgorithmAnalysis S:\Research Material\CSE\MU\Project\1Code\AlgorithmAnalysis.jl\1CPU\src\interpolation.jl:303
┌ Warning: Gram matrix is not positive semidefinite; eigenvalues are [-5.7597793954131964e-6, -2.9197271345646503e-7, -9.383738587451848e-8, -6.45145504930247e-8, -4.5975680877121614e-8, -2.816999606914687e-8, -2.004693634080785e-8, -1.573882600759474e-8, -1.3054508787926266e-8, -1.1037325485095755e-8, -9.230553662971164e-9, 2.1782833333427214e-6, 1.7652080433695165e-5, 0.0011045876572281722, 0.0022470574492765975, 0.002845307300441707, 0.0031812357739415278, 0.004458512832824008, 0.005477050080547031, 0.007269413751622116, 0.007889469557610575, 0.008239335954345832, 0.00933097975006138, 0.010190492549024377, 0.01250222636723259, 0.013655813923768073, 0.01863974502826493, 0.01991609145681615, 0.32707291117468956].
└ @ AlgorithmAnalysis S:\Research Material\CSE\MU\Project\1Code\AlgorithmAnalysis.jl\1CPU\src\interpolation.jl:303
┌ Warning: Gram matrix is not positive semidefinite; eigenvalues are [-5.759779395413314e-6, -2.9197271345648954e-7, -9.383738587473707e-8, -6.451455049134194e-8, -4.597568087737195e-8, -2.8169996069197326e-8, -2.0046936340986057e-8, -1.5738826007766406e-8, -1.3054508788119474e-8, -1.103732548529288e-8, -9.230553663316724e-9, 2.1782833333430818e-6, 1.7652080433695206e-5, 0.0011045876572281837, 0.002247057449276591, 0.002845307300441703, 0.00318123577394152, 0.004458512832824013, 0.005477050080547041, 0.007269413751622127, 0.007889469557610572, 0.008239335954345828, 0.009330979750061374, 0.010190492549024394, 0.012502226367232616, 0.013655813923768035, 0.018639745028264904, 0.019916091456816144, 0.3270729111746902].
└ @ AlgorithmAnalysis S:\Research Material\CSE\MU\Project\1Code\AlgorithmAnalysis.jl\1CPU\src\interpolation.jl:303
┌ Warning: Gram matrix is not positive semidefinite; eigenvalues are [-5.759779395414163e-6, -2.9197271345651066e-7, -9.383738587432038e-8, -6.451455049361662e-8, -4.597568087719326e-8, -2.81699960689826e-8, -2.0046936340744116e-8, -1.5738826007763362e-8, -1.3054508787605452e-8, -1.1037325484865395e-8, -9.230553662688971e-9, 2.1782833333324735e-6, 1.7652080433687183e-5, 0.0011045876572281844, 0.002247057449276595, 0.002845307300441701, 0.0031812357739415187, 0.004458512832824014, 0.0054770500805470254, 0.0072694137516221315, 0.007889469557610574, 0.008239335954345825, 0.00933097975006139, 0.010190492549024394, 0.012502226367232633, 0.013655813923768021, 0.018639745028264907, 0.01991609145681619, 0.3270729111746895].
└ @ AlgorithmAnalysis S:\Research Material\CSE\MU\Project\1Code\AlgorithmAnalysis.jl\1CPU\src\interpolation.jl:303
┌ Warning: Gram matrix is not positive semidefinite; eigenvalues are [-5.759779395414381e-6, -2.919727134567457e-7, -9.383738587442454e-8, -6.451455049269347e-8, -4.597568087698444e-8, -2.816999606892677e-8, -2.0046936341380142e-8, -1.573882600788107e-8, -1.3054508787616407e-8, -1.1037325484852192e-8, -9.230553662884371e-9, 2.178283333337845e-6, 1.765208043369111e-5, 0.00110458765722818, 0.002247057449276596, 0.002845307300441702, 0.003181235773941518, 0.004458512832824016, 0.005477050080547038, 0.007269413751622126, 0.007889469557610579, 0.008239335954345842, 0.00933097975006139, 0.010190492549024386, 0.012502226367232557, 0.013655813923768016, 0.018639745028264914, 0.019916091456816165, 0.3270729111746895].
└ @ AlgorithmAnalysis S:\Research Material\CSE\MU\Project\1Code\AlgorithmAnalysis.jl\1CPU\src\interpolation.jl:303
┌ Warning: Gram matrix is not positive semidefinite; eigenvalues are [-5.759779395413498e-6, -2.919727134566927e-7, -9.383738587434672e-8, -6.451455048853275e-8, -4.597568087696554e-8, -2.8169996068956547e-8, -2.004693634086405e-8, -1.5738826007792462e-8, -1.3054508787657816e-8, -1.1037325484885648e-8, -9.23055366341446e-9, 2.1782833333426748e-6, 1.7652080433694678e-5, 0.0011045876572281848, 0.0022470574492765953, 0.0028453073004417015, 0.0031812357739415187, 0.004458512832824006, 0.005477050080547023, 0.007269413751622127, 0.007889469557610575, 0.008239335954345828, 0.009330979750061395, 0.01019049254902438, 0.012502226367232586, 0.01365581392376801, 0.018639745028264945, 0.01991609145681611, 0.3270729111746895].
└ @ AlgorithmAnalysis S:\Research Material\CSE\MU\Project\1Code\AlgorithmAnalysis.jl\1CPU\src\interpolation.jl:303
┌ Warning: Gram matrix is not positive semidefinite; eigenvalues are [-5.7597793954135005e-6, -2.9197271345640283e-7, -9.383738587451676e-8, -6.451455049210171e-8, -4.59756808771181e-8, -2.8169996068569705e-8, -2.0046936340871304e-8, -1.5738826007631466e-8, -1.3054508787417014e-8, -1.103732548486034e-8, -9.230553662851395e-9, 2.1782833333427387e-6, 1.765208043369484e-5, 0.001104587657228175, 0.0022470574492765997, 0.002845307300441706, 0.0031812357739415226, 0.004458512832824013, 0.005477050080547036, 0.0072694137516221054, 0.007889469557610577, 0.008239335954345844, 0.009330979750061377, 0.010190492549024377, 0.01250222636723262, 0.013655813923767992, 0.018639745028264872, 0.01991609145681613, 0.3270729111746895].
└ @ AlgorithmAnalysis S:\Research Material\CSE\MU\Project\1Code\AlgorithmAnalysis.jl\1CPU\src\interpolation.jl:303
┌ Warning: Gram matrix is not positive semidefinite; eigenvalues are [-5.759779395414032e-6, -2.919727134566478e-7, -9.383738587434514e-8, -6.451455048935571e-8, -4.59756808772509e-8, -2.81699960687455e-8, -2.00469363407681e-8, -1.5738826007882654e-8, -1.305450878765227e-8, -1.103732548506795e-8, -9.23055366285852e-9, 2.1782833333424444e-6, 1.7652080433694244e-5, 0.0011045876572281835, 0.0022470574492765892, 0.0028453073004416998, 0.0031812357739415204, 0.004458512832824013, 0.005477050080547028, 0.007269413751622142, 0.007889469557610574, 0.008239335954345848, 0.009330979750061376, 0.01019049254902439, 0.012502226367232585, 0.013655813923768004, 0.018639745028264897, 0.019916091456816172, 0.32707291117468984].
└ @ AlgorithmAnalysis S:\Research Material\CSE\MU\Project\1Code\AlgorithmAnalysis.jl\1CPU\src\interpolation.jl:303
┌ Warning: Gram matrix is not positive semidefinite; eigenvalues are [-5.759779395413942e-6, -2.9197271345666985e-7, -9.38373858743066e-8, -6.45145504889262e-8, -4.597568087723097e-8, -2.8169996068898066e-8, -2.0046936340807426e-8, -1.5738826007642044e-8, -1.3054508787666483e-8, -1.1037325484827781e-8, -9.23055366303525e-9, 2.178283333342801e-6, 1.7652080433694952e-5, 0.0011045876572281844, 0.0022470574492765966, 0.002845307300441706, 0.0031812357739415265, 0.004458512832824014, 0.005477050080547046, 0.0072694137516221315, 0.007889469557610577, 0.008239335954345844, 0.009330979750061384, 0.010190492549024415, 0.01250222636723261, 0.013655813923768051, 0.01863974502826494, 0.01991609145681617, 0.32707291117468956].
└ @ AlgorithmAnalysis S:\Research Material\CSE\MU\Project\1Code\AlgorithmAnalysis.jl\1CPU\src\interpolation.jl:303
┌ Warning: Gram matrix is not positive semidefinite; eigenvalues are [-5.759779395413272e-6, -2.9197271345698823e-7, -9.383738587501118e-8, -6.451455048889494e-8, -4.59756808772754e-8, -2.8169996069293842e-8, -2.0046936341115104e-8, -1.5738826007996693e-8, -1.30545087876877e-8, -1.1037325485013292e-8, -9.230553663246324e-9, 2.1782833333427286e-6, 1.7652080433695545e-5, 0.0011045876572281814, 0.002247057449276599, 0.002845307300441705, 0.003181235773941523, 0.004458512832824014, 0.005477050080547052, 0.007269413751622137, 0.007889469557610572, 0.008239335954345827, 0.009330979750061398, 0.01019049254902441, 0.012502226367232635, 0.013655813923768028, 0.018639745028264924, 0.01991609145681609, 0.3270729111746896].
└ @ AlgorithmAnalysis S:\Research Material\CSE\MU\Project\1Code\AlgorithmAnalysis.jl\1CPU\src\interpolation.jl:303
┌ Warning: Gram matrix is not positive semidefinite; eigenvalues are [-5.759779395414184e-6, -2.919727134562869e-7, -9.383738587429759e-8, -6.451455049317889e-8, -4.597568087700122e-8, -2.8169996069690412e-8, -2.0046936340970906e-8, -1.5738826008730938e-8, -1.3054508787672655e-8, -1.1037325484985831e-8, -9.230553663357667e-9, 2.1782833333427806e-6, 1.7652080433694962e-5, 0.0011045876572281837, 0.002247057449276594, 0.0028453073004417037, 0.003181235773941521, 0.004458512832824011, 0.005477050080547027, 0.00726941375162214, 0.007889469557610567, 0.008239335954345827, 0.009330979750061358, 0.010190492549024394, 0.012502226367232586, 0.013655813923768042, 0.01863974502826491, 0.01991609145681613, 0.32707291117468945].
└ @ AlgorithmAnalysis S:\Research Material\CSE\MU\Project\1Code\AlgorithmAnalysis.jl\1CPU\src\interpolation.jl:303
[ Info: Objective value: 2.129862098509212e-5
[ Info: Analysis complete! Use `evaluate()` to obtain the value of any expression in the algorithm.
------ BENCHMARKING RESULTS ------
Setup Time: 0.0245463 seconds
Algorithm Computation Time: 951.789922 seconds
Optimization Time: 1.6864456 seconds
RAM Usage: 2.004888 MB
Threads Used: 1
----- END OF RESULTS -----
