[ Info: PERFORMANCE ESTIMATION
[ Info: Maximizing the performance measure performance
[ Info: Algorithmic objects
[ Info:  ⋅ Variables
[ Info:    ⋅ 29 variables in Rⁿ
[ Info:    ⋅ 841 variables in R
[ Info:  ⋅ Constraints
[ Info:    ⋅ 29 Semidefinite
[ Info:    ⋅ 28 Positive
[ Info:  ⋅ Oracles
[ Info:    ⋅ 29 LinearFunctional{Rⁿ}
[ Info:    ⋅ 1 Map{Rⁿ, Rⁿ}
[ Info: Setting up the optimization problem
[ Info:   ✓ variables
[ Info:   ✓ objective
[ Info:   ✓ constraints
[ Info: Termination status: OPTIMAL
[ Info: Assigning values to original variables
┌ Warning: Gram matrix is not positive semidefinite; eigenvalues are [-2.0233442168087865e-6, -1.0137279870875048e-7, -7.487324494512272e-8, -3.100425451461956e-8, -1.522918902285509e-8, -9.366766619922103e-9, -6.6572544840369425e-9, -5.250969197747819e-9, -4.4262608636130485e-9, -3.794028218950422e-9, 4.532408423425617e-9, 3.975646272614445e-6, 9.10852062308936e-6, 0.0012779091791792533, 0.0015867167941024, 0.002604443355586128, 0.003294444944524714, 0.00401121920086718, 0.0050547591011981235, 0.005643711143582645, 0.00671085685853308, 0.007736802106908248, 0.009150401702636604, 0.010282390902064644, 0.010694038881503212, 0.010815020504858705, 0.013885670598543759, 0.014033566285149667, 0.36758273183748474].
└ @ AlgorithmAnalysis S:\Research Material\CSE\MU\Project\1Code\AlgorithmAnalysis.jl\1CPU\src\interpolation.jl:303
┌ Warning: Gram matrix is not positive semidefinite; eigenvalues are [-2.0233442168079526e-6, -1.0137279870873293e-7, -7.487324495312386e-8, -3.100425451412261e-8, -1.5229189022514984e-8, -9.366766619293527e-9, -6.657254484213692e-9, -5.250969196861199e-9, -4.426260864113496e-9, -3.79402821870459e-9, 4.532408420438444e-9, 3.975646272613427e-6, 9.108520623092966e-6, 0.0012779091791792546, 0.0015867167941023997, 0.0026044433555861236, 0.0032944449445247194, 0.004011219200867176, 0.0050547591011981105, 0.0056437111435826415, 0.006710856858533081, 0.007736802106908256, 0.009150401702636615, 0.010282390902064632, 0.010694038881503214, 0.010815020504858686, 0.013885670598543703, 0.014033566285149677, 0.3675827318374852].
└ @ AlgorithmAnalysis S:\Research Material\CSE\MU\Project\1Code\AlgorithmAnalysis.jl\1CPU\src\interpolation.jl:303
┌ Warning: Gram matrix is not positive semidefinite; eigenvalues are [-2.0233442168082846e-6, -1.0137279870839769e-7, -7.487324494697374e-8, -3.1004254514693554e-8, -1.5229189022468463e-8, -9.366766619421422e-9, -6.6572544843500585e-9, -5.250969196491323e-9, -4.426260863772743e-9, -3.794028219001389e-9, 4.532408421976552e-9, 3.975646272613045e-6, 9.108520623091955e-6, 0.001277909179179262, 0.0015867167941023982, 0.0026044433555861245, 0.0032944449445247177, 0.004011219200867186, 0.005054759101198116, 0.005643711143582648, 0.006710856858533074, 0.007736802106908249, 0.009150401702636618, 0.010282390902064651, 0.010694038881503196, 0.010815020504858682, 0.013885670598543735, 0.014033566285149675, 0.36758273183748463].
└ @ AlgorithmAnalysis S:\Research Material\CSE\MU\Project\1Code\AlgorithmAnalysis.jl\1CPU\src\interpolation.jl:303
┌ Warning: Gram matrix is not positive semidefinite; eigenvalues are [-2.0233442168081055e-6, -1.0137279870853395e-7, -7.487324494669492e-8, -3.1004254514634136e-8, -1.522918902247685e-8, -9.36676661926939e-9, -6.657254484160785e-9, -5.2509691963632776e-9, -4.426260863420078e-9, -3.7940282186339835e-9, 4.532408421662647e-9, 3.9756462726133e-6, 9.10852062309211e-6, 0.0012779091791792515, 0.0015867167941023984, 0.0026044433555861266, 0.0032944449445247164, 0.004011219200867179, 0.0050547591011981105, 0.005643711143582642, 0.0067108568585330765, 0.007736802106908244, 0.009150401702636615, 0.010282390902064644, 0.010694038881503207, 0.010815020504858702, 0.013885670598543745, 0.014033566285149684, 0.367582731837485].
└ @ AlgorithmAnalysis S:\Research Material\CSE\MU\Project\1Code\AlgorithmAnalysis.jl\1CPU\src\interpolation.jl:303
┌ Warning: Gram matrix is not positive semidefinite; eigenvalues are [-2.023344216808157e-6, -1.0137279870835011e-7, -7.487324494546456e-8, -3.100425451464469e-8, -1.5229189022419557e-8, -9.36676661932031e-9, -6.6572544842617016e-9, -5.250969196612561e-9, -4.426260863577841e-9, -3.794028218739222e-9, 4.532408422643828e-9, 3.9756462726132195e-6, 9.108520623092793e-6, 0.001277909179179253, 0.0015867167941023986, 0.002604443355586126, 0.0032944449445247255, 0.00401121920086718, 0.005054759101198121, 0.005643711143582656, 0.006710856858533078, 0.0077368021069082376, 0.009150401702636608, 0.01028239090206463, 0.01069403888150318, 0.010815020504858667, 0.013885670598543738, 0.014033566285149672, 0.3675827318374848].
└ @ AlgorithmAnalysis S:\Research Material\CSE\MU\Project\1Code\AlgorithmAnalysis.jl\1CPU\src\interpolation.jl:303
┌ Warning: Gram matrix is not positive semidefinite; eigenvalues are [-2.0233442168079602e-6, -1.013727987079441e-7, -7.487324494448205e-8, -3.100425451475864e-8, -1.5229189022280637e-8, -9.3667666189964e-9, -6.657254484166364e-9, -5.250969196520259e-9, -4.426260863594033e-9, -3.794028218568192e-9, 4.532408421374384e-9, 3.97564627261313e-6, 9.108520623092426e-6, 0.001277909179179255, 0.0015867167941024, 0.0026044433555861297, 0.0032944449445247216, 0.0040112192008671865, 0.005054759101198116, 0.005643711143582641, 0.006710856858533085, 0.007736802106908233, 0.00915040170263661, 0.010282390902064642, 0.01069403888150319, 0.010815020504858672, 0.013885670598543738, 0.01403356628514967, 0.367582731837485].
└ @ AlgorithmAnalysis S:\Research Material\CSE\MU\Project\1Code\AlgorithmAnalysis.jl\1CPU\src\interpolation.jl:303
┌ Warning: Gram matrix is not positive semidefinite; eigenvalues are [-2.0233442168110705e-6, -1.0137279870901048e-7, -7.487324494590047e-8, -3.100425451487452e-8, -1.522918902275035e-8, -9.366766619363349e-9, -6.6572544845602046e-9, -5.250969196860101e-9, -4.4262608642588375e-9, -3.794028219249947e-9, 4.532408422358735e-9, 3.975646272608252e-6, 9.108520623089952e-6, 0.001277909179179252, 0.0015867167941023969, 0.0026044433555861223, 0.003294444944524718, 0.004011219200867184, 0.005054759101198112, 0.0056437111435826475, 0.006710856858533078, 0.00773680210690824, 0.009150401702636616, 0.010282390902064639, 0.010694038881503193, 0.010815020504858691, 0.013885670598543723, 0.014033566285149653, 0.3675827318374847].
└ @ AlgorithmAnalysis S:\Research Material\CSE\MU\Project\1Code\AlgorithmAnalysis.jl\1CPU\src\interpolation.jl:303
┌ Warning: Gram matrix is not positive semidefinite; eigenvalues are [-2.023344216807898e-6, -1.0137279870785957e-7, -7.48732449437664e-8, -3.100425451425803e-8, -1.522918902234606e-8, -9.366766619344534e-9, -6.657254484464621e-9, -5.250969196639571e-9, -4.426260863911425e-9, -3.794028218939872e-9, 4.532408423720018e-9, 3.975646272613471e-6, 9.108520623092217e-6, 0.0012779091791792535, 0.0015867167941023997, 0.0026044433555861214, 0.003294444944524725, 0.004011219200867189, 0.005054759101198122, 0.005643711143582644, 0.006710856858533079, 0.007736802106908243, 0.009150401702636635, 0.010282390902064655, 0.010694038881503215, 0.010815020504858684, 0.01388567059854374, 0.01403356628514968, 0.367582731837485].
└ @ AlgorithmAnalysis S:\Research Material\CSE\MU\Project\1Code\AlgorithmAnalysis.jl\1CPU\src\interpolation.jl:303
┌ Warning: Gram matrix is not positive semidefinite; eigenvalues are [-2.0233442168100075e-6, -1.013727987083615e-7, -7.487324494838576e-8, -3.10042545146218e-8, -1.522918902236057e-8, -9.366766618926412e-9, -6.6572544842575756e-9, -5.250969196170554e-9, -4.4262608637410745e-9, -3.794028218782413e-9, 4.532408421615714e-9, 3.975646272613055e-6, 9.108520623093495e-6, 0.0012779091791792537, 0.0015867167941024003, 0.0026044433555861253, 0.003294444944524722, 0.0040112192008671796, 0.0050547591011981235, 0.005643711143582645, 0.006710856858533086, 0.007736802106908264, 0.009150401702636615, 0.010282390902064642, 0.010694038881503217, 0.010815020504858702, 0.013885670598543742, 0.01403356628514967, 0.367582731837485].
└ @ AlgorithmAnalysis S:\Research Material\CSE\MU\Project\1Code\AlgorithmAnalysis.jl\1CPU\src\interpolation.jl:303
┌ Warning: Gram matrix is not positive semidefinite; eigenvalues are [-2.023344216806547e-6, -1.013727987075902e-7, -7.487324494633205e-8, -3.100425451468437e-8, -1.522918902245479e-8, -9.366766619343277e-9, -6.657254484201684e-9, -5.250969196789925e-9, -4.426260863816497e-9, -3.7940282187698066e-9, 4.532408421166253e-9, 3.975646272613716e-6, 9.108520623091496e-6, 0.0012779091791792565, 0.0015867167941023984, 0.0026044433555861227, 0.0032944449445247138, 0.004011219200867178, 0.0050547591011981105, 0.005643711143582639, 0.006710856858533072, 0.00773680210690824, 0.009150401702636613, 0.010282390902064648, 0.010694038881503201, 0.010815020504858688, 0.013885670598543738, 0.014033566285149675, 0.36758273183748497].
└ @ AlgorithmAnalysis S:\Research Material\CSE\MU\Project\1Code\AlgorithmAnalysis.jl\1CPU\src\interpolation.jl:303
┌ Warning: Gram matrix is not positive semidefinite; eigenvalues are [-2.02334421680807e-6, -1.0137279870818918e-7, -7.487324494425417e-8, -3.100425451480954e-8, -1.522918902245304e-8, -9.366766619716247e-9, -6.657254484432872e-9, -5.2509691966254806e-9, -4.426260863820118e-9, -3.794028218761744e-9, 4.532408425360528e-9, 3.975646272617831e-6, 9.10852062308685e-6, 0.0012779091791792537, 0.0015867167941023995, 0.002604443355586127, 0.0032944449445247177, 0.004011219200867187, 0.005054759101198124, 0.005643711143582659, 0.006710856858533055, 0.007736802106908253, 0.009150401702636623, 0.01028239090206464, 0.010694038881503207, 0.010815020504858682, 0.013885670598543723, 0.01403356628514966, 0.3675827318374847].
└ @ AlgorithmAnalysis S:\Research Material\CSE\MU\Project\1Code\AlgorithmAnalysis.jl\1CPU\src\interpolation.jl:303
┌ Warning: Gram matrix is not positive semidefinite; eigenvalues are [-2.023344216808191e-6, -1.0137279870838797e-7, -7.487324494584323e-8, -3.10042545149161e-8, -1.5229189022532953e-8, -9.366766619427456e-9, -6.657254484516562e-9, -5.250969196608724e-9, -4.426260864338984e-9, -3.794028219025948e-9, 4.532408425196835e-9, 3.97564627261381e-6, 9.108520623092922e-6, 0.0012779091791792559, 0.0015867167941024023, 0.0026044433555861245, 0.0032944449445247216, 0.004011219200867178, 0.005054759101198108, 0.005643711143582654, 0.0067108568585330765, 0.0077368021069082514, 0.009150401702636616, 0.010282390902064632, 0.01069403888150321, 0.01081502050485871, 0.013885670598543707, 0.014033566285149674, 0.3675827318374849].
└ @ AlgorithmAnalysis S:\Research Material\CSE\MU\Project\1Code\AlgorithmAnalysis.jl\1CPU\src\interpolation.jl:303
┌ Warning: Gram matrix is not positive semidefinite; eigenvalues are [-2.0233442168025693e-6, -1.0137279870829415e-7, -7.487324494629425e-8, -3.100425451473184e-8, -1.5229189022733594e-8, -9.36676661993661e-9, -6.657254484555192e-9, -5.250969196291374e-9, -4.42626086383018e-9, -3.794028219808894e-9, 4.532408423411365e-9, 3.9756462726138116e-6, 9.108520623095353e-6, 0.0012779091791792528, 0.0015867167941023997, 0.002604443355586121, 0.003294444944524719, 0.00401121920086718, 0.005054759101198116, 0.0056437111435826475, 0.006710856858533085, 0.007736802106908239, 0.009150401702636608, 0.010282390902064634, 0.010694038881503212, 0.010815020504858695, 0.013885670598543755, 0.014033566285149682, 0.36758273183748497].
└ @ AlgorithmAnalysis S:\Research Material\CSE\MU\Project\1Code\AlgorithmAnalysis.jl\1CPU\src\interpolation.jl:303
┌ Warning: Gram matrix is not positive semidefinite; eigenvalues are [-2.0233442168086434e-6, -1.0137279870847654e-7, -7.487324494575593e-8, -3.1004254514625084e-8, -1.5229189022428973e-8, -9.366766619651094e-9, -6.6572544847475296e-9, -5.250969197000594e-9, -4.426260863817151e-9, -3.79402821885417e-9, 4.532408427092112e-9, 3.975646272612822e-6, 9.108520623090723e-6, 0.001277909179179255, 0.0015867167941023997, 0.0026044433555861284, 0.003294444944524716, 0.00401121920086719, 0.00505475910119812, 0.005643711143582644, 0.006710856858533083, 0.00773680210690825, 0.009150401702636611, 0.01028239090206466, 0.010694038881503205, 0.010815020504858698, 0.013885670598543735, 0.014033566285149653, 0.3675827318374849].
└ @ AlgorithmAnalysis S:\Research Material\CSE\MU\Project\1Code\AlgorithmAnalysis.jl\1CPU\src\interpolation.jl:303
┌ Warning: Gram matrix is not positive semidefinite; eigenvalues are [-2.02334421680822e-6, -1.0137279870845851e-7, -7.487324494629311e-8, -3.100425451478496e-8, -1.5229189022629876e-8, -9.366766619680068e-9, -6.657254484314298e-9, -5.2509691966083505e-9, -4.426260863718644e-9, -3.794028219006451e-9, 4.532408423247942e-9, 3.975646272613505e-6, 9.108520623092189e-6, 0.0012779091791792541, 0.0015867167941023977, 0.0026044433555861258, 0.003294444944524718, 0.004011219200867182, 0.0050547591011981165, 0.005643711143582642, 0.00671085685853307, 0.00773680210690826, 0.009150401702636616, 0.010282390902064635, 0.010694038881503214, 0.010815020504858684, 0.013885670598543726, 0.014033566285149672, 0.3675827318374847].
└ @ AlgorithmAnalysis S:\Research Material\CSE\MU\Project\1Code\AlgorithmAnalysis.jl\1CPU\src\interpolation.jl:303
┌ Warning: Gram matrix is not positive semidefinite; eigenvalues are [-2.0233442168102904e-6, -1.0137279870802634e-7, -7.487324494553286e-8, -3.100425451464818e-8, -1.5229189022327866e-8, -9.366766619200265e-9, -6.657254484095038e-9, -5.250969196472773e-9, -4.426260863763132e-9, -3.794028218889924e-9, 4.5324084265258525e-9, 3.9756462726021776e-6, 9.108520623076295e-6, 0.001277909179179258, 0.0015867167941023966, 0.0026044433555861275, 0.0032944449445247185, 0.004011219200867188, 0.005054759101198113, 0.005643711143582642, 0.006710856858533072, 0.007736802106908245, 0.009150401702636625, 0.010282390902064634, 0.010694038881503201, 0.010815020504858719, 0.013885670598543735, 0.014033566285149675, 0.3675827318374846].
└ @ AlgorithmAnalysis S:\Research Material\CSE\MU\Project\1Code\AlgorithmAnalysis.jl\1CPU\src\interpolation.jl:303
┌ Warning: Gram matrix is not positive semidefinite; eigenvalues are [-2.0233442168082126e-6, -1.0137279870826803e-7, -7.487324494553672e-8, -3.1004254514772236e-8, -1.5229189022607578e-8, -9.366766619395277e-9, -6.657254484351906e-9, -5.2509691967217834e-9, -4.42626086382907e-9, -3.794028218511947e-9, 4.532408420797592e-9, 3.975646272613467e-6, 9.10852062309146e-6, 0.0012779091791792563, 0.0015867167941024012, 0.0026044433555861253, 0.0032944449445247138, 0.004011219200867188, 0.005054759101198117, 0.005643711143582649, 0.00671085685853308, 0.0077368021069082575, 0.00915040170263663, 0.01028239090206466, 0.010694038881503215, 0.010815020504858691, 0.013885670598543733, 0.014033566285149688, 0.36758273183748474].
└ @ AlgorithmAnalysis S:\Research Material\CSE\MU\Project\1Code\AlgorithmAnalysis.jl\1CPU\src\interpolation.jl:303
┌ Warning: Gram matrix is not positive semidefinite; eigenvalues are [-2.023344216809007e-6, -1.013727987083723e-7, -7.487324494519739e-8, -3.100425451456741e-8, -1.5229189022278877e-8, -9.366766619483674e-9, -6.657254484277965e-9, -5.250969196376784e-9, -4.426260863696796e-9, -3.7940282185808835e-9, 4.5324084223148075e-9, 3.975646272613571e-6, 9.108520623093539e-6, 0.001277909179179252, 0.0015867167941024005, 0.002604443355586127, 0.003294444944524715, 0.00401121920086719, 0.005054759101198119, 0.0056437111435826285, 0.006710856858533079, 0.00773680210690825, 0.009150401702636625, 0.010282390902064648, 0.01069403888150321, 0.01081502050485867, 0.01388567059854376, 0.014033566285149672, 0.367582731837485].
└ @ AlgorithmAnalysis S:\Research Material\CSE\MU\Project\1Code\AlgorithmAnalysis.jl\1CPU\src\interpolation.jl:303
┌ Warning: Gram matrix is not positive semidefinite; eigenvalues are [-2.0233442168082884e-6, -1.0137279870832353e-7, -7.487324494662258e-8, -3.100425451471287e-8, -1.522918902256213e-8, -9.366766619517087e-9, -6.657254484412692e-9, -5.2509691965805084e-9, -4.426260863905984e-9, -3.794028218782259e-9, 4.532408424029547e-9, 3.975646272613681e-6, 9.108520623090518e-6, 0.0012779091791792507, 0.0015867167941024025, 0.0026044433555861284, 0.003294444944524722, 0.0040112192008671865, 0.005054759101198119, 0.005643711143582651, 0.00671085685853308, 0.007736802106908251, 0.009150401702636632, 0.01028239090206464, 0.010694038881503215, 0.01081502050485869, 0.013885670598543759, 0.01403356628514966, 0.3675827318374849].
└ @ AlgorithmAnalysis S:\Research Material\CSE\MU\Project\1Code\AlgorithmAnalysis.jl\1CPU\src\interpolation.jl:303
┌ Warning: Gram matrix is not positive semidefinite; eigenvalues are [-2.023344216806907e-6, -1.0137279870824122e-7, -7.487324494566461e-8, -3.1004254514726694e-8, -1.522918902258371e-8, -9.366766619420653e-9, -6.657254484210992e-9, -5.250969196595414e-9, -4.426260863967586e-9, -3.794028218705307e-9, 4.532408411851347e-9, 3.975646272614066e-6, 9.10852062309179e-6, 0.0012779091791792524, 0.0015867167941023956, 0.0026044433555861245, 0.003294444944524719, 0.004011219200867186, 0.005054759101198116, 0.005643711143582647, 0.006710856858533082, 0.007736802106908245, 0.009150401702636627, 0.010282390902064637, 0.010694038881503215, 0.010815020504858682, 0.013885670598543731, 0.014033566285149674, 0.3675827318374847].
└ @ AlgorithmAnalysis S:\Research Material\CSE\MU\Project\1Code\AlgorithmAnalysis.jl\1CPU\src\interpolation.jl:303
┌ Warning: Gram matrix is not positive semidefinite; eigenvalues are [-2.0233442168087683e-6, -1.013727987084937e-7, -7.487324494562104e-8, -3.100425451463707e-8, -1.5229189022362736e-8, -9.366766619344721e-9, -6.6572544842891276e-9, -5.250969196655435e-9, -4.426260863840436e-9, -3.794028218654781e-9, 4.532408423270993e-9, 3.975646272613546e-6, 9.108520623093463e-6, 0.001277909179179246, 0.001586716794102401, 0.002604443355586128, 0.0032944449445247164, 0.004011219200867177, 0.005054759101198121, 0.005643711143582658, 0.006710856858533073, 0.00773680210690825, 0.009150401702636594, 0.010282390902064635, 0.010694038881503208, 0.0108150205048587, 0.013885670598543728, 0.014033566285149677, 0.3675827318374848].
└ @ AlgorithmAnalysis S:\Research Material\CSE\MU\Project\1Code\AlgorithmAnalysis.jl\1CPU\src\interpolation.jl:303
┌ Warning: Gram matrix is not positive semidefinite; eigenvalues are [-2.023344216807327e-6, -1.0137279870839022e-7, -7.487324494361046e-8, -3.1004254514928507e-8, -1.5229189022325652e-8, -9.366766620473313e-9, -6.657254484416076e-9, -5.250969196144248e-9, -4.426260864047538e-9, -3.794028218641041e-9, 4.532408420401192e-9, 3.975646272609035e-6, 9.108520623084948e-6, 0.0012779091791792559, 0.0015867167941024008, 0.0026044433555861236, 0.0032944449445247194, 0.004011219200867171, 0.0050547591011981235, 0.00564371114358265, 0.006710856858533074, 0.0077368021069082514, 0.009150401702636628, 0.01028239090206465, 0.01069403888150321, 0.010815020504858667, 0.013885670598543745, 0.014033566285149669, 0.36758273183748497].
└ @ AlgorithmAnalysis S:\Research Material\CSE\MU\Project\1Code\AlgorithmAnalysis.jl\1CPU\src\interpolation.jl:303
┌ Warning: Interpolating oracle not implemented for ∇f
└ @ AlgorithmAnalysis S:\Research Material\CSE\MU\Project\1Code\AlgorithmAnalysis.jl\1CPU\src\interpolation.jl:293
┌ Warning: Gram matrix is not positive semidefinite; eigenvalues are [-2.0233442168076587e-6, -1.013727987085353e-7, -7.487324494601417e-8, -3.1004254514674006e-8, -1.5229189022718692e-8, -9.366766619558722e-9, -6.657254484459746e-9, -5.250969196537193e-9, -4.426260863763623e-9, -3.794028219010559e-9, 4.532408420826058e-9, 3.9756462726129095e-6, 9.108520623091985e-6, 0.0012779091791792554, 0.0015867167941023977, 0.0026044433555861258, 0.0032944449445247177, 0.004011219200867175, 0.005054759101198119, 0.005643711143582645, 0.006710856858533075, 0.0077368021069082514, 0.009150401702636634, 0.010282390902064628, 0.01069403888150319, 0.010815020504858702, 0.013885670598543742, 0.014033566285149662, 0.36758273183748486].
└ @ AlgorithmAnalysis S:\Research Material\CSE\MU\Project\1Code\AlgorithmAnalysis.jl\1CPU\src\interpolation.jl:303
┌ Warning: Gram matrix is not positive semidefinite; eigenvalues are [-2.0233442168087988e-6, -1.0137279870846143e-7, -7.48732449451273e-8, -3.1004254515230514e-8, -1.5229189023070518e-8, -9.366766619984408e-9, -6.657254484703733e-9, -5.250969196630741e-9, -4.426260863952229e-9, -3.794028219116162e-9, 4.532408422110633e-9, 3.9756462726137734e-6, 9.108520623092055e-6, 0.0012779091791792541, 0.0015867167941024003, 0.002604443355586129, 0.003294444944524716, 0.004011219200867187, 0.005054759101198124, 0.00564371114358265, 0.0067108568585330765, 0.007736802106908244, 0.009150401702636604, 0.010282390902064608, 0.010694038881503195, 0.010815020504858686, 0.01388567059854373, 0.014033566285149669, 0.36758273183748513].
└ @ AlgorithmAnalysis S:\Research Material\CSE\MU\Project\1Code\AlgorithmAnalysis.jl\1CPU\src\interpolation.jl:303
┌ Warning: Gram matrix is not positive semidefinite; eigenvalues are [-2.0233442168081915e-6, -1.0137279870857493e-7, -7.487324494530162e-8, -3.100425451457608e-8, -1.52291890225523e-8, -9.366766619521334e-9, -6.6572544845570654e-9, -5.250969196740442e-9, -4.426260863991493e-9, -3.7940282196052805e-9, 4.5324084245365005e-9, 3.975646272613417e-6, 9.108520623091753e-6, 0.0012779091791792513, 0.0015867167941023986, 0.0026044433555861197, 0.0032944449445247194, 0.004011219200867183, 0.005054759101198125, 0.005643711143582637, 0.006710856858533083, 0.007736802106908267, 0.00915040170263663, 0.010282390902064639, 0.010694038881503203, 0.010815020504858705, 0.013885670598543728, 0.014033566285149667, 0.36758273183748486].
└ @ AlgorithmAnalysis S:\Research Material\CSE\MU\Project\1Code\AlgorithmAnalysis.jl\1CPU\src\interpolation.jl:303
┌ Warning: Gram matrix is not positive semidefinite; eigenvalues are [-2.0233442168081423e-6, -1.0137279870828855e-7, -7.487324494315228e-8, -3.1004254515071146e-8, -1.5229189022700653e-8, -9.366766619391649e-9, -6.657254484378762e-9, -5.250969196614969e-9, -4.426260864405676e-9, -3.794028218872224e-9, 4.532408422333316e-9, 3.975646272613494e-6, 9.108520623093124e-6, 0.0012779091791792537, 0.0015867167941023984, 0.002604443355586123, 0.0032944449445247172, 0.004011219200867176, 0.005054759101198113, 0.005643711143582643, 0.0067108568585330704, 0.0077368021069082445, 0.009150401702636606, 0.010282390902064632, 0.010694038881503208, 0.010815020504858674, 0.013885670598543719, 0.014033566285149648, 0.3675827318374847].
└ @ AlgorithmAnalysis S:\Research Material\CSE\MU\Project\1Code\AlgorithmAnalysis.jl\1CPU\src\interpolation.jl:303
┌ Warning: Gram matrix is not positive semidefinite; eigenvalues are [-2.023344216808308e-6, -1.013727987084662e-7, -7.487324494358274e-8, -3.100425451474417e-8, -1.522918902246074e-8, -9.366766619410225e-9, -6.6572544843827206e-9, -5.250969196459368e-9, -4.4262608640340015e-9, -3.7940282188928025e-9, 4.5324084228759114e-9, 3.97564627261353e-6, 9.10852062309112e-6, 0.0012779091791792518, 0.0015867167941024034, 0.002604443355586127, 0.003294444944524722, 0.004011219200867182, 0.005054759101198116, 0.005643711143582639, 0.006710856858533079, 0.007736802106908238, 0.009150401702636618, 0.010282390902064655, 0.010694038881503188, 0.010815020504858691, 0.013885670598543724, 0.014033566285149653, 0.36758273183748463].
└ @ AlgorithmAnalysis S:\Research Material\CSE\MU\Project\1Code\AlgorithmAnalysis.jl\1CPU\src\interpolation.jl:303
┌ Warning: Gram matrix is not positive semidefinite; eigenvalues are [-2.0233442168075236e-6, -1.0137279870869157e-7, -7.487324494513482e-8, -3.100425451458228e-8, -1.522918902257335e-8, -9.36676661931288e-9, -6.657254484241541e-9, -5.250969196502851e-9, -4.426260863828851e-9, -3.7940282192223786e-9, 4.532408426321963e-9, 3.975646272610063e-6, 9.108520623089234e-6, 0.0012779091791792563, 0.0015867167941024005, 0.0026044433555861227, 0.003294444944524716, 0.0040112192008671796, 0.00505475910119813, 0.005643711143582647, 0.006710856858533067, 0.007736802106908238, 0.009150401702636618, 0.01028239090206464, 0.010694038881503219, 0.010815020504858695, 0.013885670598543723, 0.014033566285149655, 0.367582731837485].
└ @ AlgorithmAnalysis S:\Research Material\CSE\MU\Project\1Code\AlgorithmAnalysis.jl\1CPU\src\interpolation.jl:303
┌ Warning: Gram matrix is not positive semidefinite; eigenvalues are [-2.023344216807826e-6, -1.0137279870850719e-7, -7.487324494852077e-8, -3.1004254514731856e-8, -1.5229189022210522e-8, -9.366766618984421e-9, -6.657254483912044e-9, -5.250969196314446e-9, -4.426260863759524e-9, -3.794028218585934e-9, 4.532408427923197e-9, 3.975646272613609e-6, 9.108520623092295e-6, 0.0012779091791792294, 0.0015867167941024038, 0.00260444335558613, 0.0032944449445247172, 0.00401121920086719, 0.005054759101198115, 0.005643711143582651, 0.006710856858533065, 0.00773680210690825, 0.009150401702636602, 0.010282390902064628, 0.010694038881503179, 0.01081502050485866, 0.01388567059854373, 0.014033566285149658, 0.36758273183748497].
└ @ AlgorithmAnalysis S:\Research Material\CSE\MU\Project\1Code\AlgorithmAnalysis.jl\1CPU\src\interpolation.jl:303
[ Info: Objective value: 1.4877870072474992e-5
[ Info: Analysis complete! Use `evaluate()` to obtain the value of any expression in the algorithm.
------ BENCHMARKING RESULTS ------
Setup Time: 1.4558653 seconds
Algorithm Computation Time: 36.8684687 seconds
Optimization Time: 9.3630619 seconds
RAM Usage: 2.561976 MB
Threads Used: 1
----- END OF RESULTS -----
