[ Info: PERFORMANCE ESTIMATION
[ Info: Maximizing the performance measure performance
[ Info: Algorithmic objects
[ Info:  ⋅ Variables
[ Info:    ⋅ 10 variables in Rⁿ
[ Info:    ⋅ 100 variables in R
[ Info:  ⋅ Constraints
[ Info:    ⋅ 1 Semidefinite
[ Info:    ⋅ 9 Positive
[ Info:  ⋅ Oracles
[ Info:    ⋅ 10 LinearFunctional{Rⁿ}
[ Info:    ⋅ 1 Map{Rⁿ, Rⁿ}
[ Info: Setting up the optimization problem
[ Info:   ✓ variables
[ Info:   ✓ objective
[ Info:   ✓ constraints
[ Info: Termination status: OPTIMAL
[ Info: Assigning values to original variables
┌ Warning: Interpolating oracle not implemented for ∇f
└ @ AlgorithmAnalysis S:\Research Material\CSE\MU\Project\1Code\AlgorithmAnalysis.jl\1CPU\src\interpolation.jl:293
[ Info: Objective value: 0.04032497879131375
[ Info: Analysis complete! Use `evaluate()` to obtain the value of any expression in the algorithm.
------ BENCHMARKING RESULTS ------
Setup Time: 1.3961372 seconds
Algorithm Computation Time: 12.0213177 seconds
Optimization Time: 2.8013502 seconds
RAM Usage: 0.161735 MB
Threads Used: 1
----- END OF RESULTS -----
