[ Info: PERFORMANCE ESTIMATION
[ Info: Maximizing the performance measure performance
[ Info: Algorithmic objects
[ Info:  ⋅ Variables
[ Info:    ⋅ 24 variables in Rⁿ
[ Info:    ⋅ 576 variables in R
[ Info:  ⋅ Constraints
[ Info:    ⋅ 2 Semidefinite
[ Info:    ⋅ 23 Positive
[ Info:  ⋅ Oracles
[ Info:    ⋅ 24 LinearFunctional{Rⁿ}
[ Info:    ⋅ 1 Map{Rⁿ, Rⁿ}
[ Info: Setting up the optimization problem
[ Info:   ✓ variables
[ Info:   ✓ objective
[ Info:   ✓ constraints
[ Info: Termination status: OPTIMAL
[ Info: Assigning values to original variables
┌ Warning: Gram matrix is not positive semidefinite; eigenvalues are [-4.8450371991235604e-5, -1.296176872975468e-6, -3.1491386511472595e-7, -1.7532724749676586e-7, -5.674991536559306e-8, 2.5908991455597624e-6, 3.475067250818322e-5, 8.650245354268669e-5, 0.0023455144967674474, 0.0030313008966085095, 0.00384162318532405, 0.004438450320320685, 0.006013519281668949, 0.0066224178300967424, 0.008251008644557732, 0.008555939043632551, 0.00951954965015122, 0.010731680551544713, 0.011688990941044676, 0.014388721748629667, 0.01839531786936401, 0.022918983569530253, 0.031598155126275326, 0.6732182418234157].
└ @ AlgorithmAnalysis S:\Research Material\CSE\MU\Project\1Code\AlgorithmAnalysis.jl\1CPU\src\interpolation.jl:303
┌ Warning: Interpolating oracle not implemented for ∇f
└ @ AlgorithmAnalysis S:\Research Material\CSE\MU\Project\1Code\AlgorithmAnalysis.jl\1CPU\src\interpolation.jl:293
┌ Warning: Gram matrix is not positive semidefinite; eigenvalues are [-4.845037199123683e-5, -1.2961768729760102e-6, -3.1491386511474676e-7, -1.7532724749645338e-7, -5.6749915365548415e-8, 2.590899145557889e-6, 3.475067250817908e-5, 8.650245354268487e-5, 0.002345514496767442, 0.0030313008966085095, 0.0038416231853240362, 0.0044384503203206815, 0.006013519281668944, 0.006622417830096737, 0.008251008644557722, 0.008555939043632546, 0.009519549650151202, 0.01073168055154473, 0.0116889909410447, 0.014388721748629662, 0.01839531786936411, 0.022918983569530305, 0.03159815512627519, 0.6732182418234159].
└ @ AlgorithmAnalysis S:\Research Material\CSE\MU\Project\1Code\AlgorithmAnalysis.jl\1CPU\src\interpolation.jl:303
┌ Warning: Gram matrix is not positive semidefinite; eigenvalues are [-4.8450371991240225e-5, -1.2961768729756423e-6, -3.1491386511446337e-7, -1.7532724749616174e-7, -5.6749915365447235e-8, 2.5908991455489707e-6, 3.475067250818023e-5, 8.650245354267349e-5, 0.0023455144967674496, 0.00303130089660851, 0.0038416231853240453, 0.004438450320320689, 0.006013519281668949, 0.006622417830096748, 0.008251008644557727, 0.00855593904363255, 0.009519549650151204, 0.0107316805515447, 0.011688990941044626, 0.01438872174862969, 0.018395317869364092, 0.022918983569530215, 0.031598155126275174, 0.6732182418234149].
└ @ AlgorithmAnalysis S:\Research Material\CSE\MU\Project\1Code\AlgorithmAnalysis.jl\1CPU\src\interpolation.jl:303
┌ Warning: Gram matrix is not positive semidefinite; eigenvalues are [-4.845037199123682e-5, -1.296176872976189e-6, -3.1491386511460424e-7, -1.753272474969255e-7, -5.674991536542762e-8, 2.5908991455583737e-6, 3.475067250818016e-5, 8.650245354268581e-5, 0.002345514496767446, 0.0030313008966085142, 0.0038416231853240436, 0.004438450320320685, 0.006013519281668949, 0.006622417830096739, 0.008251008644557729, 0.008555939043632547, 0.009519549650151192, 0.010731680551544722, 0.011688990941044662, 0.014388721748629723, 0.01839531786936404, 0.02291898356953021, 0.03159815512627524, 0.6732182418234158].
└ @ AlgorithmAnalysis S:\Research Material\CSE\MU\Project\1Code\AlgorithmAnalysis.jl\1CPU\src\interpolation.jl:303
┌ Warning: Gram matrix is not positive semidefinite; eigenvalues are [-4.845037199123755e-5, -1.2961768729756328e-6, -3.14913865114824e-7, -1.753272474961942e-7, -5.6749915364661916e-8, 2.590899145558595e-6, 3.4750672508181004e-5, 8.65024535426843e-5, 0.002345514496767447, 0.003031300896608515, 0.0038416231853240453, 0.004438450320320691, 0.006013519281668957, 0.006622417830096742, 0.008251008644557741, 0.008555939043632546, 0.00951954965015123, 0.010731680551544734, 0.011688990941044659, 0.014388721748629726, 0.01839531786936405, 0.022918983569530194, 0.0315981551262753, 0.6732182418234149].
└ @ AlgorithmAnalysis S:\Research Material\CSE\MU\Project\1Code\AlgorithmAnalysis.jl\1CPU\src\interpolation.jl:303
┌ Warning: Gram matrix is not positive semidefinite; eigenvalues are [-4.845037199123728e-5, -1.2961768729759676e-6, -3.14913865114352e-7, -1.7532724749655145e-7, -5.674991536516723e-8, 2.5908991455588874e-6, 3.4750672508179845e-5, 8.650245354268355e-5, 0.0023455144967674444, 0.003031300896608515, 0.0038416231853240293, 0.004438450320320686, 0.0060135192816689565, 0.0066224178300967424, 0.008251008644557734, 0.008555939043632553, 0.009519549650151182, 0.010731680551544703, 0.01168899094104464, 0.014388721748629728, 0.01839531786936405, 0.02291898356953024, 0.03159815512627519, 0.6732182418234164].
└ @ AlgorithmAnalysis S:\Research Material\CSE\MU\Project\1Code\AlgorithmAnalysis.jl\1CPU\src\interpolation.jl:303
┌ Warning: Gram matrix is not positive semidefinite; eigenvalues are [-4.845037199123906e-5, -1.2961768729764222e-6, -3.1491386511517985e-7, -1.7532724749675273e-7, -5.674991536502921e-8, 2.590899145559034e-6, 3.475067250817998e-5, 8.650245354268574e-5, 0.002345514496767446, 0.0030313008966085142, 0.0038416231853240397, 0.0044384503203206875, 0.006013519281668946, 0.006622417830096741, 0.008251008644557719, 0.008555939043632539, 0.009519549650151185, 0.010731680551544682, 0.011688990941044617, 0.01438872174862969, 0.018395317869364054, 0.022918983569530184, 0.03159815512627534, 0.673218241823415].
└ @ AlgorithmAnalysis S:\Research Material\CSE\MU\Project\1Code\AlgorithmAnalysis.jl\1CPU\src\interpolation.jl:303
┌ Warning: Gram matrix is not positive semidefinite; eigenvalues are [-4.845037199123781e-5, -1.2961768729752042e-6, -3.1491386511489933e-7, -1.7532724749704792e-7, -5.674991536577981e-8, 2.5908991455588688e-6, 3.475067250818457e-5, 8.650245354268612e-5, 0.0023455144967674466, 0.00303130089660851, 0.003841623185324034, 0.004438450320320688, 0.006013519281668946, 0.006622417830096737, 0.008251008644557741, 0.008555939043632553, 0.0095195496501512, 0.010731680551544711, 0.011688990941044662, 0.014388721748629651, 0.01839531786936402, 0.022918983569530284, 0.031598155126275285, 0.6732182418234156].
└ @ AlgorithmAnalysis S:\Research Material\CSE\MU\Project\1Code\AlgorithmAnalysis.jl\1CPU\src\interpolation.jl:303
┌ Warning: Gram matrix is not positive semidefinite; eigenvalues are [-4.8450371991234594e-5, -1.2961768729757264e-6, -3.1491386511462695e-7, -1.7532724749634218e-7, -5.6749915364377247e-8, 2.5908991455590407e-6, 3.475067250816337e-5, 8.650245354268399e-5, 0.0023455144967674305, 0.003031300896608511, 0.0038416231853240445, 0.004438450320320689, 0.006013519281668952, 0.00662241783009675, 0.008251008644557734, 0.008555939043632561, 0.00951954965015121, 0.010731680551544708, 0.011688990941044673, 0.01438872174862969, 0.01839531786936405, 0.02291898356953026, 0.03159815512627515, 0.6732182418234155].
└ @ AlgorithmAnalysis S:\Research Material\CSE\MU\Project\1Code\AlgorithmAnalysis.jl\1CPU\src\interpolation.jl:303
┌ Warning: Gram matrix is not positive semidefinite; eigenvalues are [-4.8450371991237284e-5, -1.2961768729758187e-6, -3.1491386511521077e-7, -1.753272474968078e-7, -5.674991536506159e-8, 2.590899145558612e-6, 3.475067250819298e-5, 8.650245354268387e-5, 0.0023455144967674483, 0.003031300896608514, 0.0038416231853240375, 0.0044384503203206945, 0.006013519281668928, 0.006622417830096747, 0.008251008644557734, 0.008555939043632558, 0.009519549650151223, 0.010731680551544711, 0.01168899094104466, 0.014388721748629733, 0.018395317869364065, 0.022918983569530232, 0.03159815512627524, 0.6732182418234158].
└ @ AlgorithmAnalysis S:\Research Material\CSE\MU\Project\1Code\AlgorithmAnalysis.jl\1CPU\src\interpolation.jl:303
┌ Warning: Gram matrix is not positive semidefinite; eigenvalues are [-4.845037199123765e-5, -1.2961768729757126e-6, -3.1491386511461986e-7, -1.753272474964989e-7, -5.6749915365143375e-8, 2.590899145559897e-6, 3.475067250824111e-5, 8.65024535426855e-5, 0.0023455144967674682, 0.0030313008966085116, 0.0038416231853240414, 0.004438450320320691, 0.006013519281668949, 0.0066224178300967485, 0.008251008644557734, 0.008555939043632546, 0.009519549650151215, 0.010731680551544711, 0.011688990941044678, 0.014388721748629738, 0.018395317869364027, 0.022918983569530267, 0.03159815512627519, 0.6732182418234154].
└ @ AlgorithmAnalysis S:\Research Material\CSE\MU\Project\1Code\AlgorithmAnalysis.jl\1CPU\src\interpolation.jl:303
┌ Warning: Gram matrix is not positive semidefinite; eigenvalues are [-4.8450371991235475e-5, -1.2961768729753819e-6, -3.149138651147432e-7, -1.7532724749678576e-7, -5.6749915364482974e-8, 2.590899145560382e-6, 3.475067250820262e-5, 8.650245354269006e-5, 0.0023455144967674518, 0.003031300896608511, 0.00384162318532404, 0.004438450320320684, 0.006013519281668949, 0.006622417830096743, 0.008251008644557736, 0.008555939043632554, 0.009519549650151211, 0.010731680551544725, 0.011688990941044685, 0.014388721748629723, 0.018395317869364006, 0.02291898356953028, 0.0315981551262752, 0.6732182418234155].
└ @ AlgorithmAnalysis S:\Research Material\CSE\MU\Project\1Code\AlgorithmAnalysis.jl\1CPU\src\interpolation.jl:303
┌ Warning: Gram matrix is not positive semidefinite; eigenvalues are [-4.8450371991234154e-5, -1.296176872975865e-6, -3.1491386511458153e-7, -1.7532724749693654e-7, -5.674991536544176e-8, 2.5908991455773608e-6, 3.475067250818378e-5, 8.650245354269734e-5, 0.002345514496767438, 0.003031300896608515, 0.003841623185324033, 0.004438450320320678, 0.006013519281668939, 0.0066224178300967485, 0.008251008644557738, 0.008555939043632563, 0.009519549650151187, 0.01073168055154471, 0.011688990941044678, 0.014388721748629705, 0.018395317869363964, 0.022918983569530302, 0.03159815512627527, 0.6732182418234154].
└ @ AlgorithmAnalysis S:\Research Material\CSE\MU\Project\1Code\AlgorithmAnalysis.jl\1CPU\src\interpolation.jl:303
┌ Warning: Gram matrix is not positive semidefinite; eigenvalues are [-4.845037199123761e-5, -1.2961768729763244e-6, -3.1491386511463977e-7, -1.7532724749715486e-7, -5.674991536474215e-8, 2.5908991455581187e-6, 3.475067250817756e-5, 8.650245354268314e-5, 0.0023455144967674483, 0.003031300896608512, 0.003841623185324031, 0.004438450320320686, 0.0060135192816689505, 0.006622417830096749, 0.008251008644557734, 0.00855593904363254, 0.00951954965015119, 0.0107316805515447, 0.011688990941044686, 0.014388721748629712, 0.018395317869364068, 0.022918983569530194, 0.0315981551262752, 0.6732182418234158].
└ @ AlgorithmAnalysis S:\Research Material\CSE\MU\Project\1Code\AlgorithmAnalysis.jl\1CPU\src\interpolation.jl:303
┌ Warning: Gram matrix is not positive semidefinite; eigenvalues are [-4.8450371991237115e-5, -1.2961768729759733e-6, -3.14913865115102e-7, -1.753272474965285e-7, -5.674991536547138e-8, 2.5908991455588052e-6, 3.475067250818087e-5, 8.65024535426833e-5, 0.0023455144967674453, 0.0030313008966085125, 0.0038416231853240276, 0.0044384503203207, 0.006013519281668952, 0.006622417830096755, 0.008251008644557727, 0.00855593904363254, 0.009519549650151206, 0.01073168055154471, 0.011688990941044657, 0.014388721748629674, 0.018395317869364047, 0.022918983569530246, 0.03159815512627526, 0.6732182418234163].
└ @ AlgorithmAnalysis S:\Research Material\CSE\MU\Project\1Code\AlgorithmAnalysis.jl\1CPU\src\interpolation.jl:303
┌ Warning: Gram matrix is not positive semidefinite; eigenvalues are [-4.845037199123734e-5, -1.2961768729758768e-6, -3.1491386511451663e-7, -1.7532724749709885e-7, -5.6749915364675727e-8, 2.5908991455591504e-6, 3.475067250817686e-5, 8.65024535426829e-5, 0.0023455144967674474, 0.003031300896608511, 0.0038416231853240406, 0.004438450320320689, 0.006013519281668944, 0.00662241783009674, 0.008251008644557712, 0.00855593904363252, 0.00951954965015118, 0.010731680551544685, 0.011688990941044674, 0.014388721748629702, 0.018395317869364068, 0.022918983569530278, 0.03159815512627525, 0.6732182418234156].
└ @ AlgorithmAnalysis S:\Research Material\CSE\MU\Project\1Code\AlgorithmAnalysis.jl\1CPU\src\interpolation.jl:303
┌ Warning: Gram matrix is not positive semidefinite; eigenvalues are [-4.84503719912371e-5, -1.2961768729763642e-6, -3.1491386511485465e-7, -1.7532724749701722e-7, -5.6749915365352685e-8, 2.5908991455525634e-6, 3.475067250818241e-5, 8.650245354267754e-5, 0.002345514496767437, 0.0030313008966085125, 0.003841623185324041, 0.004438450320320685, 0.006013519281668947, 0.006622417830096745, 0.008251008644557717, 0.008555939043632516, 0.009519549650151183, 0.0107316805515447, 0.011688990941044673, 0.014388721748629709, 0.018395317869364058, 0.022918983569530225, 0.03159815512627522, 0.6732182418234152].
└ @ AlgorithmAnalysis S:\Research Material\CSE\MU\Project\1Code\AlgorithmAnalysis.jl\1CPU\src\interpolation.jl:303
┌ Warning: Gram matrix is not positive semidefinite; eigenvalues are [-4.8450371991236105e-5, -1.296176872975645e-6, -3.149138651147786e-7, -1.753272474967853e-7, -5.67499153659616e-8, 2.5908991455585215e-6, 3.4750672508183166e-5, 8.650245354268452e-5, 0.002345514496767446, 0.0030313008966085125, 0.0038416231853240397, 0.004438450320320696, 0.0060135192816689435, 0.006622417830096744, 0.008251008644557726, 0.008555939043632556, 0.00951954965015121, 0.010731680551544706, 0.011688990941044648, 0.014388721748629733, 0.01839531786936402, 0.022918983569530274, 0.03159815512627522, 0.6732182418234157].
└ @ AlgorithmAnalysis S:\Research Material\CSE\MU\Project\1Code\AlgorithmAnalysis.jl\1CPU\src\interpolation.jl:303
┌ Warning: Gram matrix is not positive semidefinite; eigenvalues are [-4.8450371991235245e-5, -1.296176872976013e-6, -3.149138651143377e-7, -1.7532724749610057e-7, -5.674991536518616e-8, 2.590899145558985e-6, 3.4750672508181275e-5, 8.650245354268791e-5, 0.0023455144967674383, 0.0030313008966085103, 0.0038416231853240375, 0.004438450320320694, 0.006013519281668954, 0.006622417830096745, 0.008251008644557748, 0.008555939043632554, 0.0095195496501512, 0.010731680551544694, 0.011688990941044667, 0.014388721748629664, 0.018395317869364075, 0.022918983569530274, 0.031598155126275236, 0.6732182418234153].
└ @ AlgorithmAnalysis S:\Research Material\CSE\MU\Project\1Code\AlgorithmAnalysis.jl\1CPU\src\interpolation.jl:303
┌ Warning: Gram matrix is not positive semidefinite; eigenvalues are [-4.845037199123708e-5, -1.2961768729758196e-6, -3.1491386511441467e-7, -1.7532724749665842e-7, -5.674991536388332e-8, 2.590899145559604e-6, 3.475067250818213e-5, 8.650245354268504e-5, 0.0023455144967674453, 0.003031300896608513, 0.003841623185324037, 0.0044384503203206945, 0.006013519281668959, 0.006622417830096748, 0.008251008644557741, 0.008555939043632547, 0.009519549650151208, 0.010731680551544722, 0.011688990941044685, 0.01438872174862975, 0.01839531786936401, 0.02291898356953029, 0.031598155126275215, 0.6732182418234156].
└ @ AlgorithmAnalysis S:\Research Material\CSE\MU\Project\1Code\AlgorithmAnalysis.jl\1CPU\src\interpolation.jl:303
┌ Warning: Gram matrix is not positive semidefinite; eigenvalues are [-4.84503719912358e-5, -1.2961768729766764e-6, -3.1491386511463347e-7, -1.753272474971398e-7, -5.67499153650142e-8, 2.590899145558397e-6, 3.4750672508181987e-5, 8.650245354268575e-5, 0.0023455144967674383, 0.003031300896608509, 0.0038416231853240367, 0.00443845032032069, 0.006013519281668945, 0.006622417830096737, 0.008251008644557719, 0.008555939043632542, 0.009519549650151211, 0.010731680551544675, 0.011688990941044667, 0.014388721748629676, 0.01839531786936403, 0.022918983569530198, 0.031598155126275215, 0.6732182418234156].
└ @ AlgorithmAnalysis S:\Research Material\CSE\MU\Project\1Code\AlgorithmAnalysis.jl\1CPU\src\interpolation.jl:303
┌ Warning: Gram matrix is not positive semidefinite; eigenvalues are [-4.8450371991231437e-5, -1.2961768729760894e-6, -3.149138651149053e-7, -1.7532724749707294e-7, -5.6749915365389855e-8, 2.59089914557094e-6, 3.475067250817855e-5, 8.650245354269806e-5, 0.002345514496767445, 0.003031300896608517, 0.0038416231853240397, 0.004438450320320689, 0.006013519281668943, 0.006622417830096736, 0.008251008644557717, 0.008555939043632556, 0.009519549650151195, 0.01073168055154469, 0.011688990941044664, 0.014388721748629702, 0.018395317869364075, 0.02291898356953031, 0.031598155126275174, 0.673218241823416].
└ @ AlgorithmAnalysis S:\Research Material\CSE\MU\Project\1Code\AlgorithmAnalysis.jl\1CPU\src\interpolation.jl:303
┌ Warning: Gram matrix is not positive semidefinite; eigenvalues are [-4.845037199123769e-5, -1.2961768729762685e-6, -3.149138651143317e-7, -1.7532724749729433e-7, -5.674991536554675e-8, 2.5908991455596565e-6, 3.475067250816968e-5, 8.650245354268192e-5, 0.0023455144967674487, 0.0030313008966085108, 0.0038416231853240475, 0.004438450320320697, 0.006013519281668956, 0.0066224178300967485, 0.008251008644557738, 0.008555939043632561, 0.009519549650151194, 0.010731680551544704, 0.01168899094104467, 0.014388721748629709, 0.018395317869364027, 0.02291898356953019, 0.03159815512627526, 0.6732182418234158].
└ @ AlgorithmAnalysis S:\Research Material\CSE\MU\Project\1Code\AlgorithmAnalysis.jl\1CPU\src\interpolation.jl:303
┌ Warning: Gram matrix is not positive semidefinite; eigenvalues are [-4.845037199123589e-5, -1.2961768729756282e-6, -3.1491386511463325e-7, -1.7532724749648539e-7, -5.674991536512554e-8, 2.5908991455588065e-6, 3.475067250818138e-5, 8.650245354268712e-5, 0.002345514496767444, 0.003031300896608508, 0.0038416231853240393, 0.004438450320320693, 0.006013519281668946, 0.006622417830096747, 0.008251008644557712, 0.008555939043632535, 0.009519549650151173, 0.010731680551544692, 0.011688990941044669, 0.014388721748629726, 0.018395317869364047, 0.022918983569530274, 0.03159815512627528, 0.6732182418234154].
└ @ AlgorithmAnalysis S:\Research Material\CSE\MU\Project\1Code\AlgorithmAnalysis.jl\1CPU\src\interpolation.jl:303
[ Info: Objective value: 5.3859791569610485e-5
[ Info: Analysis complete! Use `evaluate()` to obtain the value of any expression in the algorithm.
------ BENCHMARKING RESULTS ------
Setup Time: 1.4337978 seconds
Algorithm Computation Time: 16.6310894 seconds
Optimization Time: 2.8406122 seconds
RAM Usage: 1.117335 MB
Threads Used: 1
----- END OF RESULTS -----
