[ Info: PERFORMANCE ESTIMATION
[ Info: Maximizing the performance measure performance
[ Info: Algorithmic objects
[ Info:  ⋅ Variables
[ Info:    ⋅ 18 variables in Rⁿ
[ Info:    ⋅ 324 variables in R
[ Info:  ⋅ Constraints
[ Info:    ⋅ 17 Semidefinite
[ Info:    ⋅ 17 Positive
[ Info:  ⋅ Oracles
[ Info:    ⋅ 18 LinearFunctional{Rⁿ}
[ Info:    ⋅ 1 Map{Rⁿ, Rⁿ}
[ Info: Setting up the optimization problem
[ Info:   ✓ variables
[ Info:   ✓ objective
[ Info:   ✓ constraints
[ Info: Termination status: OPTIMAL
[ Info: Assigning values to original variables
┌ Warning: Interpolating oracle not implemented for ∇f
└ @ AlgorithmAnalysis S:\Research Material\CSE\MU\Project\1Code\AlgorithmAnalysis.jl\1CPU\src\interpolation.jl:293
[ Info: Objective value: 0.0016063476790053443
[ Info: Analysis complete! Use `evaluate()` to obtain the value of any expression in the algorithm.
------ BENCHMARKING RESULTS ------
Setup Time: 0.004656 seconds
Algorithm Computation Time: 3.2931185 seconds
Optimization Time: 1.5536257 seconds
RAM Usage: 0.712919 MB
Threads Used: 1
----- END OF RESULTS -----
