[ Info: PERFORMANCE ESTIMATION
[ Info: Maximizing the performance measure performance
[ Info: Algorithmic objects
[ Info:  ⋅ Variables
[ Info:    ⋅ 27 variables in Rⁿ
[ Info:    ⋅ 729 variables in R
[ Info:  ⋅ Constraints
[ Info:    ⋅ 24 Semidefinite
[ Info:    ⋅ 26 Positive
[ Info:  ⋅ Oracles
[ Info:    ⋅ 27 LinearFunctional{Rⁿ}
[ Info:    ⋅ 1 Map{Rⁿ, Rⁿ}
[ Info: Setting up the optimization problem
[ Info:   ✓ variables
[ Info:   ✓ objective
[ Info:   ✓ constraints
[ Info: Termination status: OPTIMAL
[ Info: Assigning values to original variables
┌ Warning: Gram matrix is not positive semidefinite; eigenvalues are [-2.7356113655112332e-6, -3.6851139184314626e-7, -1.156076074540894e-7, -3.549953566662979e-8, -1.779029167171747e-8, -1.1465205150541524e-8, -8.678959592811835e-9, -7.162357389067556e-9, 4.48165777486013e-8, 2.6614341794828486e-6, 1.3073644112750793e-5, 0.0011194991672150328, 0.0022628473055986893, 0.0028138810051291444, 0.0034921254017414426, 0.0045994038256484925, 0.0055780070607163385, 0.006189065581098891, 0.00757631037149177, 0.008699393425044786, 0.010397015333472847, 0.01153070709057956, 0.012420287170040767, 0.012572339052047889, 0.015464535363422908, 0.0157046711434324, 0.46815369655870326].
└ @ AlgorithmAnalysis S:\Research Material\CSE\MU\Project\1Code\AlgorithmAnalysis.jl\1CPU\src\interpolation.jl:303
┌ Warning: Gram matrix is not positive semidefinite; eigenvalues are [-2.7356113655042054e-6, -3.6851139184238964e-7, -1.156076074537514e-7, -3.5499535665748945e-8, -1.7790291670663187e-8, -1.1465205148826622e-8, -8.678959593067682e-9, -7.16235738866427e-9, 4.481657774737394e-8, 2.661434179479453e-6, 1.3073644112756198e-5, 0.0011194991672150397, 0.0022628473055986923, 0.002813881005129148, 0.0034921254017414483, 0.004599403825648498, 0.005578007060716332, 0.006189065581098912, 0.0075763103714917585, 0.008699393425044817, 0.010397015333472846, 0.011530707090579595, 0.012420287170040789, 0.012572339052047883, 0.015464535363422903, 0.015704671143432384, 0.4681536965587034].
└ @ AlgorithmAnalysis S:\Research Material\CSE\MU\Project\1Code\AlgorithmAnalysis.jl\1CPU\src\interpolation.jl:303
┌ Warning: Gram matrix is not positive semidefinite; eigenvalues are [-2.735611365509554e-6, -3.6851139184183145e-7, -1.1560760745248762e-7, -3.549953566658967e-8, -1.7790291672113903e-8, -1.1465205150268144e-8, -8.678959592851533e-9, -7.162357388872801e-9, 4.481657772893845e-8, 2.6614341794811804e-6, 1.3073644112748601e-5, 0.0011194991672150443, 0.0022628473055986884, 0.0028138810051291452, 0.0034921254017414483, 0.004599403825648489, 0.005578007060716335, 0.006189065581098894, 0.007576310371491754, 0.008699393425044789, 0.010397015333472873, 0.01153070709057956, 0.012420287170040789, 0.012572339052047894, 0.015464535363422896, 0.015704671143432405, 0.46815369655870304].
└ @ AlgorithmAnalysis S:\Research Material\CSE\MU\Project\1Code\AlgorithmAnalysis.jl\1CPU\src\interpolation.jl:303
┌ Warning: Gram matrix is not positive semidefinite; eigenvalues are [-2.7356113655086265e-6, -3.685113918424977e-7, -1.1560760745290174e-7, -3.549953566598382e-8, -1.7790291671576338e-8, -1.1465205150321344e-8, -8.678959592769037e-9, -7.162357388921664e-9, 4.481657774853378e-8, 2.66143417948173e-6, 1.307364411274862e-5, 0.0011194991672150393, 0.0022628473055986914, 0.002813881005129149, 0.0034921254017414457, 0.004599403825648494, 0.00557800706071634, 0.006189065581098884, 0.007576310371491751, 0.008699393425044787, 0.010397015333472866, 0.01153070709057957, 0.012420287170040808, 0.012572339052047896, 0.015464535363422901, 0.0157046711434324, 0.46815369655870326].
└ @ AlgorithmAnalysis S:\Research Material\CSE\MU\Project\1Code\AlgorithmAnalysis.jl\1CPU\src\interpolation.jl:303
┌ Warning: Gram matrix is not positive semidefinite; eigenvalues are [-2.735611365511101e-6, -3.685113918323912e-7, -1.1560760745300588e-7, -3.5499535666181647e-8, -1.779029167188948e-8, -1.1465205150285778e-8, -8.678959592896464e-9, -7.162357388973123e-9, 4.4816577749718786e-8, 2.6614341794812846e-6, 1.3073644112738124e-5, 0.0011194991672150393, 0.0022628473055986997, 0.002813881005129156, 0.003492125401741446, 0.0045994038256484925, 0.0055780070607163385, 0.00618906558109889, 0.007576310371491764, 0.008699393425044812, 0.010397015333472863, 0.011530707090579613, 0.012420287170040796, 0.01257233905204791, 0.015464535363422901, 0.01570467114343238, 0.4681536965587035].
└ @ AlgorithmAnalysis S:\Research Material\CSE\MU\Project\1Code\AlgorithmAnalysis.jl\1CPU\src\interpolation.jl:303
┌ Warning: Gram matrix is not positive semidefinite; eigenvalues are [-2.73561136551122e-6, -3.6851139184223633e-7, -1.1560760745301392e-7, -3.5499535666506987e-8, -1.7790291671758818e-8, -1.1465205150652414e-8, -8.678959592845715e-9, -7.162357389303014e-9, 4.481657774799797e-8, 2.6614341794782895e-6, 1.3073644112747929e-5, 0.0011194991672150384, 0.002262847305598689, 0.0028138810051291457, 0.0034921254017414487, 0.004599403825648493, 0.005578007060716335, 0.0061890655810988935, 0.007576310371491746, 0.008699393425044792, 0.010397015333472842, 0.011530707090579578, 0.01242028717004078, 0.012572339052047889, 0.015464535363422877, 0.01570467114343241, 0.4681536965587033].
└ @ AlgorithmAnalysis S:\Research Material\CSE\MU\Project\1Code\AlgorithmAnalysis.jl\1CPU\src\interpolation.jl:303
┌ Warning: Gram matrix is not positive semidefinite; eigenvalues are [-2.7356113655084507e-6, -3.6851139184141005e-7, -1.1560760745297418e-7, -3.5499535666144146e-8, -1.7790291671476074e-8, -1.1465205150222103e-8, -8.678959592237803e-9, -7.162357388550418e-9, 4.4816577748351846e-8, 2.6614341794823133e-6, 1.3073644112747343e-5, 0.0011194991672150358, 0.00226284730559869, 0.002813881005129148, 0.0034921254017414535, 0.004599403825648493, 0.005578007060716332, 0.006189065581098902, 0.007576310371491755, 0.008699393425044805, 0.010397015333472863, 0.011530707090579583, 0.012420287170040793, 0.012572339052047875, 0.015464535363422908, 0.015704671143432394, 0.4681536965587037].
└ @ AlgorithmAnalysis S:\Research Material\CSE\MU\Project\1Code\AlgorithmAnalysis.jl\1CPU\src\interpolation.jl:303
┌ Warning: Gram matrix is not positive semidefinite; eigenvalues are [-2.735611365509593e-6, -3.685113918382987e-7, -1.1560760745276713e-7, -3.549953566560975e-8, -1.779029167175985e-8, -1.146520515038891e-8, -8.678959592515208e-9, -7.162357388645318e-9, 4.481657774721566e-8, 2.661434179473292e-6, 1.3073644112741317e-5, 0.0011194991672150356, 0.0022628473055986923, 0.002813881005129147, 0.0034921254017414457, 0.004599403825648496, 0.005578007060716328, 0.006189065581098886, 0.007576310371491763, 0.008699393425044817, 0.010397015333472887, 0.011530707090579592, 0.012420287170040812, 0.012572339052047896, 0.01546453536342291, 0.015704671143432356, 0.4681536965587035].
└ @ AlgorithmAnalysis S:\Research Material\CSE\MU\Project\1Code\AlgorithmAnalysis.jl\1CPU\src\interpolation.jl:303
┌ Warning: Gram matrix is not positive semidefinite; eigenvalues are [-2.7356113655095964e-6, -3.6851139184248774e-7, -1.1560760745293862e-7, -3.549953566637599e-8, -1.779029167227753e-8, -1.1465205151015163e-8, -8.678959592927654e-9, -7.162357389300426e-9, 4.4816577748490515e-8, 2.6614341794817026e-6, 1.3073644112747656e-5, 0.0011194991672150306, 0.002262847305598687, 0.002813881005129149, 0.003492125401741445, 0.004599403825648492, 0.005578007060716327, 0.00618906558109889, 0.007576310371491768, 0.00869939342504481, 0.010397015333472861, 0.011530707090579592, 0.012420287170040784, 0.012572339052047887, 0.015464535363422908, 0.015704671143432405, 0.4681536965587037].
└ @ AlgorithmAnalysis S:\Research Material\CSE\MU\Project\1Code\AlgorithmAnalysis.jl\1CPU\src\interpolation.jl:303
┌ Warning: Gram matrix is not positive semidefinite; eigenvalues are [-2.7356113655099555e-6, -3.685113918427543e-7, -1.1560760745237857e-7, -3.549953566671933e-8, -1.77902916717607e-8, -1.1465205150150741e-8, -8.67895959258865e-9, -7.162357389334653e-9, 4.4816577747231487e-8, 2.661434179481721e-6, 1.3073644112748139e-5, 0.001119499167215041, 0.002262847305598687, 0.002813881005129148, 0.0034921254017414504, 0.004599403825648492, 0.005578007060716335, 0.006189065581098886, 0.007576310371491768, 0.00869939342504482, 0.010397015333472853, 0.011530707090579592, 0.012420287170040798, 0.012572339052047882, 0.015464535363422923, 0.01570467114343238, 0.4681536965587035].
└ @ AlgorithmAnalysis S:\Research Material\CSE\MU\Project\1Code\AlgorithmAnalysis.jl\1CPU\src\interpolation.jl:303
┌ Warning: Gram matrix is not positive semidefinite; eigenvalues are [-2.735611365509663e-6, -3.685113918394625e-7, -1.1560760745289605e-7, -3.5499535666036314e-8, -1.779029167157781e-8, -1.1465205150264258e-8, -8.678959592784052e-9, -7.162357388971587e-9, 4.481657774833887e-8, 2.6614341794814743e-6, 1.3073644112746882e-5, 0.0011194991672150358, 0.0022628473055986906, 0.0028138810051291504, 0.003492125401741447, 0.004599403825648495, 0.0055780070607163446, 0.0061890655810988935, 0.007576310371491758, 0.0086993934250448, 0.01039701533347284, 0.01153070709057957, 0.012420287170040779, 0.012572339052047871, 0.015464535363422911, 0.01570467114343239, 0.4681536965587034].
└ @ AlgorithmAnalysis S:\Research Material\CSE\MU\Project\1Code\AlgorithmAnalysis.jl\1CPU\src\interpolation.jl:303
┌ Warning: Gram matrix is not positive semidefinite; eigenvalues are [-2.7356113655106734e-6, -3.6851139184039996e-7, -1.1560760745242672e-7, -3.5499535666331254e-8, -1.7790291671886918e-8, -1.1465205150593398e-8, -8.678959592911543e-9, -7.162357388976097e-9, 4.481657774862482e-8, 2.6614341794816954e-6, 1.3073644112752076e-5, 0.0011194991672150356, 0.002262847305598689, 0.002813881005129147, 0.0034921254017414435, 0.00459940382564849, 0.005578007060716326, 0.006189065581098882, 0.0075763103714917525, 0.00869939342504481, 0.010397015333472858, 0.011530707090579588, 0.012420287170040806, 0.012572339052047878, 0.015464535363422897, 0.015704671143432363, 0.46815369655870365].
└ @ AlgorithmAnalysis S:\Research Material\CSE\MU\Project\1Code\AlgorithmAnalysis.jl\1CPU\src\interpolation.jl:303
┌ Warning: Gram matrix is not positive semidefinite; eigenvalues are [-2.735611365509436e-6, -3.6851139184404575e-7, -1.1560760745308056e-7, -3.549953566613513e-8, -1.779029167161302e-8, -1.146520515048653e-8, -8.678959592833757e-9, -7.162357388975954e-9, 4.48165777490214e-8, 2.6614341794823396e-6, 1.307364411274795e-5, 0.001119499167215038, 0.002262847305598684, 0.002813881005129145, 0.00349212540174145, 0.004599403825648493, 0.00557800706071633, 0.006189065581098895, 0.00757631037149177, 0.008699393425044808, 0.010397015333472875, 0.011530707090579594, 0.012420287170040772, 0.012572339052047916, 0.015464535363422904, 0.015704671143432408, 0.4681536965587037].
└ @ AlgorithmAnalysis S:\Research Material\CSE\MU\Project\1Code\AlgorithmAnalysis.jl\1CPU\src\interpolation.jl:303
┌ Warning: Gram matrix is not positive semidefinite; eigenvalues are [-2.7356113655101914e-6, -3.685113918441249e-7, -1.1560760745297371e-7, -3.549953566593713e-8, -1.7790291671495956e-8, -1.1465205150394144e-8, -8.678959592868992e-9, -7.162357388898616e-9, 4.481657774694925e-8, 2.6614341794802597e-6, 1.3073644112749936e-5, 0.0011194991672150373, 0.0022628473055986893, 0.00281388100512914, 0.0034921254017414483, 0.004599403825648489, 0.005578007060716339, 0.006189065581098899, 0.007576310371491778, 0.008699393425044813, 0.010397015333472866, 0.011530707090579588, 0.012420287170040789, 0.01257233905204788, 0.015464535363422887, 0.0157046711434324, 0.46815369655870376].
└ @ AlgorithmAnalysis S:\Research Material\CSE\MU\Project\1Code\AlgorithmAnalysis.jl\1CPU\src\interpolation.jl:303
┌ Warning: Gram matrix is not positive semidefinite; eigenvalues are [-2.73561136550909e-6, -3.685113918408344e-7, -1.1560760745295013e-7, -3.5499535666241435e-8, -1.779029167185116e-8, -1.1465205150393346e-8, -8.678959592833547e-9, -7.162357388843473e-9, 4.481657775074051e-8, 2.661434179475788e-6, 1.3073644112749233e-5, 0.0011194991672150354, 0.0022628473055986906, 0.002813881005129146, 0.003492125401741446, 0.004599403825648491, 0.005578007060716331, 0.006189065581098895, 0.007576310371491773, 0.008699393425044818, 0.010397015333472866, 0.011530707090579571, 0.012420287170040784, 0.012572339052047896, 0.015464535363422885, 0.0157046711434324, 0.4681536965587037].
└ @ AlgorithmAnalysis S:\Research Material\CSE\MU\Project\1Code\AlgorithmAnalysis.jl\1CPU\src\interpolation.jl:303
┌ Warning: Gram matrix is not positive semidefinite; eigenvalues are [-2.735611365509361e-6, -3.6851139184264905e-7, -1.1560760745235202e-7, -3.5499535666049106e-8, -1.7790291671501035e-8, -1.1465205150158005e-8, -8.678959592599324e-9, -7.162357388664083e-9, 4.48165777580484e-8, 2.661434179481693e-6, 1.3073644112748256e-5, 0.0011194991672150195, 0.0022628473055986893, 0.002813881005129151, 0.0034921254017414517, 0.0045994038256484985, 0.005578007060716342, 0.006189065581098892, 0.007576310371491755, 0.00869939342504481, 0.010397015333472885, 0.011530707090579592, 0.012420287170040813, 0.01257233905204789, 0.015464535363422884, 0.015704671143432367, 0.46815369655870337].
└ @ AlgorithmAnalysis S:\Research Material\CSE\MU\Project\1Code\AlgorithmAnalysis.jl\1CPU\src\interpolation.jl:303
┌ Warning: Gram matrix is not positive semidefinite; eigenvalues are [-2.7356113655082123e-6, -3.6851139184112476e-7, -1.156076074529516e-7, -3.549953566621211e-8, -1.7790291671419214e-8, -1.1465205150072854e-8, -8.67895959270686e-9, -7.1623573888561836e-9, 4.481657774904702e-8, 2.661434179481702e-6, 1.3073644112746892e-5, 0.0011194991672150367, 0.0022628473055986923, 0.002813881005129149, 0.003492125401741449, 0.004599403825648507, 0.005578007060716344, 0.006189065581098893, 0.007576310371491772, 0.008699393425044829, 0.010397015333472877, 0.011530707090579566, 0.012420287170040803, 0.012572339052047885, 0.015464535363422908, 0.01570467114343237, 0.46815369655870315].
└ @ AlgorithmAnalysis S:\Research Material\CSE\MU\Project\1Code\AlgorithmAnalysis.jl\1CPU\src\interpolation.jl:303
┌ Warning: Gram matrix is not positive semidefinite; eigenvalues are [-2.7356113655106496e-6, -3.6851139183892136e-7, -1.1560760745269402e-7, -3.5499535665780974e-8, -1.7790291671052564e-8, -1.1465205150293004e-8, -8.678959592515613e-9, -7.162357388628555e-9, 4.481657775191246e-8, 2.661434179482274e-6, 1.3073644112748071e-5, 0.00111949916721504, 0.002262847305598683, 0.0028138810051291487, 0.0034921254017414487, 0.004599403825648495, 0.005578007060716334, 0.006189065581098897, 0.0075763103714917525, 0.008699393425044817, 0.01039701533347286, 0.011530707090579564, 0.012420287170040772, 0.012572339052047913, 0.015464535363422913, 0.015704671143432422, 0.46815369655870376].
└ @ AlgorithmAnalysis S:\Research Material\CSE\MU\Project\1Code\AlgorithmAnalysis.jl\1CPU\src\interpolation.jl:303
┌ Warning: Gram matrix is not positive semidefinite; eigenvalues are [-2.7356113655095883e-6, -3.685113918414108e-7, -1.1560760745277964e-7, -3.549953566589503e-8, -1.7790291671326444e-8, -1.146520515012026e-8, -8.678959592565888e-9, -7.162357388745159e-9, 4.481657773977931e-8, 2.661434179481847e-6, 1.3073644112747438e-5, 0.0011194991672150434, 0.0022628473055986914, 0.00281388100512915, 0.0034921254017414517, 0.0045994038256484925, 0.005578007060716337, 0.006189065581098883, 0.007576310371491758, 0.008699393425044822, 0.010397015333472877, 0.01153070709057959, 0.01242028717004082, 0.012572339052047908, 0.01546453536342288, 0.015704671143432367, 0.468153696558703].
└ @ AlgorithmAnalysis S:\Research Material\CSE\MU\Project\1Code\AlgorithmAnalysis.jl\1CPU\src\interpolation.jl:303
┌ Warning: Gram matrix is not positive semidefinite; eigenvalues are [-2.73561136550957e-6, -3.685113918433374e-7, -1.1560760745323933e-7, -3.549953566622352e-8, -1.779029167219056e-8, -1.1465205149385673e-8, -8.67895959276046e-9, -7.162357388478917e-9, 4.48165777515118e-8, 2.6614341794812596e-6, 1.3073644112748254e-5, 0.0011194991672150325, 0.002262847305598688, 0.0028138810051291517, 0.0034921254017414413, 0.004599403825648496, 0.00557800706071633, 0.006189065581098894, 0.0075763103714917525, 0.008699393425044818, 0.01039701533347289, 0.011530707090579592, 0.012420287170040817, 0.012572339052047915, 0.015464535363422864, 0.015704671143432325, 0.46815369655870376].
└ @ AlgorithmAnalysis S:\Research Material\CSE\MU\Project\1Code\AlgorithmAnalysis.jl\1CPU\src\interpolation.jl:303
┌ Warning: Gram matrix is not positive semidefinite; eigenvalues are [-2.735611365511112e-6, -3.685113918403807e-7, -1.15607607452833e-7, -3.549953566590987e-8, -1.779029167135251e-8, -1.1465205150182986e-8, -8.678959592872552e-9, -7.1623573889183784e-9, 4.48165777524916e-8, 2.6614341794764468e-6, 1.3073644112736241e-5, 0.0011194991672150343, 0.0022628473055986906, 0.002813881005129146, 0.0034921254017414452, 0.00459940382564849, 0.005578007060716331, 0.006189065581098894, 0.0075763103714917585, 0.008699393425044812, 0.010397015333472868, 0.01153070709057958, 0.012420287170040805, 0.012572339052047871, 0.015464535363422908, 0.015704671143432367, 0.4681536965587032].
└ @ AlgorithmAnalysis S:\Research Material\CSE\MU\Project\1Code\AlgorithmAnalysis.jl\1CPU\src\interpolation.jl:303
┌ Warning: Gram matrix is not positive semidefinite; eigenvalues are [-2.7356113655095883e-6, -3.6851139184584903e-7, -1.1560760745305115e-7, -3.549953566624843e-8, -1.7790291671742992e-8, -1.146520514990006e-8, -8.678959592789604e-9, -7.162357389034317e-9, 4.481657774964049e-8, 2.6614341794816687e-6, 1.307364411274999e-5, 0.0011194991672150375, 0.0022628473055986897, 0.0028138810051291556, 0.003492125401741443, 0.004599403825648495, 0.005578007060716338, 0.006189065581098883, 0.007576310371491741, 0.008699393425044786, 0.010397015333472835, 0.01153070709057955, 0.012420287170040793, 0.012572339052047908, 0.015464535363422884, 0.01570467114343236, 0.468153696558703].
└ @ AlgorithmAnalysis S:\Research Material\CSE\MU\Project\1Code\AlgorithmAnalysis.jl\1CPU\src\interpolation.jl:303
┌ Warning: Gram matrix is not positive semidefinite; eigenvalues are [-2.735611365509853e-6, -3.6851139184233385e-7, -1.156076074528295e-7, -3.549953566585333e-8, -1.7790291671076744e-8, -1.1465205150548562e-8, -8.678959592455947e-9, -7.16235738917874e-9, 4.481657774807389e-8, 2.661434179481583e-6, 1.3073644112749145e-5, 0.001119499167215009, 0.0022628473055986884, 0.0028138810051291504, 0.0034921254017414496, 0.004599403825648493, 0.0055780070607163446, 0.006189065581098889, 0.0075763103714917655, 0.008699393425044812, 0.010397015333472866, 0.011530707090579578, 0.012420287170040832, 0.01257233905204792, 0.015464535363422943, 0.015704671143432363, 0.4681536965587035].
└ @ AlgorithmAnalysis S:\Research Material\CSE\MU\Project\1Code\AlgorithmAnalysis.jl\1CPU\src\interpolation.jl:303
┌ Warning: Gram matrix is not positive semidefinite; eigenvalues are [-2.7356113655098627e-6, -3.685113918420305e-7, -1.1560760745272258e-7, -3.54995356659608e-8, -1.7790291671586532e-8, -1.146520515034211e-8, -8.678959592632011e-9, -7.16235738890653e-9, 4.481657777076012e-8, 2.6614341794818402e-6, 1.3073644112746465e-5, 0.0011194991672150495, 0.0022628473055986884, 0.0028138810051291543, 0.0034921254017414496, 0.004599403825648492, 0.005578007060716321, 0.006189065581098892, 0.007576310371491758, 0.008699393425044796, 0.010397015333472856, 0.011530707090579568, 0.012420287170040793, 0.012572339052047883, 0.01546453536342289, 0.015704671143432374, 0.46815369655870404].
└ @ AlgorithmAnalysis S:\Research Material\CSE\MU\Project\1Code\AlgorithmAnalysis.jl\1CPU\src\interpolation.jl:303
┌ Warning: Gram matrix is not positive semidefinite; eigenvalues are [-2.735611365509787e-6, -3.6851139184418223e-7, -1.1560760745283916e-7, -3.5499535665728954e-8, -1.7790291671663798e-8, -1.146520515024555e-8, -8.678959592741291e-9, -7.1623573888438395e-9, 4.481657774547474e-8, 2.6614341794816852e-6, 1.3073644112748071e-5, 0.0011194991672150343, 0.00226284730559869, 0.002813881005129145, 0.003492125401741446, 0.004599403825648492, 0.005578007060716327, 0.006189065581098888, 0.007576310371491753, 0.008699393425044815, 0.010397015333472849, 0.011530707090579594, 0.012420287170040779, 0.012572339052047896, 0.015464535363422929, 0.015704671143432377, 0.46815369655870337].
└ @ AlgorithmAnalysis S:\Research Material\CSE\MU\Project\1Code\AlgorithmAnalysis.jl\1CPU\src\interpolation.jl:303
┌ Warning: Interpolating oracle not implemented for ∇f
└ @ AlgorithmAnalysis S:\Research Material\CSE\MU\Project\1Code\AlgorithmAnalysis.jl\1CPU\src\interpolation.jl:293
┌ Warning: Gram matrix is not positive semidefinite; eigenvalues are [-2.735611365511894e-6, -3.6851139184327294e-7, -1.1560760745292852e-7, -3.549953566595573e-8, -1.779029167158324e-8, -1.146520515054972e-8, -8.678959592972078e-9, -7.162357388989778e-9, 4.481657774868751e-8, 2.6614341794821867e-6, 1.3073644112749586e-5, 0.0011194991672150386, 0.002262847305598689, 0.00281388100512915, 0.0034921254017414565, 0.004599403825648493, 0.005578007060716336, 0.006189065581098894, 0.0075763103714917455, 0.008699393425044812, 0.010397015333472853, 0.011530707090579555, 0.012420287170040777, 0.012572339052047887, 0.015464535363422917, 0.015704671143432422, 0.4681536965587039].
└ @ AlgorithmAnalysis S:\Research Material\CSE\MU\Project\1Code\AlgorithmAnalysis.jl\1CPU\src\interpolation.jl:303
┌ Warning: Gram matrix is not positive semidefinite; eigenvalues are [-2.7356113655095925e-6, -3.685113918419437e-7, -1.1560760745223195e-7, -3.54995356660318e-8, -1.7790291671275767e-8, -1.1465205150163567e-8, -8.678959592677964e-9, -7.162357388972625e-9, 4.4816577747850436e-8, 2.661434179482123e-6, 1.3073644112747675e-5, 0.0011194991672150378, 0.0022628473055986927, 0.0028138810051291435, 0.0034921254017414444, 0.004599403825648491, 0.005578007060716336, 0.006189065581098891, 0.007576310371491766, 0.008699393425044815, 0.010397015333472863, 0.01153070709057959, 0.012420287170040806, 0.012572339052047904, 0.015464535363422906, 0.015704671143432426, 0.4681536965587034].
└ @ AlgorithmAnalysis S:\Research Material\CSE\MU\Project\1Code\AlgorithmAnalysis.jl\1CPU\src\interpolation.jl:303
[ Info: Objective value: 2.251296311079758e-5
[ Info: Analysis complete! Use `evaluate()` to obtain the value of any expression in the algorithm.
------ BENCHMARKING RESULTS ------
Setup Time: 1.4802388 seconds
Algorithm Computation Time: 28.2936337 seconds
Optimization Time: 7.395433 seconds
RAM Usage: 1.976356 MB
Threads Used: 1
----- END OF RESULTS -----
