[ Info: PERFORMANCE ESTIMATION
[ Info: Maximizing the performance measure performance
[ Info: Algorithmic objects
[ Info:  ⋅ Variables
[ Info:    ⋅ 27 variables in Rⁿ
[ Info:    ⋅ 729 variables in R
[ Info:  ⋅ Constraints
[ Info:    ⋅ 21 Semidefinite
[ Info:    ⋅ 26 Positive
[ Info:  ⋅ Oracles
[ Info:    ⋅ 27 LinearFunctional{Rⁿ}
[ Info:    ⋅ 1 Map{Rⁿ, Rⁿ}
[ Info: Setting up the optimization problem
[ Info:   ✓ variables
[ Info:   ✓ objective
[ Info:   ✓ constraints
[ Info: Termination status: OPTIMAL
[ Info: Assigning values to original variables
┌ Warning: Gram matrix is not positive semidefinite; eigenvalues are [-1.5780331854157303e-6, -8.214944042779498e-8, -3.089746434438798e-8, -2.801951356035439e-8, -1.4334228847587788e-8, -8.826930363468412e-9, -6.803821545374264e-9, 2.259813292886301e-6, 9.780452039066196e-6, 7.22020207395708e-5, 0.0012652691849970221, 0.0015807867579330464, 0.002154703935157174, 0.00320087088598473, 0.003850468669765505, 0.004729329536296292, 0.006027384669005883, 0.006651793197263881, 0.007957779266345225, 0.008975426142376938, 0.01073972937820164, 0.011753167886175666, 0.012339384013434403, 0.012816505479806237, 0.015863858568457765, 0.01686332139264405, 0.45192037612776076].
└ @ AlgorithmAnalysis S:\Research Material\CSE\MU\Project\1Code\AlgorithmAnalysis.jl\1CPU\src\interpolation.jl:303
┌ Warning: Gram matrix is not positive semidefinite; eigenvalues are [-1.578033185414822e-6, -8.214944042761582e-8, -3.0897464343205605e-8, -2.8019513559163724e-8, -1.4334228847270429e-8, -8.826930363317663e-9, -6.803821545200671e-9, 2.259813292886722e-6, 9.780452039078998e-6, 7.220202073956708e-5, 0.001265269184997018, 0.001580786757933048, 0.002154703935157176, 0.0032008708859847293, 0.0038504686697655123, 0.0047293295362963025, 0.0060273846690058796, 0.006651793197263892, 0.007957779266345217, 0.008975426142376931, 0.010739729378201644, 0.011753167886175645, 0.01233938401343441, 0.012816505479806176, 0.015863858568457755, 0.01686332139264405, 0.4519203761277607].
└ @ AlgorithmAnalysis S:\Research Material\CSE\MU\Project\1Code\AlgorithmAnalysis.jl\1CPU\src\interpolation.jl:303
┌ Warning: Gram matrix is not positive semidefinite; eigenvalues are [-1.5780331854151033e-6, -8.21494404276028e-8, -3.089746434233653e-8, -2.801951355801028e-8, -1.4334228847494826e-8, -8.82693036287984e-9, -6.803821545368336e-9, 2.259813292883489e-6, 9.780452039064901e-6, 7.220202073957072e-5, 0.001265269184997018, 0.0015807867579330501, 0.002154703935157171, 0.003200870885984724, 0.003850468669765502, 0.004729329536296301, 0.006027384669005877, 0.006651793197263891, 0.007957779266345224, 0.00897542614237695, 0.010739729378201624, 0.011753167886175671, 0.012339384013434424, 0.012816505479806176, 0.015863858568457814, 0.016863321392644036, 0.4519203761277609].
└ @ AlgorithmAnalysis S:\Research Material\CSE\MU\Project\1Code\AlgorithmAnalysis.jl\1CPU\src\interpolation.jl:303
┌ Warning: Gram matrix is not positive semidefinite; eigenvalues are [-1.5780331854163457e-6, -8.214944042833653e-8, -3.0897464343830226e-8, -2.801951356162437e-8, -1.4334228847841691e-8, -8.826930363837645e-9, -6.803821545770763e-9, 2.259813292886443e-6, 9.780452039065926e-6, 7.22020207395676e-5, 0.0012652691849970156, 0.0015807867579330469, 0.00215470393515717, 0.003200870885984726, 0.0038504686697655053, 0.004729329536296296, 0.006027384669005869, 0.006651793197263881, 0.007957779266345222, 0.008975426142376935, 0.010739729378201638, 0.011753167886175652, 0.012339384013434387, 0.012816505479806173, 0.015863858568457796, 0.016863321392644046, 0.4519203761277606].
└ @ AlgorithmAnalysis S:\Research Material\CSE\MU\Project\1Code\AlgorithmAnalysis.jl\1CPU\src\interpolation.jl:303
┌ Warning: Gram matrix is not positive semidefinite; eigenvalues are [-1.578033185418914e-6, -8.214944042854299e-8, -3.0897464341977275e-8, -2.801951356787324e-8, -1.4334228849595397e-8, -8.826930363892227e-9, -6.803821545235044e-9, 2.2598132928771842e-6, 9.780452039056692e-6, 7.220202073956582e-5, 0.0012652691849970134, 0.0015807867579330352, 0.002154703935157175, 0.003200870885984727, 0.0038504686697655, 0.004729329536296297, 0.006027384669005887, 0.00665179319726388, 0.00795777926634523, 0.008975426142376963, 0.01073972937820162, 0.011753167886175636, 0.012339384013434401, 0.012816505479806214, 0.01586385856845778, 0.01686332139264403, 0.45192037612776104].
└ @ AlgorithmAnalysis S:\Research Material\CSE\MU\Project\1Code\AlgorithmAnalysis.jl\1CPU\src\interpolation.jl:303
┌ Warning: Gram matrix is not positive semidefinite; eigenvalues are [-1.578033185415691e-6, -8.214944042736006e-8, -3.089746434373128e-8, -2.8019513560311258e-8, -1.4334228848117453e-8, -8.826930362982168e-9, -6.803821544707821e-9, 2.2598132928868904e-6, 9.78045203906781e-6, 7.220202073957092e-5, 0.0012652691849970197, 0.001580786757933046, 0.00215470393515717, 0.0032008708859847124, 0.003850468669765512, 0.0047293295362962956, 0.006027384669005865, 0.0066517931972639, 0.007957779266345225, 0.008975426142376931, 0.010739729378201644, 0.011753167886175659, 0.012339384013434415, 0.012816505479806204, 0.015863858568457755, 0.016863321392644015, 0.45192037612776076].
└ @ AlgorithmAnalysis S:\Research Material\CSE\MU\Project\1Code\AlgorithmAnalysis.jl\1CPU\src\interpolation.jl:303
┌ Warning: Gram matrix is not positive semidefinite; eigenvalues are [-1.5780331854158036e-6, -8.214944042789678e-8, -3.089746434384973e-8, -2.8019513559339552e-8, -1.433422884769306e-8, -8.826930363934116e-9, -6.80382154549727e-9, 2.2598132928866625e-6, 9.780452039065125e-6, 7.220202073956578e-5, 0.0012652691849970189, 0.001580786757933048, 0.0021547039351571757, 0.0032008708859847207, 0.003850468669765505, 0.0047293295362963, 0.00602738466900587, 0.0066517931972638845, 0.007957779266345206, 0.008975426142376937, 0.010739729378201664, 0.011753167886175678, 0.012339384013434413, 0.012816505479806216, 0.015863858568457817, 0.016863321392644032, 0.4519203761277607].
└ @ AlgorithmAnalysis S:\Research Material\CSE\MU\Project\1Code\AlgorithmAnalysis.jl\1CPU\src\interpolation.jl:303
┌ Warning: Gram matrix is not positive semidefinite; eigenvalues are [-1.5780331854151988e-6, -8.214944042760008e-8, -3.089746434477609e-8, -2.8019513562328818e-8, -1.4334228847365033e-8, -8.82693036353593e-9, -6.803821545191718e-9, 2.2598132928865325e-6, 9.78045203906825e-6, 7.220202073957604e-5, 0.0012652691849969959, 0.0015807867579330454, 0.0021547039351571713, 0.0032008708859847194, 0.003850468669765502, 0.004729329536296299, 0.006027384669005866, 0.006651793197263897, 0.007957779266345213, 0.008975426142376957, 0.010739729378201637, 0.011753167886175649, 0.01233938401343443, 0.012816505479806204, 0.01586385856845774, 0.016863321392644025, 0.4519203761277604].
└ @ AlgorithmAnalysis S:\Research Material\CSE\MU\Project\1Code\AlgorithmAnalysis.jl\1CPU\src\interpolation.jl:303
┌ Warning: Gram matrix is not positive semidefinite; eigenvalues are [-1.57803318541525e-6, -8.214944042696339e-8, -3.089746434788503e-8, -2.801951355805694e-8, -1.4334228848094443e-8, -8.826930363266262e-9, -6.8038215448633485e-9, 2.2598132928861835e-6, 9.780452039066882e-6, 7.220202073956593e-5, 0.0012652691849969733, 0.0015807867579330451, 0.002154703935157174, 0.0032008708859847298, 0.003850468669765502, 0.004729329536296293, 0.006027384669005873, 0.006651793197263891, 0.007957779266345241, 0.008975426142376964, 0.010739729378201663, 0.011753167886175675, 0.012339384013434398, 0.01281650547980618, 0.015863858568457786, 0.016863321392644032, 0.4519203761277609].
└ @ AlgorithmAnalysis S:\Research Material\CSE\MU\Project\1Code\AlgorithmAnalysis.jl\1CPU\src\interpolation.jl:303
┌ Warning: Interpolating oracle not implemented for ∇f
└ @ AlgorithmAnalysis S:\Research Material\CSE\MU\Project\1Code\AlgorithmAnalysis.jl\1CPU\src\interpolation.jl:293
┌ Warning: Gram matrix is not positive semidefinite; eigenvalues are [-1.5780331854165983e-6, -8.214944042772087e-8, -3.08974643434065e-8, -2.8019513558024e-8, -1.433422884761068e-8, -8.826930363290354e-9, -6.803821545421546e-9, 2.2598132928812305e-6, 9.7804520390596e-6, 7.22020207395706e-5, 0.0012652691849970186, 0.0015807867579330497, 0.002154703935157176, 0.0032008708859847263, 0.003850468669765504, 0.004729329536296293, 0.006027384669005877, 0.006651793197263887, 0.007957779266345206, 0.008975426142376949, 0.010739729378201633, 0.011753167886175671, 0.012339384013434391, 0.012816505479806218, 0.015863858568457834, 0.016863321392644025, 0.4519203761277603].
└ @ AlgorithmAnalysis S:\Research Material\CSE\MU\Project\1Code\AlgorithmAnalysis.jl\1CPU\src\interpolation.jl:303
┌ Warning: Gram matrix is not positive semidefinite; eigenvalues are [-1.5780331854152532e-6, -8.214944042742405e-8, -3.0897464343364424e-8, -2.8019513560117453e-8, -1.4334228847480211e-8, -8.82693036260733e-9, -6.803821544988239e-9, 2.2598132928864067e-6, 9.780452039065794e-6, 7.220202073955979e-5, 0.0012652691849969987, 0.0015807867579330527, 0.002154703935157176, 0.0032008708859847263, 0.0038504686697655027, 0.004729329536296295, 0.006027384669005868, 0.006651793197263903, 0.00795777926634524, 0.008975426142376943, 0.010739729378201671, 0.011753167886175666, 0.012339384013434424, 0.012816505479806195, 0.015863858568457803, 0.016863321392644067, 0.4519203761277604].
└ @ AlgorithmAnalysis S:\Research Material\CSE\MU\Project\1Code\AlgorithmAnalysis.jl\1CPU\src\interpolation.jl:303
┌ Warning: Gram matrix is not positive semidefinite; eigenvalues are [-1.57803318541638e-6, -8.214944042780863e-8, -3.08974643441259e-8, -2.801951356075144e-8, -1.4334228847738825e-8, -8.826930362682702e-9, -6.803821545379174e-9, 2.2598132928896945e-6, 9.780452039064463e-6, 7.220202073956998e-5, 0.0012652691849970147, 0.0015807867579330486, 0.00215470393515717, 0.0032008708859847254, 0.0038504686697655114, 0.004729329536296301, 0.006027384669005873, 0.006651793197263888, 0.007957779266345218, 0.008975426142376942, 0.010739729378201663, 0.011753167886175687, 0.012339384013434415, 0.012816505479806199, 0.015863858568457786, 0.01686332139264407, 0.4519203761277608].
└ @ AlgorithmAnalysis S:\Research Material\CSE\MU\Project\1Code\AlgorithmAnalysis.jl\1CPU\src\interpolation.jl:303
┌ Warning: Gram matrix is not positive semidefinite; eigenvalues are [-1.5780331854155221e-6, -8.214944042767826e-8, -3.089746434417091e-8, -2.8019513561412725e-8, -1.4334228848424255e-8, -8.826930363427861e-9, -6.8038215454116335e-9, 2.2598132928861374e-6, 9.78045203906732e-6, 7.220202073957013e-5, 0.001265269184997018, 0.001580786757933048, 0.002154703935157178, 0.0032008708859847233, 0.0038504686697655023, 0.0047293295362962956, 0.0060273846690058865, 0.006651793197263887, 0.00795777926634522, 0.008975426142376935, 0.010739729378201628, 0.011753167886175668, 0.01233938401343441, 0.012816505479806204, 0.015863858568457793, 0.016863321392644064, 0.4519203761277608].
└ @ AlgorithmAnalysis S:\Research Material\CSE\MU\Project\1Code\AlgorithmAnalysis.jl\1CPU\src\interpolation.jl:303
┌ Warning: Gram matrix is not positive semidefinite; eigenvalues are [-1.5780331854152428e-6, -8.214944042737183e-8, -3.0897464342653214e-8, -2.8019513557781856e-8, -1.4334228847402213e-8, -8.826930363232251e-9, -6.803821545120891e-9, 2.2598132928864487e-6, 9.780452039068108e-6, 7.220202073957515e-5, 0.0012652691849970273, 0.0015807867579330475, 0.0021547039351571718, 0.0032008708859847254, 0.003850468669765502, 0.004729329536296282, 0.006027384669005869, 0.0066517931972638845, 0.007957779266345213, 0.008975426142376947, 0.01073972937820163, 0.011753167886175647, 0.01233938401343439, 0.012816505479806197, 0.015863858568457765, 0.016863321392644022, 0.4519203761277604].
└ @ AlgorithmAnalysis S:\Research Material\CSE\MU\Project\1Code\AlgorithmAnalysis.jl\1CPU\src\interpolation.jl:303
┌ Warning: Gram matrix is not positive semidefinite; eigenvalues are [-1.5780331854155465e-6, -8.214944042768694e-8, -3.089746434339496e-8, -2.80195135588016e-8, -1.4334228847660749e-8, -8.826930363241724e-9, -6.803821545178127e-9, 2.25981329288596e-6, 9.780452039068107e-6, 7.220202073956912e-5, 0.001265269184997017, 0.0015807867579330456, 0.002154703935157171, 0.0032008708859847168, 0.0038504686697655006, 0.004729329536296299, 0.0060273846690058796, 0.006651793197263897, 0.007957779266345211, 0.008975426142376963, 0.01073972937820163, 0.011753167886175643, 0.012339384013434427, 0.012816505479806199, 0.015863858568457727, 0.016863321392644064, 0.4519203761277606].
└ @ AlgorithmAnalysis S:\Research Material\CSE\MU\Project\1Code\AlgorithmAnalysis.jl\1CPU\src\interpolation.jl:303
┌ Warning: Gram matrix is not positive semidefinite; eigenvalues are [-1.5780331854158235e-6, -8.214944042805599e-8, -3.089746434371719e-8, -2.801951356258374e-8, -1.4334228847750332e-8, -8.82693036375562e-9, -6.8038215461419985e-9, 2.259813292886183e-6, 9.780452039066663e-6, 7.220202073956725e-5, 0.001265269184997016, 0.0015807867579330475, 0.0021547039351571726, 0.0032008708859847194, 0.003850468669765502, 0.004729329536296287, 0.0060273846690058796, 0.006651793197263879, 0.007957779266345215, 0.008975426142376943, 0.010739729378201626, 0.011753167886175636, 0.01233938401343441, 0.012816505479806185, 0.015863858568457807, 0.016863321392644046, 0.45192037612776054].
└ @ AlgorithmAnalysis S:\Research Material\CSE\MU\Project\1Code\AlgorithmAnalysis.jl\1CPU\src\interpolation.jl:303
┌ Warning: Gram matrix is not positive semidefinite; eigenvalues are [-1.578033185415837e-6, -8.214944042766016e-8, -3.0897464343935754e-8, -2.8019513561243213e-8, -1.4334228847787496e-8, -8.826930363108358e-9, -6.803821545125009e-9, 2.2598132928907173e-6, 9.780452039059192e-6, 7.220202073956531e-5, 0.001265269184997011, 0.001580786757933049, 0.0021547039351571752, 0.0032008708859847254, 0.0038504686697655144, 0.004729329536296297, 0.006027384669005874, 0.006651793197263883, 0.007957779266345229, 0.008975426142376968, 0.010739729378201635, 0.011753167886175635, 0.012339384013434386, 0.012816505479806206, 0.01586385856845783, 0.016863321392643984, 0.4519203761277607].
└ @ AlgorithmAnalysis S:\Research Material\CSE\MU\Project\1Code\AlgorithmAnalysis.jl\1CPU\src\interpolation.jl:303
┌ Warning: Gram matrix is not positive semidefinite; eigenvalues are [-1.5780331854153345e-6, -8.214944042721382e-8, -3.089746434426721e-8, -2.801951356106096e-8, -1.433422884738033e-8, -8.826930362752247e-9, -6.803821544578494e-9, 2.2598132928867544e-6, 9.780452039066546e-6, 7.220202073957805e-5, 0.0012652691849970158, 0.0015807867579330488, 0.002154703935157173, 0.0032008708859847263, 0.0038504686697655097, 0.004729329536296296, 0.006027384669005864, 0.006651793197263878, 0.007957779266345217, 0.008975426142376947, 0.010739729378201635, 0.01175316788617566, 0.012339384013434426, 0.012816505479806221, 0.01586385856845776, 0.016863321392644078, 0.45192037612776104].
└ @ AlgorithmAnalysis S:\Research Material\CSE\MU\Project\1Code\AlgorithmAnalysis.jl\1CPU\src\interpolation.jl:303
┌ Warning: Gram matrix is not positive semidefinite; eigenvalues are [-1.5780331854172323e-6, -8.214944042769921e-8, -3.089746434477523e-8, -2.8019513556995508e-8, -1.4334228848152175e-8, -8.826930363496422e-9, -6.803821545246713e-9, 2.2598132928861242e-6, 9.780452039068127e-6, 7.220202073956809e-5, 0.001265269184997018, 0.0015807867579330495, 0.002154703935157178, 0.0032008708859847246, 0.0038504686697655058, 0.004729329536296298, 0.006027384669005866, 0.0066517931972638975, 0.007957779266345215, 0.008975426142376968, 0.010739729378201644, 0.011753167886175662, 0.012339384013434446, 0.012816505479806228, 0.015863858568457748, 0.016863321392644043, 0.4519203761277603].
└ @ AlgorithmAnalysis S:\Research Material\CSE\MU\Project\1Code\AlgorithmAnalysis.jl\1CPU\src\interpolation.jl:303
┌ Warning: Gram matrix is not positive semidefinite; eigenvalues are [-1.5780331854156807e-6, -8.214944042732554e-8, -3.0897464342941384e-8, -2.8019513556727822e-8, -1.4334228847521086e-8, -8.826930363220358e-9, -6.8038215453112726e-9, 2.259813292886467e-6, 9.780452039066111e-6, 7.220202073955742e-5, 0.0012652691849970215, 0.0015807867579330512, 0.0021547039351571735, 0.0032008708859847267, 0.0038504686697655123, 0.004729329536296285, 0.006027384669005878, 0.006651793197263894, 0.007957779266345234, 0.008975426142376935, 0.010739729378201657, 0.011753167886175662, 0.012339384013434394, 0.012816505479806188, 0.015863858568457782, 0.016863321392644064, 0.45192037612776087].
└ @ AlgorithmAnalysis S:\Research Material\CSE\MU\Project\1Code\AlgorithmAnalysis.jl\1CPU\src\interpolation.jl:303
┌ Warning: Gram matrix is not positive semidefinite; eigenvalues are [-1.5780331854150872e-6, -8.214944042753149e-8, -3.089746434181607e-8, -2.8019513562037948e-8, -1.4334228847750245e-8, -8.826930363128736e-9, -6.803821545293443e-9, 2.2598132928912467e-6, 9.780452039067876e-6, 7.220202073956845e-5, 0.0012652691849970171, 0.0015807867579330486, 0.0021547039351571674, 0.003200870885984728, 0.0038504686697655075, 0.0047293295362962956, 0.006027384669005872, 0.00665179319726389, 0.007957779266345229, 0.008975426142376957, 0.010739729378201661, 0.011753167886175664, 0.012339384013434441, 0.012816505479806221, 0.015863858568457775, 0.016863321392644095, 0.4519203761277606].
└ @ AlgorithmAnalysis S:\Research Material\CSE\MU\Project\1Code\AlgorithmAnalysis.jl\1CPU\src\interpolation.jl:303
┌ Warning: Gram matrix is not positive semidefinite; eigenvalues are [-1.5780331854153197e-6, -8.214944042714486e-8, -3.0897464349358604e-8, -2.8019513553999546e-8, -1.4334228847917448e-8, -8.82693036304562e-9, -6.803821545352764e-9, 2.259813292886579e-6, 9.780452039065328e-6, 7.220202073956946e-5, 0.001265269184997017, 0.001580786757933049, 0.0021547039351571713, 0.003200870885984728, 0.0038504686697655144, 0.004729329536296304, 0.0060273846690058735, 0.0066517931972638845, 0.00795777926634524, 0.00897542614237694, 0.010739729378201628, 0.011753167886175662, 0.012339384013434424, 0.01281650547980622, 0.01586385856845779, 0.016863321392644025, 0.4519203761277607].
└ @ AlgorithmAnalysis S:\Research Material\CSE\MU\Project\1Code\AlgorithmAnalysis.jl\1CPU\src\interpolation.jl:303
┌ Warning: Gram matrix is not positive semidefinite; eigenvalues are [-1.5780331854150347e-6, -8.214944042767006e-8, -3.0897464344605155e-8, -2.8019513562528456e-8, -1.4334228847380678e-8, -8.826930363232733e-9, -6.803821545313627e-9, 2.2598132928866104e-6, 9.780452039067608e-6, 7.220202073957038e-5, 0.0012652691849970171, 0.001580786757933047, 0.0021547039351571726, 0.003200870885984723, 0.0038504686697655105, 0.00472932953629629, 0.006027384669005875, 0.0066517931972638784, 0.007957779266345218, 0.00897542614237696, 0.010739729378201647, 0.011753167886175668, 0.01233938401343443, 0.012816505479806194, 0.015863858568457827, 0.016863321392644043, 0.4519203761277605].
└ @ AlgorithmAnalysis S:\Research Material\CSE\MU\Project\1Code\AlgorithmAnalysis.jl\1CPU\src\interpolation.jl:303
┌ Warning: Gram matrix is not positive semidefinite; eigenvalues are [-1.5780331854149328e-6, -8.21494404277036e-8, -3.089746434542086e-8, -2.8019513564129375e-8, -1.4334228847372226e-8, -8.826930363055953e-9, -6.803821544243062e-9, 2.2598132928870327e-6, 9.780452039068027e-6, 7.220202073957564e-5, 0.0012652691849970236, 0.0015807867579330501, 0.002154703935157173, 0.0032008708859847207, 0.003850468669765511, 0.004729329536296301, 0.006027384669005879, 0.0066517931972638845, 0.007957779266345234, 0.00897542614237695, 0.010739729378201654, 0.011753167886175664, 0.012339384013434441, 0.012816505479806221, 0.0158638585684578, 0.0168633213926441, 0.45192037612776054].
└ @ AlgorithmAnalysis S:\Research Material\CSE\MU\Project\1Code\AlgorithmAnalysis.jl\1CPU\src\interpolation.jl:303
┌ Warning: Gram matrix is not positive semidefinite; eigenvalues are [-1.5780331854148712e-6, -8.214944042757601e-8, -3.0897464344542236e-8, -2.801951356173616e-8, -1.4334228847586562e-8, -8.826930363015611e-9, -6.803821545258201e-9, 2.259813292876551e-6, 9.78045203907418e-6, 7.220202073956177e-5, 0.0012652691849970186, 0.0015807867579330482, 0.002154703935157163, 0.0032008708859847168, 0.0038504686697654993, 0.004729329536296291, 0.006027384669005868, 0.006651793197263891, 0.007957779266345222, 0.008975426142376924, 0.01073972937820163, 0.011753167886175645, 0.01233938401343441, 0.012816505479806206, 0.015863858568457796, 0.016863321392644064, 0.4519203761277608].
└ @ AlgorithmAnalysis S:\Research Material\CSE\MU\Project\1Code\AlgorithmAnalysis.jl\1CPU\src\interpolation.jl:303
┌ Warning: Gram matrix is not positive semidefinite; eigenvalues are [-1.5780331854153699e-6, -8.214944042786434e-8, -3.089746434339613e-8, -2.8019513563378083e-8, -1.4334228848118183e-8, -8.826930363229356e-9, -6.803821545328594e-9, 2.2598132928855262e-6, 9.780452039067995e-6, 7.220202073956807e-5, 0.0012652691849970137, 0.00158078675793305, 0.0021547039351571683, 0.003200870885984725, 0.003850468669765507, 0.00472932953629629, 0.006027384669005878, 0.0066517931972639045, 0.007957779266345243, 0.008975426142376949, 0.010739729378201623, 0.011753167886175635, 0.01233938401343441, 0.01281650547980621, 0.01586385856845782, 0.016863321392644022, 0.4519203761277606].
└ @ AlgorithmAnalysis S:\Research Material\CSE\MU\Project\1Code\AlgorithmAnalysis.jl\1CPU\src\interpolation.jl:303
┌ Warning: Gram matrix is not positive semidefinite; eigenvalues are [-1.57803318541518e-6, -8.214944042746199e-8, -3.0897464343398106e-8, -2.801951356007535e-8, -1.4334228847042914e-8, -8.826930363403064e-9, -6.803821544836855e-9, 2.2598132928864114e-6, 9.780452039067e-6, 7.22020207395681e-5, 0.0012652691849970143, 0.0015807867579330484, 0.0021547039351571752, 0.003200870885984726, 0.0038504686697655045, 0.004729329536296306, 0.006027384669005889, 0.006651793197263891, 0.0079577792663452, 0.008975426142376947, 0.01073972937820167, 0.01175316788617569, 0.012339384013434434, 0.012816505479806234, 0.015863858568457824, 0.016863321392644043, 0.45192037612776037].
└ @ AlgorithmAnalysis S:\Research Material\CSE\MU\Project\1Code\AlgorithmAnalysis.jl\1CPU\src\interpolation.jl:303
[ Info: Objective value: 1.902208291296717e-5
[ Info: Analysis complete! Use `evaluate()` to obtain the value of any expression in the algorithm.
------ BENCHMARKING RESULTS ------
Setup Time: 0.020497 seconds
Algorithm Computation Time: 14.6527796 seconds
Optimization Time: 3.380113 seconds
RAM Usage: 1.759036 MB
Threads Used: 1
----- END OF RESULTS -----
