[ Info: PERFORMANCE ESTIMATION
[ Info: Maximizing the performance measure performance
[ Info: Algorithmic objects
[ Info:  ⋅ Variables
[ Info:    ⋅ 27 variables in Rⁿ
[ Info:    ⋅ 729 variables in R
[ Info:  ⋅ Constraints
[ Info:    ⋅ 22 Semidefinite
[ Info:    ⋅ 26 Positive
[ Info:  ⋅ Oracles
[ Info:    ⋅ 27 LinearFunctional{Rⁿ}
[ Info:    ⋅ 1 Map{Rⁿ, Rⁿ}
[ Info: Setting up the optimization problem
[ Info:   ✓ variables
[ Info:   ✓ objective
[ Info:   ✓ constraints
[ Info: Termination status: OPTIMAL
[ Info: Assigning values to original variables
┌ Warning: Gram matrix is not positive semidefinite; eigenvalues are [-3.4372082204708813e-6, -2.20263376937604e-7, -1.4481235001083687e-7, -4.424864965140698e-8, -2.2178675624353e-8, -1.4314765790423425e-8, -1.0860498771569716e-8, -8.934645151001547e-9, 3.319883718765794e-8, 3.2911236032067047e-6, 1.5349225921353296e-5, 0.0009605961858529269, 0.0016576363342639892, 0.002936144778125328, 0.0035807335733194097, 0.004676869770102353, 0.005622931508144861, 0.006165907546460799, 0.007517401835847472, 0.008557326019453783, 0.010192244475442458, 0.011383678548021884, 0.012177695181212618, 0.01242735484477954, 0.015065572195533021, 0.015339025837177616, 0.47703791812075313].
└ @ AlgorithmAnalysis S:\Research Material\CSE\MU\Project\1Code\AlgorithmAnalysis.jl\1CPU\src\interpolation.jl:303
┌ Warning: Gram matrix is not positive semidefinite; eigenvalues are [-3.437208220477738e-6, -2.2026337693661037e-7, -1.448123500105618e-7, -4.4248649651476994e-8, -2.217867562459375e-8, -1.4314765789893607e-8, -1.0860498771189259e-8, -8.93464515153675e-9, 3.319883719415491e-8, 3.291123603204837e-6, 1.5349225921348562e-5, 0.0009605961858529712, 0.0016576363342639846, 0.0029361447781253267, 0.0035807335733194084, 0.0046768697701023475, 0.0056229315081448746, 0.006165907546460808, 0.007517401835847476, 0.008557326019453788, 0.010192244475442475, 0.011383678548021869, 0.012177695181212632, 0.01242735484477955, 0.015065572195533014, 0.015339025837177599, 0.47703791812075325].
└ @ AlgorithmAnalysis S:\Research Material\CSE\MU\Project\1Code\AlgorithmAnalysis.jl\1CPU\src\interpolation.jl:303
┌ Warning: Gram matrix is not positive semidefinite; eigenvalues are [-3.4372082204707255e-6, -2.2026337693714937e-7, -1.4481235001108879e-7, -4.424864965152107e-8, -2.2178675624544214e-8, -1.4314765790319491e-8, -1.086049877148759e-8, -8.934645150868926e-9, 3.319883719344885e-8, 3.2911236032060927e-6, 1.5349225921354617e-5, 0.0009605961858529743, 0.00165763633426399, 0.0029361447781253314, 0.0035807335733194093, 0.004676869770102356, 0.005622931508144863, 0.006165907546460797, 0.00751740183584747, 0.008557326019453774, 0.010192244475442471, 0.011383678548021869, 0.012177695181212613, 0.012427354844779538, 0.015065572195533014, 0.015339025837177585, 0.47703791812075247].
└ @ AlgorithmAnalysis S:\Research Material\CSE\MU\Project\1Code\AlgorithmAnalysis.jl\1CPU\src\interpolation.jl:303
┌ Warning: Gram matrix is not positive semidefinite; eigenvalues are [-3.4372082204699212e-6, -2.202633769332362e-7, -1.4481235001088439e-7, -4.424864965169113e-8, -2.2178675624064605e-8, -1.4314765791022337e-8, -1.0860498772214053e-8, -8.934645150978497e-9, 3.3198837193327524e-8, 3.291123603206436e-6, 1.5349225921355864e-5, 0.0009605961858529712, 0.001657636334263988, 0.002936144778125333, 0.0035807335733194115, 0.004676869770102353, 0.005622931508144864, 0.006165907546460796, 0.007517401835847485, 0.00855732601945378, 0.010192244475442447, 0.011383678548021858, 0.012177695181212632, 0.01242735484477955, 0.015065572195533034, 0.015339025837177597, 0.47703791812075286].
└ @ AlgorithmAnalysis S:\Research Material\CSE\MU\Project\1Code\AlgorithmAnalysis.jl\1CPU\src\interpolation.jl:303
┌ Warning: Gram matrix is not positive semidefinite; eigenvalues are [-3.437208220470822e-6, -2.202633769374029e-7, -1.4481235001056317e-7, -4.4248649651428296e-8, -2.2178675624540327e-8, -1.431476579034387e-8, -1.0860498771528388e-8, -8.934645150848415e-9, 3.319883719418132e-8, 3.2911236032065836e-6, 1.5349225921355437e-5, 0.0009605961858529705, 0.0016576363342639916, 0.002936144778125328, 0.003580733573319414, 0.004676869770102349, 0.005622931508144866, 0.006165907546460805, 0.007517401835847471, 0.008557326019453781, 0.010192244475442471, 0.01138367854802184, 0.012177695181212598, 0.01242735484477955, 0.015065572195533, 0.015339025837177608, 0.47703791812075325].
└ @ AlgorithmAnalysis S:\Research Material\CSE\MU\Project\1Code\AlgorithmAnalysis.jl\1CPU\src\interpolation.jl:303
┌ Warning: Gram matrix is not positive semidefinite; eigenvalues are [-3.437208220472764e-6, -2.2026337693674978e-7, -1.4481235001089002e-7, -4.4248649651789615e-8, -2.2178675624777718e-8, -1.4314765790561245e-8, -1.0860498771646182e-8, -8.934645150997425e-9, 3.319883719272222e-8, 3.291123603206086e-6, 1.534922592135633e-5, 0.0009605961858529727, 0.0016576363342639896, 0.002936144778125327, 0.003580733573319407, 0.004676869770102346, 0.00562293150814486, 0.006165907546460807, 0.007517401835847493, 0.008557326019453774, 0.010192244475442471, 0.011383678548021891, 0.01217769518121262, 0.012427354844779519, 0.015065572195533044, 0.015339025837177616, 0.47703791812075336].
└ @ AlgorithmAnalysis S:\Research Material\CSE\MU\Project\1Code\AlgorithmAnalysis.jl\1CPU\src\interpolation.jl:303
┌ Warning: Gram matrix is not positive semidefinite; eigenvalues are [-3.437208220471014e-6, -2.2026337693575566e-7, -1.4481235001078354e-7, -4.424864965136295e-8, -2.2178675624526225e-8, -1.4314765790353697e-8, -1.0860498771725265e-8, -8.934645150950623e-9, 3.319883719493978e-8, 3.2911236032065705e-6, 1.5349225921355955e-5, 0.0009605961858529719, 0.00165763633426399, 0.0029361447781253297, 0.0035807335733194167, 0.00467686977010236, 0.005622931508144873, 0.006165907546460802, 0.007517401835847473, 0.008557326019453797, 0.010192244475442478, 0.011383678548021867, 0.012177695181212624, 0.012427354844779538, 0.015065572195532997, 0.0153390258371776, 0.47703791812075275].
└ @ AlgorithmAnalysis S:\Research Material\CSE\MU\Project\1Code\AlgorithmAnalysis.jl\1CPU\src\interpolation.jl:303
┌ Warning: Interpolating oracle not implemented for ∇f
└ @ AlgorithmAnalysis S:\Research Material\CSE\MU\Project\1Code\AlgorithmAnalysis.jl\1CPU\src\interpolation.jl:293
┌ Warning: Gram matrix is not positive semidefinite; eigenvalues are [-3.4372082204699674e-6, -2.2026337693717544e-7, -1.4481235001041804e-7, -4.4248649651287893e-8, -2.217867562464268e-8, -1.431476579050754e-8, -1.0860498771417568e-8, -8.934645150874574e-9, 3.3198837193620716e-8, 3.2911236032056984e-6, 1.5349225921357947e-5, 0.0009605961858529707, 0.0016576363342639881, 0.002936144778125334, 0.003580733573319414, 0.004676869770102352, 0.005622931508144863, 0.0061659075464608045, 0.007517401835847477, 0.00855732601945377, 0.010192244475442442, 0.011383678548021834, 0.012177695181212587, 0.012427354844779581, 0.015065572195533054, 0.015339025837177622, 0.4770379181207533].
└ @ AlgorithmAnalysis S:\Research Material\CSE\MU\Project\1Code\AlgorithmAnalysis.jl\1CPU\src\interpolation.jl:303
┌ Warning: Gram matrix is not positive semidefinite; eigenvalues are [-3.4372082204727986e-6, -2.2026337693173733e-7, -1.4481235001059568e-7, -4.424864965131076e-8, -2.2178675624048138e-8, -1.4314765789653391e-8, -1.0860498770835181e-8, -8.93464515077808e-9, 3.319883719314992e-8, 3.291123603206347e-6, 1.5349225921354935e-5, 0.0009605961858529703, 0.0016576363342639777, 0.0029361447781253284, 0.0035807335733194067, 0.004676869770102348, 0.005622931508144868, 0.006165907546460804, 0.0075174018358474684, 0.00855732601945379, 0.010192244475442437, 0.011383678548021851, 0.012177695181212598, 0.012427354844779524, 0.015065572195533066, 0.015339025837177576, 0.47703791812075363].
└ @ AlgorithmAnalysis S:\Research Material\CSE\MU\Project\1Code\AlgorithmAnalysis.jl\1CPU\src\interpolation.jl:303
┌ Warning: Gram matrix is not positive semidefinite; eigenvalues are [-3.4372082204718864e-6, -2.2026337693631952e-7, -1.4481235001088055e-7, -4.424864965145596e-8, -2.2178675624503994e-8, -1.4314765790491846e-8, -1.0860498771342888e-8, -8.934645150983675e-9, 3.3198837191595044e-8, 3.291123603206619e-6, 1.5349225921354068e-5, 0.0009605961858529854, 0.0016576363342639892, 0.002936144778125332, 0.003580733573319409, 0.004676869770102362, 0.005622931508144865, 0.006165907546460801, 0.007517401835847463, 0.008557326019453783, 0.010192244475442468, 0.011383678548021841, 0.012177695181212604, 0.012427354844779543, 0.01506557219553299, 0.015339025837177622, 0.4770379181207535].
└ @ AlgorithmAnalysis S:\Research Material\CSE\MU\Project\1Code\AlgorithmAnalysis.jl\1CPU\src\interpolation.jl:303
┌ Warning: Gram matrix is not positive semidefinite; eigenvalues are [-3.4372082204708907e-6, -2.2026337692884178e-7, -1.448123500110115e-7, -4.424864965138238e-8, -2.217867562419705e-8, -1.4314765790377047e-8, -1.0860498771243946e-8, -8.934645150983326e-9, 3.319883719559884e-8, 3.2911236032064845e-6, 1.534922592135571e-5, 0.0009605961858529705, 0.0016576363342639862, 0.0029361447781253245, 0.003580733573319404, 0.004676869770102352, 0.005622931508144871, 0.006165907546460794, 0.0075174018358474815, 0.008557326019453785, 0.010192244475442473, 0.01138367854802186, 0.012177695181212625, 0.012427354844779552, 0.015065572195533028, 0.015339025837177596, 0.4770379181207528].
└ @ AlgorithmAnalysis S:\Research Material\CSE\MU\Project\1Code\AlgorithmAnalysis.jl\1CPU\src\interpolation.jl:303
┌ Warning: Gram matrix is not positive semidefinite; eigenvalues are [-3.437208220471765e-6, -2.202633769359046e-7, -1.4481235001061434e-7, -4.4248649650681113e-8, -2.217867562454307e-8, -1.4314765790234085e-8, -1.0860498771546604e-8, -8.934645150929919e-9, 3.3198837192731186e-8, 3.291123603193825e-6, 1.5349225921347685e-5, 0.0009605961858529687, 0.001657636334263984, 0.0029361447781253275, 0.003580733573319408, 0.004676869770102351, 0.005622931508144855, 0.006165907546460813, 0.007517401835847472, 0.008557326019453788, 0.010192244475442466, 0.011383678548021848, 0.012177695181212594, 0.012427354844779541, 0.015065572195533016, 0.015339025837177587, 0.47703791812075336].
└ @ AlgorithmAnalysis S:\Research Material\CSE\MU\Project\1Code\AlgorithmAnalysis.jl\1CPU\src\interpolation.jl:303
┌ Warning: Gram matrix is not positive semidefinite; eigenvalues are [-3.4372082204705946e-6, -2.202633769349489e-7, -1.4481235000971522e-7, -4.4248649650864403e-8, -2.2178675624105868e-8, -1.4314765790225534e-8, -1.0860498771803672e-8, -8.934645150070463e-9, 3.319883719313697e-8, 3.2911236032064023e-6, 1.53492259213553e-5, 0.0009605961858529712, 0.0016576363342639827, 0.002936144778125329, 0.0035807335733194145, 0.004676869770102351, 0.005622931508144862, 0.006165907546460799, 0.007517401835847482, 0.008557326019453788, 0.010192244475442478, 0.011383678548021876, 0.012177695181212615, 0.012427354844779548, 0.015065572195533032, 0.01533902583717759, 0.4770379181207531].
└ @ AlgorithmAnalysis S:\Research Material\CSE\MU\Project\1Code\AlgorithmAnalysis.jl\1CPU\src\interpolation.jl:303
┌ Warning: Gram matrix is not positive semidefinite; eigenvalues are [-3.43720822047806e-6, -2.2026337693672662e-7, -1.4481235001128747e-7, -4.424864965146977e-8, -2.2178675624526195e-8, -1.4314765790561329e-8, -1.0860498772165984e-8, -8.934645151104596e-9, 3.3198837190748335e-8, 3.291123603207062e-6, 1.5349225921336084e-5, 0.0009605961858529745, 0.0016576363342639868, 0.002936144778125328, 0.0035807335733194045, 0.004676869770102352, 0.005622931508144851, 0.006165907546460804, 0.007517401835847464, 0.008557326019453785, 0.010192244475442452, 0.011383678548021848, 0.012177695181212634, 0.012427354844779512, 0.015065572195532999, 0.015339025837177576, 0.47703791812075264].
└ @ AlgorithmAnalysis S:\Research Material\CSE\MU\Project\1Code\AlgorithmAnalysis.jl\1CPU\src\interpolation.jl:303
┌ Warning: Gram matrix is not positive semidefinite; eigenvalues are [-3.4372082204698247e-6, -2.2026337693502567e-7, -1.4481235001048064e-7, -4.424864965118522e-8, -2.2178675624061164e-8, -1.4314765790167654e-8, -1.0860498771572513e-8, -8.934645150880627e-9, 3.319883719498791e-8, 3.2911236032065256e-6, 1.534922592135368e-5, 0.0009605961858529701, 0.001657636334263987, 0.0029361447781253284, 0.003580733573319411, 0.004676869770102353, 0.005622931508144871, 0.006165907546460795, 0.007517401835847478, 0.008557326019453793, 0.010192244475442458, 0.01138367854802185, 0.01217769518121261, 0.012427354844779559, 0.01506557219553303, 0.015339025837177606, 0.47703791812075297].
└ @ AlgorithmAnalysis S:\Research Material\CSE\MU\Project\1Code\AlgorithmAnalysis.jl\1CPU\src\interpolation.jl:303
┌ Warning: Gram matrix is not positive semidefinite; eigenvalues are [-3.4372082204711003e-6, -2.2026337693482382e-7, -1.44812350010582e-7, -4.4248649651498606e-8, -2.2178675624516365e-8, -1.4314765790253896e-8, -1.0860498771916576e-8, -8.934645150975405e-9, 3.3198837197696394e-8, 3.2911236032064074e-6, 1.5349225921354105e-5, 0.0009605961858529977, 0.0016576363342639883, 0.002936144778125335, 0.0035807335733194084, 0.004676869770102352, 0.005622931508144864, 0.006165907546460797, 0.00751740183584748, 0.00855732601945377, 0.010192244475442477, 0.011383678548021869, 0.012177695181212615, 0.012427354844779541, 0.01506557219553302, 0.015339025837177604, 0.47703791812075347].
└ @ AlgorithmAnalysis S:\Research Material\CSE\MU\Project\1Code\AlgorithmAnalysis.jl\1CPU\src\interpolation.jl:303
┌ Warning: Gram matrix is not positive semidefinite; eigenvalues are [-3.437208220470516e-6, -2.202633769356716e-7, -1.44812350010538e-7, -4.424864965172682e-8, -2.2178675624653558e-8, -1.4314765790370097e-8, -1.0860498771970053e-8, -8.934645151174766e-9, 3.3198837200123514e-8, 3.291123603206346e-6, 1.5349225921355647e-5, 0.0009605961858529961, 0.0016576363342639862, 0.002936144778125333, 0.003580733573319403, 0.004676869770102355, 0.005622931508144869, 0.0061659075464608, 0.007517401835847477, 0.008557326019453767, 0.010192244475442452, 0.011383678548021846, 0.012177695181212629, 0.012427354844779567, 0.015065572195533028, 0.015339025837177615, 0.47703791812075347].
└ @ AlgorithmAnalysis S:\Research Material\CSE\MU\Project\1Code\AlgorithmAnalysis.jl\1CPU\src\interpolation.jl:303
┌ Warning: Gram matrix is not positive semidefinite; eigenvalues are [-3.437208220475788e-6, -2.202633769363353e-7, -1.4481235001131526e-7, -4.424864965170165e-8, -2.2178675624200455e-8, -1.4314765790736882e-8, -1.0860498771904471e-8, -8.934645151169204e-9, 3.319883719325965e-8, 3.2911236032053097e-6, 1.5349225921343517e-5, 0.0009605961858529698, 0.001657636334263988, 0.0029361447781253262, 0.003580733573319407, 0.004676869770102347, 0.005622931508144862, 0.006165907546460797, 0.00751740183584748, 0.008557326019453783, 0.010192244475442461, 0.011383678548021877, 0.012177695181212615, 0.01242735484477955, 0.015065572195533023, 0.015339025837177596, 0.47703791812075325].
└ @ AlgorithmAnalysis S:\Research Material\CSE\MU\Project\1Code\AlgorithmAnalysis.jl\1CPU\src\interpolation.jl:303
┌ Warning: Gram matrix is not positive semidefinite; eigenvalues are [-3.4372082204709495e-6, -2.2026337693569194e-7, -1.4481235001062636e-7, -4.4248649651065666e-8, -2.2178675624250823e-8, -1.4314765790301515e-8, -1.0860498771106511e-8, -8.934645150736267e-9, 3.3198837193473405e-8, 3.2911236032064235e-6, 1.5349225921354068e-5, 0.0009605961858529712, 0.0016576363342639914, 0.002936144778125329, 0.0035807335733194084, 0.004676869770102347, 0.005622931508144866, 0.006165907546460789, 0.007517401835847468, 0.008557326019453798, 0.01019224447544247, 0.011383678548021867, 0.012177695181212603, 0.01242735484477954, 0.01506557219553304, 0.015339025837177583, 0.47703791812075297].
└ @ AlgorithmAnalysis S:\Research Material\CSE\MU\Project\1Code\AlgorithmAnalysis.jl\1CPU\src\interpolation.jl:303
┌ Warning: Gram matrix is not positive semidefinite; eigenvalues are [-3.437208220471026e-6, -2.2026337693321607e-7, -1.4481235001126293e-7, -4.424864965166111e-8, -2.2178675624749044e-8, -1.4314765790639655e-8, -1.0860498771718362e-8, -8.934645151073603e-9, 3.319883719644123e-8, 3.2911236032066984e-6, 1.5349225921356582e-5, 0.0009605961858529721, 0.0016576363342639898, 0.002936144778125333, 0.003580733573319401, 0.004676869770102354, 0.00562293150814485, 0.006165907546460803, 0.007517401835847475, 0.008557326019453793, 0.010192244475442478, 0.011383678548021867, 0.012177695181212596, 0.012427354844779553, 0.015065572195533018, 0.015339025837177599, 0.47703791812075313].
└ @ AlgorithmAnalysis S:\Research Material\CSE\MU\Project\1Code\AlgorithmAnalysis.jl\1CPU\src\interpolation.jl:303
┌ Warning: Gram matrix is not positive semidefinite; eigenvalues are [-3.437208220472141e-6, -2.2026337693559679e-7, -1.448123500106304e-7, -4.4248649651455235e-8, -2.2178675624203353e-8, -1.4314765790364803e-8, -1.086049877180161e-8, -8.934645151090208e-9, 3.3198837193153684e-8, 3.291123603211572e-6, 1.5349225921361034e-5, 0.0009605961858529725, 0.0016576363342639868, 0.0029361447781253293, 0.0035807335733194054, 0.004676869770102353, 0.005622931508144856, 0.0061659075464608, 0.007517401835847472, 0.00855732601945378, 0.01019224447544248, 0.01138367854802187, 0.012177695181212636, 0.012427354844779548, 0.015065572195533028, 0.015339025837177585, 0.4770379181207536].
└ @ AlgorithmAnalysis S:\Research Material\CSE\MU\Project\1Code\AlgorithmAnalysis.jl\1CPU\src\interpolation.jl:303
┌ Warning: Gram matrix is not positive semidefinite; eigenvalues are [-3.437208220470951e-6, -2.2026337693298414e-7, -1.448123500107596e-7, -4.424864965185398e-8, -2.2178675624325283e-8, -1.431476579046371e-8, -1.0860498771269734e-8, -8.934645150811549e-9, 3.3198837194885826e-8, 3.2911236032064028e-6, 1.5349225921351873e-5, 0.0009605961858529771, 0.0016576363342639868, 0.0029361447781253262, 0.0035807335733194124, 0.0046768697701023605, 0.0056229315081448685, 0.006165907546460805, 0.0075174018358474615, 0.008557326019453783, 0.010192244475442461, 0.01138367854802184, 0.012177695181212592, 0.012427354844779534, 0.015065572195533044, 0.015339025837177627, 0.47703791812075325].
└ @ AlgorithmAnalysis S:\Research Material\CSE\MU\Project\1Code\AlgorithmAnalysis.jl\1CPU\src\interpolation.jl:303
┌ Warning: Gram matrix is not positive semidefinite; eigenvalues are [-3.4372082204709817e-6, -2.2026337693184027e-7, -1.448123500103539e-7, -4.424864965127669e-8, -2.2178675624113852e-8, -1.431476579023504e-8, -1.086049877126487e-8, -8.934645150857092e-9, 3.3198837193116216e-8, 3.291123603205906e-6, 1.5349225921355437e-5, 0.00096059618585297, 0.0016576363342639836, 0.002936144778125333, 0.003580733573319408, 0.004676869770102348, 0.005622931508144862, 0.006165907546460801, 0.007517401835847479, 0.008557326019453786, 0.01019224447544246, 0.01138367854802189, 0.012177695181212644, 0.012427354844779573, 0.015065572195533014, 0.015339025837177622, 0.4770379181207534].
└ @ AlgorithmAnalysis S:\Research Material\CSE\MU\Project\1Code\AlgorithmAnalysis.jl\1CPU\src\interpolation.jl:303
┌ Warning: Gram matrix is not positive semidefinite; eigenvalues are [-3.4372082204703943e-6, -2.202633769380296e-7, -1.4481235001069894e-7, -4.424864965155675e-8, -2.217867562448103e-8, -1.4314765790374363e-8, -1.086049877135848e-8, -8.934645150935173e-9, 3.319883719026994e-8, 3.291123603206567e-6, 1.5349225921354898e-5, 0.0009605961858529723, 0.0016576363342639896, 0.0029361447781253306, 0.003580733573319412, 0.004676869770102356, 0.005622931508144862, 0.006165907546460806, 0.007517401835847486, 0.008557326019453786, 0.01019224447544246, 0.011383678548021879, 0.012177695181212634, 0.012427354844779488, 0.015065572195533014, 0.01533902583717765, 0.47703791812075275].
└ @ AlgorithmAnalysis S:\Research Material\CSE\MU\Project\1Code\AlgorithmAnalysis.jl\1CPU\src\interpolation.jl:303
┌ Warning: Gram matrix is not positive semidefinite; eigenvalues are [-3.437208220469776e-6, -2.2026337693417062e-7, -1.4481235001026288e-7, -4.424864965115237e-8, -2.217867562482415e-8, -1.431476578997296e-8, -1.0860498771624445e-8, -8.934645150694129e-9, 3.319883719439805e-8, 3.2911236032061597e-6, 1.5349225921353262e-5, 0.0009605961858529692, 0.0016576363342639894, 0.002936144778125331, 0.003580733573319405, 0.0046768697701023544, 0.005622931508144858, 0.006165907546460797, 0.007517401835847475, 0.008557326019453795, 0.010192244475442471, 0.011383678548021858, 0.012177695181212625, 0.012427354844779543, 0.015065572195533032, 0.015339025837177571, 0.47703791812075286].
└ @ AlgorithmAnalysis S:\Research Material\CSE\MU\Project\1Code\AlgorithmAnalysis.jl\1CPU\src\interpolation.jl:303
┌ Warning: Gram matrix is not positive semidefinite; eigenvalues are [-3.437208220469429e-6, -2.2026337693186793e-7, -1.4481235001127397e-7, -4.424864965137274e-8, -2.2178675623923343e-8, -1.4314765789825127e-8, -1.0860498772062355e-8, -8.93464515121082e-9, 3.319883719420728e-8, 3.291123603206559e-6, 1.5349225921353895e-5, 0.0009605961858529758, 0.0016576363342639872, 0.002936144778125332, 0.003580733573319406, 0.004676869770102344, 0.005622931508144869, 0.006165907546460794, 0.007517401835847473, 0.008557326019453783, 0.010192244475442465, 0.011383678548021855, 0.012177695181212596, 0.012427354844779545, 0.015065572195533032, 0.015339025837177606, 0.4770379181207531].
└ @ AlgorithmAnalysis S:\Research Material\CSE\MU\Project\1Code\AlgorithmAnalysis.jl\1CPU\src\interpolation.jl:303
┌ Warning: Gram matrix is not positive semidefinite; eigenvalues are [-3.4372082204709927e-6, -2.2026337693545483e-7, -1.4481235001076588e-7, -4.424864965133245e-8, -2.2178675624794092e-8, -1.4314765790378708e-8, -1.0860498771587566e-8, -8.934645150783207e-9, 3.3198837192285687e-8, 3.2911236032063354e-6, 1.5349225921354105e-5, 0.0009605961858529712, 0.001657636334263994, 0.0029361447781253366, 0.0035807335733194176, 0.004676869770102347, 0.005622931508144875, 0.006165907546460804, 0.007517401835847469, 0.008557326019453792, 0.010192244475442452, 0.01138367854802185, 0.01217769518121262, 0.012427354844779534, 0.015065572195533013, 0.015339025837177592, 0.4770379181207531].
└ @ AlgorithmAnalysis S:\Research Material\CSE\MU\Project\1Code\AlgorithmAnalysis.jl\1CPU\src\interpolation.jl:303
[ Info: Objective value: 2.5644372004288492e-5
[ Info: Analysis complete! Use `evaluate()` to obtain the value of any expression in the algorithm.
------ BENCHMARKING RESULTS ------
Setup Time: 0.017574 seconds
Algorithm Computation Time: 15.8365416 seconds
Optimization Time: 4.1153137 seconds
RAM Usage: 1.917236 MB
Threads Used: 1
----- END OF RESULTS -----
