[ Info: PERFORMANCE ESTIMATION
[ Info: Maximizing the performance measure performance
[ Info: Algorithmic objects
[ Info:  ⋅ Variables
[ Info:    ⋅ 19 variables in Rⁿ
[ Info:    ⋅ 361 variables in R
[ Info:  ⋅ Constraints
[ Info:    ⋅ 13 Semidefinite
[ Info:    ⋅ 18 Positive
[ Info:  ⋅ Oracles
[ Info:    ⋅ 19 LinearFunctional{Rⁿ}
[ Info:    ⋅ 1 Map{Rⁿ, Rⁿ}
[ Info: Setting up the optimization problem
[ Info:   ✓ variables
[ Info:   ✓ objective
[ Info:   ✓ constraints
[ Info: Termination status: OPTIMAL
[ Info: Assigning values to original variables
┌ Warning: Interpolating oracle not implemented for ∇f
└ @ AlgorithmAnalysis S:\Research Material\CSE\MU\Project\1Code\AlgorithmAnalysis.jl\1CPU\src\interpolation.jl:293
[ Info: Objective value: 0.0010775520217858846
[ Info: Analysis complete! Use `evaluate()` to obtain the value of any expression in the algorithm.
------ BENCHMARKING RESULTS ------
Setup Time: 0.0066661 seconds
Algorithm Computation Time: 4.1548469 seconds
Optimization Time: 1.8037571 seconds
RAM Usage: 0.808924 MB
Threads Used: 1
----- END OF RESULTS -----
