[ Info: PERFORMANCE ESTIMATION
[ Info: Maximizing the performance measure performance
[ Info: Algorithmic objects
[ Info:  ⋅ Variables
[ Info:    ⋅ 17 variables in Rⁿ
[ Info:    ⋅ 289 variables in R
[ Info:  ⋅ Constraints
[ Info:    ⋅ 17 Semidefinite
[ Info:    ⋅ 16 Positive
[ Info:  ⋅ Oracles
[ Info:    ⋅ 17 LinearFunctional{Rⁿ}
[ Info:    ⋅ 1 Map{Rⁿ, Rⁿ}
[ Info: Setting up the optimization problem
[ Info:   ✓ variables
[ Info:   ✓ objective
[ Info:   ✓ constraints
[ Info: Termination status: OPTIMAL
[ Info: Assigning values to original variables
┌ Warning: Interpolating oracle not implemented for ∇f
└ @ AlgorithmAnalysis S:\Research Material\CSE\MU\Project\1Code\AlgorithmAnalysis.jl\1CPU\src\interpolation.jl:293
[ Info: Objective value: 0.002429542425475162
[ Info: Analysis complete! Use `evaluate()` to obtain the value of any expression in the algorithm.
------ BENCHMARKING RESULTS ------
Setup Time: 1.4477585 seconds
Algorithm Computation Time: 14.4432092 seconds
Optimization Time: 3.7800475 seconds
RAM Usage: 0.653752 MB
Threads Used: 1
----- END OF RESULTS -----
