[ Info: PERFORMANCE ESTIMATION
[ Info: Maximizing the performance measure performance
[ Info: Algorithmic objects
[ Info:  ⋅ Variables
[ Info:    ⋅ 12 variables in Rⁿ
[ Info:    ⋅ 144 variables in R
[ Info:  ⋅ Constraints
[ Info:    ⋅ 2 Semidefinite
[ Info:    ⋅ 11 Positive
[ Info:  ⋅ Oracles
[ Info:    ⋅ 12 LinearFunctional{Rⁿ}
[ Info:    ⋅ 1 Map{Rⁿ, Rⁿ}
[ Info: Setting up the optimization problem
[ Info:   ✓ variables
[ Info:   ✓ objective
[ Info:   ✓ constraints
[ Info: Termination status: OPTIMAL
[ Info: Assigning values to original variables
┌ Warning: Interpolating oracle not implemented for ∇f
└ @ AlgorithmAnalysis S:\Research Material\CSE\MU\Project\1Code\AlgorithmAnalysis.jl\1CPU\src\interpolation.jl:293
[ Info: Objective value: 0.01807105918357297
[ Info: Analysis complete! Use `evaluate()` to obtain the value of any expression in the algorithm.
------ BENCHMARKING RESULTS ------
Setup Time: 0.0014995 seconds
Algorithm Computation Time: 0.2883758 seconds
Optimization Time: 0.007005 seconds
RAM Usage: 0.240895 MB
Threads Used: 1
----- END OF RESULTS -----
